[3.550s] Invoking command in '/home/aavui/Desktop/User-Interface/ros2_ws/src/maincar': PYTHONPATH=/home/aavui/Desktop/User-Interface/ros2_ws/build/maincar/prefix_override:/usr/lib/python3/dist-packages/colcon_core/task/python/colcon_distutils_commands:/home/aavui/Desktop/User-Interface/ros2_ws/install/maincar/lib/python3.10/site-packages:${PYTHONPATH} /usr/bin/python3 -W ignore:setup.py install is deprecated -W ignore:easy_install command is deprecated setup.py egg_info --egg-base ../../build/maincar build --build-base /home/aavui/Desktop/User-Interface/ros2_ws/build/maincar/build install --record /home/aavui/Desktop/User-Interface/ros2_ws/build/maincar/install.log --single-version-externally-managed install_data
[4.732s] running egg_info
[4.735s] writing ../../build/maincar/maincar.egg-info/PKG-INFO
[4.738s] writing dependency_links to ../../build/maincar/maincar.egg-info/dependency_links.txt
[4.739s] writing entry points to ../../build/maincar/maincar.egg-info/entry_points.txt
[4.740s] writing requirements to ../../build/maincar/maincar.egg-info/requires.txt
[4.741s] writing top-level names to ../../build/maincar/maincar.egg-info/top_level.txt
[4.753s] reading manifest file '../../build/maincar/maincar.egg-info/SOURCES.txt'
[4.759s] writing manifest file '../../build/maincar/maincar.egg-info/SOURCES.txt'
[4.760s] running build
[4.760s] running build_py
[4.765s] running install
[4.766s] running install_lib
[4.774s] running install_data
[4.775s] copying launch/launch.py -> /home/aavui/Desktop/User-Interface/ros2_ws/install/maincar/share/maincar/launch
[4.776s] running install_egg_info
[4.784s] removing '/home/aavui/Desktop/User-Interface/ros2_ws/install/maincar/lib/python3.10/site-packages/maincar-0.0.0-py3.10.egg-info' (and everything under it)
[4.786s] Copying ../../build/maincar/maincar.egg-info to /home/aavui/Desktop/User-Interface/ros2_ws/install/maincar/lib/python3.10/site-packages/maincar-0.0.0-py3.10.egg-info
[4.792s] running install_scripts
[4.873s] Installing ui_flask script to /home/aavui/Desktop/User-Interface/ros2_ws/install/maincar/lib/maincar
[4.874s] Installing ui_mock_publish script to /home/aavui/Desktop/User-Interface/ros2_ws/install/maincar/lib/maincar
[4.876s] writing list of installed files to '/home/aavui/Desktop/User-Interface/ros2_ws/build/maincar/install.log'
[5.004s] Invoked command in '/home/aavui/Desktop/User-Interface/ros2_ws/src/maincar' returned '0': PYTHONPATH=/home/aavui/Desktop/User-Interface/ros2_ws/build/maincar/prefix_override:/usr/lib/python3/dist-packages/colcon_core/task/python/colcon_distutils_commands:/home/aavui/Desktop/User-Interface/ros2_ws/install/maincar/lib/python3.10/site-packages:${PYTHONPATH} /usr/bin/python3 -W ignore:setup.py install is deprecated -W ignore:easy_install command is deprecated setup.py egg_info --egg-base ../../build/maincar build --build-base /home/aavui/Desktop/User-Interface/ros2_ws/build/maincar/build install --record /home/aavui/Desktop/User-Interface/ros2_ws/build/maincar/install.log --single-version-externally-managed install_data
