[0.384s] DEBUG:colcon:Command line arguments: ['/usr/bin/colcon', 'build']
[0.384s] DEBUG:colcon:Parsed command line arguments: Namespace(log_base=None, log_level=None, verb_name='build', build_base='build', install_base='install', merge_install=False, symlink_install=False, test_result_base=None, continue_on_error=False, executor='parallel', parallel_workers=16, event_handlers=None, ignore_user_meta=False, metas=['./colcon.meta'], base_paths=['.'], packages_ignore=None, packages_ignore_regex=None, paths=None, packages_up_to=None, packages_up_to_regex=None, packages_above=None, packages_above_and_dependencies=None, packages_above_depth=None, packages_select_by_dep=None, packages_skip_by_dep=None, packages_skip_up_to=None, packages_select_build_failed=False, packages_skip_build_finished=False, packages_select_test_failures=False, packages_skip_test_passed=False, packages_select=None, packages_skip=None, packages_select_regex=None, packages_skip_regex=None, packages_start=None, packages_end=None, allow_overriding=[], cmake_args=None, cmake_target=None, cmake_target_skip_unavailable=False, cmake_clean_cache=False, cmake_clean_first=False, cmake_force_configure=False, ament_cmake_args=None, catkin_cmake_args=None, catkin_skip_building_tests=False, verb_parser=<colcon_defaults.argument_parser.defaults.DefaultArgumentsDecorator object at 0x721c1c8c7ac0>, verb_extension=<colcon_core.verb.build.BuildVerb object at 0x721c1c8c71c0>, main=<bound method BuildVerb.main of <colcon_core.verb.build.BuildVerb object at 0x721c1c8c71c0>>)
[0.596s] Level 1:colcon.colcon_core.package_discovery:discover_packages(colcon_meta) check parameters
[0.596s] Level 1:colcon.colcon_core.package_discovery:discover_packages(recursive) check parameters
[0.596s] Level 1:colcon.colcon_core.package_discovery:discover_packages(ignore) check parameters
[0.596s] Level 1:colcon.colcon_core.package_discovery:discover_packages(path) check parameters
[0.596s] Level 1:colcon.colcon_core.package_discovery:discover_packages(colcon_meta) discover
[0.596s] Level 1:colcon.colcon_core.package_discovery:discover_packages(recursive) discover
[0.596s] INFO:colcon.colcon_core.package_discovery:Crawling recursively for packages in '/home/alextempel/code/ui/User-Interface/ros2_ws'
[0.596s] Level 1:colcon.colcon_core.package_identification:_identify(.) by extensions ['ignore', 'ignore_ament_install']
[0.596s] Level 1:colcon.colcon_core.package_identification:_identify(.) by extension 'ignore'
[0.596s] Level 1:colcon.colcon_core.package_identification:_identify(.) by extension 'ignore_ament_install'
[0.596s] Level 1:colcon.colcon_core.package_identification:_identify(.) by extensions ['colcon_pkg']
[0.596s] Level 1:colcon.colcon_core.package_identification:_identify(.) by extension 'colcon_pkg'
[0.596s] Level 1:colcon.colcon_core.package_identification:_identify(.) by extensions ['colcon_meta']
[0.596s] Level 1:colcon.colcon_core.package_identification:_identify(.) by extension 'colcon_meta'
[0.596s] Level 1:colcon.colcon_core.package_identification:_identify(.) by extensions ['ros']
[0.596s] Level 1:colcon.colcon_core.package_identification:_identify(.) by extension 'ros'
[0.609s] Level 1:colcon.colcon_core.package_identification:_identify(.) by extensions ['cmake', 'python']
[0.609s] Level 1:colcon.colcon_core.package_identification:_identify(.) by extension 'cmake'
[0.609s] Level 1:colcon.colcon_core.package_identification:_identify(.) by extension 'python'
[0.609s] Level 1:colcon.colcon_core.package_identification:_identify(.) by extensions ['python_setup_py']
[0.609s] Level 1:colcon.colcon_core.package_identification:_identify(.) by extension 'python_setup_py'
[0.609s] Level 1:colcon.colcon_core.package_identification:_identify(build) by extensions ['ignore', 'ignore_ament_install']
[0.610s] Level 1:colcon.colcon_core.package_identification:_identify(build) by extension 'ignore'
[0.610s] Level 1:colcon.colcon_core.package_identification:_identify(build) ignored
[0.610s] Level 1:colcon.colcon_core.package_identification:_identify(install) by extensions ['ignore', 'ignore_ament_install']
[0.610s] Level 1:colcon.colcon_core.package_identification:_identify(install) by extension 'ignore'
[0.610s] Level 1:colcon.colcon_core.package_identification:_identify(install) ignored
[0.610s] Level 1:colcon.colcon_core.package_identification:_identify(log) by extensions ['ignore', 'ignore_ament_install']
[0.610s] Level 1:colcon.colcon_core.package_identification:_identify(log) by extension 'ignore'
[0.610s] Level 1:colcon.colcon_core.package_identification:_identify(log) ignored
[0.610s] Level 1:colcon.colcon_core.package_identification:_identify(src) by extensions ['ignore', 'ignore_ament_install']
[0.610s] Level 1:colcon.colcon_core.package_identification:_identify(src) by extension 'ignore'
[0.610s] Level 1:colcon.colcon_core.package_identification:_identify(src) by extension 'ignore_ament_install'
[0.610s] Level 1:colcon.colcon_core.package_identification:_identify(src) by extensions ['colcon_pkg']
[0.610s] Level 1:colcon.colcon_core.package_identification:_identify(src) by extension 'colcon_pkg'
[0.610s] Level 1:colcon.colcon_core.package_identification:_identify(src) by extensions ['colcon_meta']
[0.610s] Level 1:colcon.colcon_core.package_identification:_identify(src) by extension 'colcon_meta'
[0.610s] Level 1:colcon.colcon_core.package_identification:_identify(src) by extensions ['ros']
[0.610s] Level 1:colcon.colcon_core.package_identification:_identify(src) by extension 'ros'
[0.610s] Level 1:colcon.colcon_core.package_identification:_identify(src) by extensions ['cmake', 'python']
[0.610s] Level 1:colcon.colcon_core.package_identification:_identify(src) by extension 'cmake'
[0.610s] Level 1:colcon.colcon_core.package_identification:_identify(src) by extension 'python'
[0.610s] Level 1:colcon.colcon_core.package_identification:_identify(src) by extensions ['python_setup_py']
[0.610s] Level 1:colcon.colcon_core.package_identification:_identify(src) by extension 'python_setup_py'
[0.611s] Level 1:colcon.colcon_core.package_identification:_identify(src/maincar) by extensions ['ignore', 'ignore_ament_install']
[0.611s] Level 1:colcon.colcon_core.package_identification:_identify(src/maincar) by extension 'ignore'
[0.611s] Level 1:colcon.colcon_core.package_identification:_identify(src/maincar) by extension 'ignore_ament_install'
[0.611s] Level 1:colcon.colcon_core.package_identification:_identify(src/maincar) by extensions ['colcon_pkg']
[0.611s] Level 1:colcon.colcon_core.package_identification:_identify(src/maincar) by extension 'colcon_pkg'
[0.611s] Level 1:colcon.colcon_core.package_identification:_identify(src/maincar) by extensions ['colcon_meta']
[0.611s] Level 1:colcon.colcon_core.package_identification:_identify(src/maincar) by extension 'colcon_meta'
[0.611s] Level 1:colcon.colcon_core.package_identification:_identify(src/maincar) by extensions ['ros']
[0.611s] Level 1:colcon.colcon_core.package_identification:_identify(src/maincar) by extension 'ros'
[0.614s] DEBUG:colcon.colcon_core.package_identification:Package 'src/maincar' with type 'ros.ament_python' and name 'maincar'
[0.614s] Level 1:colcon.colcon_core.package_identification:_identify(src/rtos) by extensions ['ignore', 'ignore_ament_install']
[0.614s] Level 1:colcon.colcon_core.package_identification:_identify(src/rtos) by extension 'ignore'
[0.614s] Level 1:colcon.colcon_core.package_identification:_identify(src/rtos) by extension 'ignore_ament_install'
[0.614s] Level 1:colcon.colcon_core.package_identification:_identify(src/rtos) by extensions ['colcon_pkg']
[0.615s] Level 1:colcon.colcon_core.package_identification:_identify(src/rtos) by extension 'colcon_pkg'
[0.615s] Level 1:colcon.colcon_core.package_identification:_identify(src/rtos) by extensions ['colcon_meta']
[0.615s] Level 1:colcon.colcon_core.package_identification:_identify(src/rtos) by extension 'colcon_meta'
[0.615s] Level 1:colcon.colcon_core.package_identification:_identify(src/rtos) by extensions ['ros']
[0.615s] Level 1:colcon.colcon_core.package_identification:_identify(src/rtos) by extension 'ros'
[0.615s] DEBUG:colcon.colcon_core.package_identification:Package 'src/rtos' with type 'ros.ament_cmake' and name 'rtos'
[0.615s] Level 1:colcon.colcon_core.package_discovery:discover_packages(recursive) using defaults
[0.615s] Level 1:colcon.colcon_core.package_discovery:discover_packages(ignore) discover
[0.615s] Level 1:colcon.colcon_core.package_discovery:discover_packages(ignore) using defaults
[0.615s] Level 1:colcon.colcon_core.package_discovery:discover_packages(path) discover
[0.615s] Level 1:colcon.colcon_core.package_discovery:discover_packages(path) using defaults
[0.644s] Level 1:colcon.colcon_core.package_discovery:discover_packages(prefix_path) check parameters
[0.644s] Level 1:colcon.colcon_core.package_discovery:discover_packages(prefix_path) discover
[0.647s] DEBUG:colcon.colcon_installed_package_information.package_discovery:Found 1 installed packages in /home/alextempel/ros2_ws/install
[0.648s] DEBUG:colcon.colcon_installed_package_information.package_discovery:Found 272 installed packages in /opt/ros/humble
[0.658s] Level 1:colcon.colcon_core.package_discovery:discover_packages(prefix_path) using defaults
[0.684s] Level 5:colcon.colcon_core.verb:set package 'maincar' build argument 'cmake_args' from command line to 'None'
[0.684s] Level 5:colcon.colcon_core.verb:set package 'maincar' build argument 'cmake_target' from command line to 'None'
[0.684s] Level 5:colcon.colcon_core.verb:set package 'maincar' build argument 'cmake_target_skip_unavailable' from command line to 'False'
[0.684s] Level 5:colcon.colcon_core.verb:set package 'maincar' build argument 'cmake_clean_cache' from command line to 'False'
[0.684s] Level 5:colcon.colcon_core.verb:set package 'maincar' build argument 'cmake_clean_first' from command line to 'False'
[0.684s] Level 5:colcon.colcon_core.verb:set package 'maincar' build argument 'cmake_force_configure' from command line to 'False'
[0.684s] Level 5:colcon.colcon_core.verb:set package 'maincar' build argument 'ament_cmake_args' from command line to 'None'
[0.684s] Level 5:colcon.colcon_core.verb:set package 'maincar' build argument 'catkin_cmake_args' from command line to 'None'
[0.684s] Level 5:colcon.colcon_core.verb:set package 'maincar' build argument 'catkin_skip_building_tests' from command line to 'False'
[0.684s] DEBUG:colcon.colcon_core.verb:Building package 'maincar' with the following arguments: {'ament_cmake_args': None, 'build_base': '/home/alextempel/code/ui/User-Interface/ros2_ws/build/maincar', 'catkin_cmake_args': None, 'catkin_skip_building_tests': False, 'cmake_args': None, 'cmake_clean_cache': False, 'cmake_clean_first': False, 'cmake_force_configure': False, 'cmake_target': None, 'cmake_target_skip_unavailable': False, 'install_base': '/home/alextempel/code/ui/User-Interface/ros2_ws/install/maincar', 'merge_install': False, 'path': '/home/alextempel/code/ui/User-Interface/ros2_ws/src/maincar', 'symlink_install': False, 'test_result_base': None}
[0.685s] Level 5:colcon.colcon_core.verb:set package 'rtos' build argument 'cmake_args' from command line to 'None'
[0.685s] Level 5:colcon.colcon_core.verb:set package 'rtos' build argument 'cmake_target' from command line to 'None'
[0.685s] Level 5:colcon.colcon_core.verb:set package 'rtos' build argument 'cmake_target_skip_unavailable' from command line to 'False'
[0.685s] Level 5:colcon.colcon_core.verb:set package 'rtos' build argument 'cmake_clean_cache' from command line to 'False'
[0.685s] Level 5:colcon.colcon_core.verb:set package 'rtos' build argument 'cmake_clean_first' from command line to 'False'
[0.685s] Level 5:colcon.colcon_core.verb:set package 'rtos' build argument 'cmake_force_configure' from command line to 'False'
[0.685s] Level 5:colcon.colcon_core.verb:set package 'rtos' build argument 'ament_cmake_args' from command line to 'None'
[0.685s] Level 5:colcon.colcon_core.verb:set package 'rtos' build argument 'catkin_cmake_args' from command line to 'None'
[0.685s] Level 5:colcon.colcon_core.verb:set package 'rtos' build argument 'catkin_skip_building_tests' from command line to 'False'
[0.685s] DEBUG:colcon.colcon_core.verb:Building package 'rtos' with the following arguments: {'ament_cmake_args': None, 'build_base': '/home/alextempel/code/ui/User-Interface/ros2_ws/build/rtos', 'catkin_cmake_args': None, 'catkin_skip_building_tests': False, 'cmake_args': None, 'cmake_clean_cache': False, 'cmake_clean_first': False, 'cmake_force_configure': False, 'cmake_target': None, 'cmake_target_skip_unavailable': False, 'install_base': '/home/alextempel/code/ui/User-Interface/ros2_ws/install/rtos', 'merge_install': False, 'path': '/home/alextempel/code/ui/User-Interface/ros2_ws/src/rtos', 'symlink_install': False, 'test_result_base': None}
[0.685s] INFO:colcon.colcon_core.executor:Executing jobs using 'parallel' executor
[0.686s] DEBUG:colcon.colcon_parallel_executor.executor.parallel:run_until_complete
[0.687s] INFO:colcon.colcon_ros.task.ament_python.build:Building ROS package in '/home/alextempel/code/ui/User-Interface/ros2_ws/src/maincar' with build type 'ament_python'
[0.687s] Level 1:colcon.colcon_core.shell:create_environment_hook('maincar', 'ament_prefix_path')
[0.692s] INFO:colcon.colcon_core.plugin_system:Skipping extension 'colcon_core.shell.bat': Not used on non-Windows systems
[0.693s] INFO:colcon.colcon_core.shell:Creating environment hook '/home/alextempel/code/ui/User-Interface/ros2_ws/install/maincar/share/maincar/hook/ament_prefix_path.ps1'
[0.695s] INFO:colcon.colcon_core.shell:Creating environment descriptor '/home/alextempel/code/ui/User-Interface/ros2_ws/install/maincar/share/maincar/hook/ament_prefix_path.dsv'
[0.696s] INFO:colcon.colcon_core.shell:Creating environment hook '/home/alextempel/code/ui/User-Interface/ros2_ws/install/maincar/share/maincar/hook/ament_prefix_path.sh'
[0.696s] INFO:colcon.colcon_core.shell:Skip shell extension 'powershell' for command environment: Not usable outside of PowerShell
[0.696s] DEBUG:colcon.colcon_core.shell:Skip shell extension 'dsv' for command environment
[0.699s] INFO:colcon.colcon_ros.task.ament_cmake.build:Building ROS package in '/home/alextempel/code/ui/User-Interface/ros2_ws/src/rtos' with build type 'ament_cmake'
[0.699s] INFO:colcon.colcon_cmake.task.cmake.build:Building CMake package in '/home/alextempel/code/ui/User-Interface/ros2_ws/src/rtos'
[0.700s] INFO:colcon.colcon_core.shell:Skip shell extension 'powershell' for command environment: Not usable outside of PowerShell
[0.700s] DEBUG:colcon.colcon_core.shell:Skip shell extension 'dsv' for command environment
[0.879s] INFO:colcon.colcon_core.task.python.build:Building Python package in '/home/alextempel/code/ui/User-Interface/ros2_ws/src/maincar'
[0.880s] INFO:colcon.colcon_core.shell:Skip shell extension 'powershell' for command environment: Not usable outside of PowerShell
[0.880s] DEBUG:colcon.colcon_core.shell:Skip shell extension 'dsv' for command environment
[0.885s] DEBUG:colcon.colcon_core.event_handler.log_command:Invoking command in '/home/alextempel/code/ui/User-Interface/ros2_ws/build/rtos': CMAKE_PREFIX_PATH=/home/alextempel/ros2_ws/install/my_package:/opt/ros/humble /usr/bin/cmake /home/alextempel/code/ui/User-Interface/ros2_ws/src/rtos -DCMAKE_INSTALL_PREFIX=/home/alextempel/code/ui/User-Interface/ros2_ws/install/rtos
[1.375s] DEBUG:colcon.colcon_core.event_handler.log_command:Invoking command in '/home/alextempel/code/ui/User-Interface/ros2_ws/src/maincar': PYTHONPATH=/home/alextempel/code/ui/User-Interface/ros2_ws/build/maincar/prefix_override:/usr/lib/python3/dist-packages/colcon_core/task/python/colcon_distutils_commands:/home/alextempel/code/ui/User-Interface/ros2_ws/install/maincar/lib/python3.10/site-packages:${PYTHONPATH} /usr/bin/python3 -W ignore:setup.py install is deprecated -W ignore:easy_install command is deprecated setup.py egg_info --egg-base ../../build/maincar build --build-base /home/alextempel/code/ui/User-Interface/ros2_ws/build/maincar/build install --record /home/alextempel/code/ui/User-Interface/ros2_ws/build/maincar/install.log --single-version-externally-managed install_data
[1.587s] DEBUG:colcon.colcon_core.event_handler.log_command:Invoked command in '/home/alextempel/code/ui/User-Interface/ros2_ws/src/maincar' returned '0': PYTHONPATH=/home/alextempel/code/ui/User-Interface/ros2_ws/build/maincar/prefix_override:/usr/lib/python3/dist-packages/colcon_core/task/python/colcon_distutils_commands:/home/alextempel/code/ui/User-Interface/ros2_ws/install/maincar/lib/python3.10/site-packages:${PYTHONPATH} /usr/bin/python3 -W ignore:setup.py install is deprecated -W ignore:easy_install command is deprecated setup.py egg_info --egg-base ../../build/maincar build --build-base /home/alextempel/code/ui/User-Interface/ros2_ws/build/maincar/build install --record /home/alextempel/code/ui/User-Interface/ros2_ws/build/maincar/install.log --single-version-externally-managed install_data
[1.593s] Level 1:colcon.colcon_core.environment:checking '/home/alextempel/code/ui/User-Interface/ros2_ws/install/maincar' for CMake module files
[1.593s] Level 1:colcon.colcon_core.environment:checking '/home/alextempel/code/ui/User-Interface/ros2_ws/install/maincar' for CMake config files
[1.594s] Level 1:colcon.colcon_core.environment:checking '/home/alextempel/code/ui/User-Interface/ros2_ws/install/maincar/lib'
[1.594s] Level 1:colcon.colcon_core.environment:checking '/home/alextempel/code/ui/User-Interface/ros2_ws/install/maincar/bin'
[1.594s] Level 1:colcon.colcon_core.environment:checking '/home/alextempel/code/ui/User-Interface/ros2_ws/install/maincar/lib/pkgconfig/maincar.pc'
[1.594s] Level 1:colcon.colcon_core.environment:checking '/home/alextempel/code/ui/User-Interface/ros2_ws/install/maincar/lib/python3.10/site-packages'
[1.594s] Level 1:colcon.colcon_core.shell:create_environment_hook('maincar', 'pythonpath')
[1.594s] INFO:colcon.colcon_core.shell:Creating environment hook '/home/alextempel/code/ui/User-Interface/ros2_ws/install/maincar/share/maincar/hook/pythonpath.ps1'
[1.595s] INFO:colcon.colcon_core.shell:Creating environment descriptor '/home/alextempel/code/ui/User-Interface/ros2_ws/install/maincar/share/maincar/hook/pythonpath.dsv'
[1.595s] INFO:colcon.colcon_core.shell:Creating environment hook '/home/alextempel/code/ui/User-Interface/ros2_ws/install/maincar/share/maincar/hook/pythonpath.sh'
[1.595s] Level 1:colcon.colcon_core.environment:checking '/home/alextempel/code/ui/User-Interface/ros2_ws/install/maincar/bin'
[1.595s] Level 1:colcon.colcon_core.environment:create_environment_scripts_only(maincar)
[1.596s] INFO:colcon.colcon_core.shell:Creating package script '/home/alextempel/code/ui/User-Interface/ros2_ws/install/maincar/share/maincar/package.ps1'
[1.597s] INFO:colcon.colcon_core.shell:Creating package descriptor '/home/alextempel/code/ui/User-Interface/ros2_ws/install/maincar/share/maincar/package.dsv'
[1.597s] INFO:colcon.colcon_core.shell:Creating package script '/home/alextempel/code/ui/User-Interface/ros2_ws/install/maincar/share/maincar/package.sh'
[1.598s] INFO:colcon.colcon_core.shell:Creating package script '/home/alextempel/code/ui/User-Interface/ros2_ws/install/maincar/share/maincar/package.bash'
[1.599s] INFO:colcon.colcon_core.shell:Creating package script '/home/alextempel/code/ui/User-Interface/ros2_ws/install/maincar/share/maincar/package.zsh'
[1.600s] Level 1:colcon.colcon_core.environment:create_file_with_runtime_dependencies(/home/alextempel/code/ui/User-Interface/ros2_ws/install/maincar/share/colcon-core/packages/maincar)
[11.921s] DEBUG:colcon.colcon_core.event_handler.log_command:Invoked command in '/home/alextempel/code/ui/User-Interface/ros2_ws/build/rtos' returned '0': CMAKE_PREFIX_PATH=/home/alextempel/ros2_ws/install/my_package:/opt/ros/humble /usr/bin/cmake /home/alextempel/code/ui/User-Interface/ros2_ws/src/rtos -DCMAKE_INSTALL_PREFIX=/home/alextempel/code/ui/User-Interface/ros2_ws/install/rtos
[11.924s] DEBUG:colcon.colcon_core.event_handler.log_command:Invoking command in '/home/alextempel/code/ui/User-Interface/ros2_ws/build/rtos': CMAKE_PREFIX_PATH=/home/alextempel/ros2_ws/install/my_package:/opt/ros/humble /usr/bin/cmake --build /home/alextempel/code/ui/User-Interface/ros2_ws/build/rtos -- -j16 -l16
[19.524s] DEBUG:colcon.colcon_core.event_handler.log_command:Invoked command in '/home/alextempel/code/ui/User-Interface/ros2_ws/build/rtos' returned '0': CMAKE_PREFIX_PATH=/home/alextempel/ros2_ws/install/my_package:/opt/ros/humble /usr/bin/cmake --build /home/alextempel/code/ui/User-Interface/ros2_ws/build/rtos -- -j16 -l16
[19.533s] DEBUG:colcon.colcon_core.event_handler.log_command:Invoking command in '/home/alextempel/code/ui/User-Interface/ros2_ws/build/rtos': CMAKE_PREFIX_PATH=/home/alextempel/ros2_ws/install/my_package:/opt/ros/humble /usr/bin/cmake --install /home/alextempel/code/ui/User-Interface/ros2_ws/build/rtos
[19.546s] Level 1:colcon.colcon_core.environment:create_environment_scripts_only(rtos)
[19.547s] Level 1:colcon.colcon_core.environment:checking '/home/alextempel/code/ui/User-Interface/ros2_ws/install/rtos' for CMake module files
[19.547s] DEBUG:colcon.colcon_core.event_handler.log_command:Invoked command in '/home/alextempel/code/ui/User-Interface/ros2_ws/build/rtos' returned '0': CMAKE_PREFIX_PATH=/home/alextempel/ros2_ws/install/my_package:/opt/ros/humble /usr/bin/cmake --install /home/alextempel/code/ui/User-Interface/ros2_ws/build/rtos
[19.548s] Level 1:colcon.colcon_core.environment:checking '/home/alextempel/code/ui/User-Interface/ros2_ws/install/rtos' for CMake config files
[19.548s] Level 1:colcon.colcon_core.shell:create_environment_hook('rtos', 'cmake_prefix_path')
[19.548s] INFO:colcon.colcon_core.shell:Creating environment hook '/home/alextempel/code/ui/User-Interface/ros2_ws/install/rtos/share/rtos/hook/cmake_prefix_path.ps1'
[19.549s] INFO:colcon.colcon_core.shell:Creating environment descriptor '/home/alextempel/code/ui/User-Interface/ros2_ws/install/rtos/share/rtos/hook/cmake_prefix_path.dsv'
[19.549s] INFO:colcon.colcon_core.shell:Creating environment hook '/home/alextempel/code/ui/User-Interface/ros2_ws/install/rtos/share/rtos/hook/cmake_prefix_path.sh'
[19.550s] Level 1:colcon.colcon_core.environment:checking '/home/alextempel/code/ui/User-Interface/ros2_ws/install/rtos/lib'
[19.550s] Level 1:colcon.colcon_core.environment:checking '/home/alextempel/code/ui/User-Interface/ros2_ws/install/rtos/bin'
[19.550s] Level 1:colcon.colcon_core.environment:checking '/home/alextempel/code/ui/User-Interface/ros2_ws/install/rtos/lib/pkgconfig/rtos.pc'
[19.550s] Level 1:colcon.colcon_core.environment:checking '/home/alextempel/code/ui/User-Interface/ros2_ws/install/rtos/lib/python3.10/site-packages'
[19.550s] Level 1:colcon.colcon_core.environment:checking '/home/alextempel/code/ui/User-Interface/ros2_ws/install/rtos/bin'
[19.550s] INFO:colcon.colcon_core.shell:Creating package script '/home/alextempel/code/ui/User-Interface/ros2_ws/install/rtos/share/rtos/package.ps1'
[19.551s] INFO:colcon.colcon_core.shell:Creating package descriptor '/home/alextempel/code/ui/User-Interface/ros2_ws/install/rtos/share/rtos/package.dsv'
[19.551s] INFO:colcon.colcon_core.shell:Creating package script '/home/alextempel/code/ui/User-Interface/ros2_ws/install/rtos/share/rtos/package.sh'
[19.551s] INFO:colcon.colcon_core.shell:Creating package script '/home/alextempel/code/ui/User-Interface/ros2_ws/install/rtos/share/rtos/package.bash'
[19.552s] INFO:colcon.colcon_core.shell:Creating package script '/home/alextempel/code/ui/User-Interface/ros2_ws/install/rtos/share/rtos/package.zsh'
[19.552s] Level 1:colcon.colcon_core.environment:create_file_with_runtime_dependencies(/home/alextempel/code/ui/User-Interface/ros2_ws/install/rtos/share/colcon-core/packages/rtos)
[19.553s] Level 1:colcon.colcon_core.environment:create_environment_scripts_only(rtos)
[19.553s] Level 1:colcon.colcon_core.environment:checking '/home/alextempel/code/ui/User-Interface/ros2_ws/install/rtos' for CMake module files
[19.553s] Level 1:colcon.colcon_core.environment:checking '/home/alextempel/code/ui/User-Interface/ros2_ws/install/rtos' for CMake config files
[19.553s] Level 1:colcon.colcon_core.shell:create_environment_hook('rtos', 'cmake_prefix_path')
[19.554s] INFO:colcon.colcon_core.shell:Creating environment hook '/home/alextempel/code/ui/User-Interface/ros2_ws/install/rtos/share/rtos/hook/cmake_prefix_path.ps1'
[19.554s] INFO:colcon.colcon_core.shell:Creating environment descriptor '/home/alextempel/code/ui/User-Interface/ros2_ws/install/rtos/share/rtos/hook/cmake_prefix_path.dsv'
[19.554s] INFO:colcon.colcon_core.shell:Creating environment hook '/home/alextempel/code/ui/User-Interface/ros2_ws/install/rtos/share/rtos/hook/cmake_prefix_path.sh'
[19.555s] Level 1:colcon.colcon_core.environment:checking '/home/alextempel/code/ui/User-Interface/ros2_ws/install/rtos/lib'
[19.555s] Level 1:colcon.colcon_core.environment:checking '/home/alextempel/code/ui/User-Interface/ros2_ws/install/rtos/bin'
[19.555s] Level 1:colcon.colcon_core.environment:checking '/home/alextempel/code/ui/User-Interface/ros2_ws/install/rtos/lib/pkgconfig/rtos.pc'
[19.555s] Level 1:colcon.colcon_core.environment:checking '/home/alextempel/code/ui/User-Interface/ros2_ws/install/rtos/lib/python3.10/site-packages'
[19.555s] Level 1:colcon.colcon_core.environment:checking '/home/alextempel/code/ui/User-Interface/ros2_ws/install/rtos/bin'
[19.556s] INFO:colcon.colcon_core.shell:Creating package script '/home/alextempel/code/ui/User-Interface/ros2_ws/install/rtos/share/rtos/package.ps1'
[19.556s] INFO:colcon.colcon_core.shell:Creating package descriptor '/home/alextempel/code/ui/User-Interface/ros2_ws/install/rtos/share/rtos/package.dsv'
[19.557s] INFO:colcon.colcon_core.shell:Creating package script '/home/alextempel/code/ui/User-Interface/ros2_ws/install/rtos/share/rtos/package.sh'
[19.557s] INFO:colcon.colcon_core.shell:Creating package script '/home/alextempel/code/ui/User-Interface/ros2_ws/install/rtos/share/rtos/package.bash'
[19.557s] INFO:colcon.colcon_core.shell:Creating package script '/home/alextempel/code/ui/User-Interface/ros2_ws/install/rtos/share/rtos/package.zsh'
[19.558s] Level 1:colcon.colcon_core.environment:create_file_with_runtime_dependencies(/home/alextempel/code/ui/User-Interface/ros2_ws/install/rtos/share/colcon-core/packages/rtos)
[19.558s] DEBUG:colcon.colcon_parallel_executor.executor.parallel:closing loop
[19.559s] DEBUG:colcon.colcon_parallel_executor.executor.parallel:loop closed
[19.559s] DEBUG:colcon.colcon_parallel_executor.executor.parallel:run_until_complete finished with '0'
[19.559s] DEBUG:colcon.colcon_core.event_reactor:joining thread
[19.625s] INFO:colcon.colcon_core.plugin_system:Skipping extension 'colcon_notification.desktop_notification.notify_send': Could not find 'notify-send'
[19.625s] INFO:colcon.colcon_core.plugin_system:Skipping extension 'colcon_notification.desktop_notification.terminal_notifier': Not used on non-Darwin systems
[19.625s] INFO:colcon.colcon_core.plugin_system:Skipping extension 'colcon_notification.desktop_notification.win32': Not used on non-Windows systems
[19.625s] INFO:colcon.colcon_notification.desktop_notification:Sending desktop notification using 'notify2'
[19.626s] DEBUG:colcon.colcon_notification.desktop_notification.notify2:Failed to initialize notify2: org.freedesktop.DBus.Error.FileNotFound: Failed to connect to socket /run/user/1000/bus: No such file or directory
[19.626s] DEBUG:colcon.colcon_core.event_reactor:joined thread
[19.626s] INFO:colcon.colcon_core.shell:Creating prefix script '/home/alextempel/code/ui/User-Interface/ros2_ws/install/local_setup.ps1'
[19.630s] INFO:colcon.colcon_core.shell:Creating prefix util module '/home/alextempel/code/ui/User-Interface/ros2_ws/install/_local_setup_util_ps1.py'
[19.632s] INFO:colcon.colcon_core.shell:Creating prefix chain script '/home/alextempel/code/ui/User-Interface/ros2_ws/install/setup.ps1'
[19.633s] INFO:colcon.colcon_core.shell:Creating prefix script '/home/alextempel/code/ui/User-Interface/ros2_ws/install/local_setup.sh'
[19.634s] INFO:colcon.colcon_core.shell:Creating prefix util module '/home/alextempel/code/ui/User-Interface/ros2_ws/install/_local_setup_util_sh.py'
[19.634s] INFO:colcon.colcon_core.shell:Creating prefix chain script '/home/alextempel/code/ui/User-Interface/ros2_ws/install/setup.sh'
[19.635s] INFO:colcon.colcon_core.shell:Creating prefix script '/home/alextempel/code/ui/User-Interface/ros2_ws/install/local_setup.bash'
[19.636s] INFO:colcon.colcon_core.shell:Creating prefix chain script '/home/alextempel/code/ui/User-Interface/ros2_ws/install/setup.bash'
[19.637s] INFO:colcon.colcon_core.shell:Creating prefix script '/home/alextempel/code/ui/User-Interface/ros2_ws/install/local_setup.zsh'
[19.637s] INFO:colcon.colcon_core.shell:Creating prefix chain script '/home/alextempel/code/ui/User-Interface/ros2_ws/install/setup.zsh'
