[0.484s] DEBUG:colcon:Command line arguments: ['/usr/bin/colcon', 'build']
[0.484s] DEBUG:colcon:Parsed command line arguments: Namespace(log_base=None, log_level=None, verb_name='build', build_base='build', install_base='install', merge_install=False, symlink_install=False, test_result_base=None, continue_on_error=False, executor='parallel', parallel_workers=4, event_handlers=None, ignore_user_meta=False, metas=['./colcon.meta'], base_paths=['.'], packages_ignore=None, packages_ignore_regex=None, paths=None, packages_up_to=None, packages_up_to_regex=None, packages_above=None, packages_above_and_dependencies=None, packages_above_depth=None, packages_select_by_dep=None, packages_skip_by_dep=None, packages_skip_up_to=None, packages_select_build_failed=False, packages_skip_build_finished=False, packages_select_test_failures=False, packages_skip_test_passed=False, packages_select=None, packages_skip=None, packages_select_regex=None, packages_skip_regex=None, packages_start=None, packages_end=None, allow_overriding=[], cmake_args=None, cmake_target=None, cmake_target_skip_unavailable=False, cmake_clean_cache=False, cmake_clean_first=False, cmake_force_configure=False, ament_cmake_args=None, catkin_cmake_args=None, catkin_skip_building_tests=False, mixin_files=None, mixin=None, verb_parser=<colcon_mixin.mixin.mixin_argument.MixinArgumentDecorator object at 0xffff9d159ed0>, verb_extension=<colcon_core.verb.build.BuildVerb object at 0xffff9d316ec0>, main=<bound method BuildVerb.main of <colcon_core.verb.build.BuildVerb object at 0xffff9d316ec0>>, mixin_verb=('build',))
[1.378s] Level 1:colcon.colcon_core.package_discovery:discover_packages(colcon_meta) check parameters
[1.378s] Level 1:colcon.colcon_core.package_discovery:discover_packages(recursive) check parameters
[1.378s] Level 1:colcon.colcon_core.package_discovery:discover_packages(ignore) check parameters
[1.378s] Level 1:colcon.colcon_core.package_discovery:discover_packages(path) check parameters
[1.379s] Level 1:colcon.colcon_core.package_discovery:discover_packages(colcon_meta) discover
[1.379s] Level 1:colcon.colcon_core.package_discovery:discover_packages(recursive) discover
[1.379s] INFO:colcon.colcon_core.package_discovery:Crawling recursively for packages in '/home/aavui/Desktop/User-Interface/ros2_ws'
[1.379s] Level 1:colcon.colcon_core.package_identification:_identify(.) by extensions ['ignore', 'ignore_ament_install']
[1.380s] Level 1:colcon.colcon_core.package_identification:_identify(.) by extension 'ignore'
[1.380s] Level 1:colcon.colcon_core.package_identification:_identify(.) by extension 'ignore_ament_install'
[1.380s] Level 1:colcon.colcon_core.package_identification:_identify(.) by extensions ['colcon_pkg']
[1.380s] Level 1:colcon.colcon_core.package_identification:_identify(.) by extension 'colcon_pkg'
[1.380s] Level 1:colcon.colcon_core.package_identification:_identify(.) by extensions ['colcon_meta']
[1.381s] Level 1:colcon.colcon_core.package_identification:_identify(.) by extension 'colcon_meta'
[1.381s] Level 1:colcon.colcon_core.package_identification:_identify(.) by extensions ['ros']
[1.381s] Level 1:colcon.colcon_core.package_identification:_identify(.) by extension 'ros'
[1.426s] Level 1:colcon.colcon_core.package_identification:_identify(.) by extensions ['cmake', 'python']
[1.426s] Level 1:colcon.colcon_core.package_identification:_identify(.) by extension 'cmake'
[1.427s] Level 1:colcon.colcon_core.package_identification:_identify(.) by extension 'python'
[1.427s] Level 1:colcon.colcon_core.package_identification:_identify(.) by extensions ['python_setup_py']
[1.427s] Level 1:colcon.colcon_core.package_identification:_identify(.) by extension 'python_setup_py'
[1.427s] Level 1:colcon.colcon_core.package_identification:_identify(bootup) by extensions ['ignore', 'ignore_ament_install']
[1.428s] Level 1:colcon.colcon_core.package_identification:_identify(bootup) by extension 'ignore'
[1.428s] Level 1:colcon.colcon_core.package_identification:_identify(bootup) by extension 'ignore_ament_install'
[1.428s] Level 1:colcon.colcon_core.package_identification:_identify(bootup) by extensions ['colcon_pkg']
[1.428s] Level 1:colcon.colcon_core.package_identification:_identify(bootup) by extension 'colcon_pkg'
[1.428s] Level 1:colcon.colcon_core.package_identification:_identify(bootup) by extensions ['colcon_meta']
[1.429s] Level 1:colcon.colcon_core.package_identification:_identify(bootup) by extension 'colcon_meta'
[1.429s] Level 1:colcon.colcon_core.package_identification:_identify(bootup) by extensions ['ros']
[1.429s] Level 1:colcon.colcon_core.package_identification:_identify(bootup) by extension 'ros'
[1.429s] Level 1:colcon.colcon_core.package_identification:_identify(bootup) by extensions ['cmake', 'python']
[1.429s] Level 1:colcon.colcon_core.package_identification:_identify(bootup) by extension 'cmake'
[1.430s] Level 1:colcon.colcon_core.package_identification:_identify(bootup) by extension 'python'
[1.430s] Level 1:colcon.colcon_core.package_identification:_identify(bootup) by extensions ['python_setup_py']
[1.430s] Level 1:colcon.colcon_core.package_identification:_identify(bootup) by extension 'python_setup_py'
[1.430s] Level 1:colcon.colcon_core.package_identification:_identify(build) by extensions ['ignore', 'ignore_ament_install']
[1.430s] Level 1:colcon.colcon_core.package_identification:_identify(build) by extension 'ignore'
[1.431s] Level 1:colcon.colcon_core.package_identification:_identify(build) ignored
[1.431s] Level 1:colcon.colcon_core.package_identification:_identify(install) by extensions ['ignore', 'ignore_ament_install']
[1.432s] Level 1:colcon.colcon_core.package_identification:_identify(install) by extension 'ignore'
[1.432s] Level 1:colcon.colcon_core.package_identification:_identify(install) ignored
[1.433s] Level 1:colcon.colcon_core.package_identification:_identify(log) by extensions ['ignore', 'ignore_ament_install']
[1.433s] Level 1:colcon.colcon_core.package_identification:_identify(log) by extension 'ignore'
[1.433s] Level 1:colcon.colcon_core.package_identification:_identify(log) ignored
[1.433s] Level 1:colcon.colcon_core.package_identification:_identify(src) by extensions ['ignore', 'ignore_ament_install']
[1.434s] Level 1:colcon.colcon_core.package_identification:_identify(src) by extension 'ignore'
[1.434s] Level 1:colcon.colcon_core.package_identification:_identify(src) by extension 'ignore_ament_install'
[1.434s] Level 1:colcon.colcon_core.package_identification:_identify(src) by extensions ['colcon_pkg']
[1.434s] Level 1:colcon.colcon_core.package_identification:_identify(src) by extension 'colcon_pkg'
[1.434s] Level 1:colcon.colcon_core.package_identification:_identify(src) by extensions ['colcon_meta']
[1.434s] Level 1:colcon.colcon_core.package_identification:_identify(src) by extension 'colcon_meta'
[1.435s] Level 1:colcon.colcon_core.package_identification:_identify(src) by extensions ['ros']
[1.435s] Level 1:colcon.colcon_core.package_identification:_identify(src) by extension 'ros'
[1.435s] Level 1:colcon.colcon_core.package_identification:_identify(src) by extensions ['cmake', 'python']
[1.435s] Level 1:colcon.colcon_core.package_identification:_identify(src) by extension 'cmake'
[1.435s] Level 1:colcon.colcon_core.package_identification:_identify(src) by extension 'python'
[1.435s] Level 1:colcon.colcon_core.package_identification:_identify(src) by extensions ['python_setup_py']
[1.436s] Level 1:colcon.colcon_core.package_identification:_identify(src) by extension 'python_setup_py'
[1.436s] Level 1:colcon.colcon_core.package_identification:_identify(src/maincar) by extensions ['ignore', 'ignore_ament_install']
[1.436s] Level 1:colcon.colcon_core.package_identification:_identify(src/maincar) by extension 'ignore'
[1.437s] Level 1:colcon.colcon_core.package_identification:_identify(src/maincar) by extension 'ignore_ament_install'
[1.437s] Level 1:colcon.colcon_core.package_identification:_identify(src/maincar) by extensions ['colcon_pkg']
[1.437s] Level 1:colcon.colcon_core.package_identification:_identify(src/maincar) by extension 'colcon_pkg'
[1.437s] Level 1:colcon.colcon_core.package_identification:_identify(src/maincar) by extensions ['colcon_meta']
[1.437s] Level 1:colcon.colcon_core.package_identification:_identify(src/maincar) by extension 'colcon_meta'
[1.438s] Level 1:colcon.colcon_core.package_identification:_identify(src/maincar) by extensions ['ros']
[1.438s] Level 1:colcon.colcon_core.package_identification:_identify(src/maincar) by extension 'ros'
[1.447s] DEBUG:colcon.colcon_core.package_identification:Package 'src/maincar' with type 'ros.ament_python' and name 'maincar'
[1.448s] Level 1:colcon.colcon_core.package_discovery:discover_packages(recursive) using defaults
[1.448s] Level 1:colcon.colcon_core.package_discovery:discover_packages(ignore) discover
[1.448s] Level 1:colcon.colcon_core.package_discovery:discover_packages(ignore) using defaults
[1.448s] Level 1:colcon.colcon_core.package_discovery:discover_packages(path) discover
[1.448s] Level 1:colcon.colcon_core.package_discovery:discover_packages(path) using defaults
[1.573s] Level 1:colcon.colcon_core.package_discovery:discover_packages(prefix_path) check parameters
[1.573s] Level 1:colcon.colcon_core.package_discovery:discover_packages(prefix_path) discover
[1.581s] DEBUG:colcon.colcon_installed_package_information.package_discovery:Found 1 installed packages in /home/aavui/Desktop/User-Interface/ros2_ws/install
[1.590s] DEBUG:colcon.colcon_installed_package_information.package_discovery:Found 281 installed packages in /opt/ros/humble
[1.597s] Level 1:colcon.colcon_core.package_discovery:discover_packages(prefix_path) using defaults
[1.766s] Level 5:colcon.colcon_core.verb:set package 'maincar' build argument 'cmake_args' from command line to 'None'
[1.766s] Level 5:colcon.colcon_core.verb:set package 'maincar' build argument 'cmake_target' from command line to 'None'
[1.766s] Level 5:colcon.colcon_core.verb:set package 'maincar' build argument 'cmake_target_skip_unavailable' from command line to 'False'
[1.766s] Level 5:colcon.colcon_core.verb:set package 'maincar' build argument 'cmake_clean_cache' from command line to 'False'
[1.766s] Level 5:colcon.colcon_core.verb:set package 'maincar' build argument 'cmake_clean_first' from command line to 'False'
[1.767s] Level 5:colcon.colcon_core.verb:set package 'maincar' build argument 'cmake_force_configure' from command line to 'False'
[1.767s] Level 5:colcon.colcon_core.verb:set package 'maincar' build argument 'ament_cmake_args' from command line to 'None'
[1.767s] Level 5:colcon.colcon_core.verb:set package 'maincar' build argument 'catkin_cmake_args' from command line to 'None'
[1.767s] Level 5:colcon.colcon_core.verb:set package 'maincar' build argument 'catkin_skip_building_tests' from command line to 'False'
[1.767s] DEBUG:colcon.colcon_core.verb:Building package 'maincar' with the following arguments: {'ament_cmake_args': None, 'build_base': '/home/aavui/Desktop/User-Interface/ros2_ws/build/maincar', 'catkin_cmake_args': None, 'catkin_skip_building_tests': False, 'cmake_args': None, 'cmake_clean_cache': False, 'cmake_clean_first': False, 'cmake_force_configure': False, 'cmake_target': None, 'cmake_target_skip_unavailable': False, 'install_base': '/home/aavui/Desktop/User-Interface/ros2_ws/install/maincar', 'merge_install': False, 'path': '/home/aavui/Desktop/User-Interface/ros2_ws/src/maincar', 'symlink_install': False, 'test_result_base': None}
[1.768s] INFO:colcon.colcon_core.executor:Executing jobs using 'parallel' executor
[1.771s] DEBUG:colcon.colcon_parallel_executor.executor.parallel:run_until_complete
[1.771s] INFO:colcon.colcon_ros.task.ament_python.build:Building ROS package in '/home/aavui/Desktop/User-Interface/ros2_ws/src/maincar' with build type 'ament_python'
[1.772s] Level 1:colcon.colcon_core.shell:create_environment_hook('maincar', 'ament_prefix_path')
[1.781s] INFO:colcon.colcon_core.plugin_system:Skipping extension 'colcon_core.shell.bat': Not used on non-Windows systems
[1.782s] INFO:colcon.colcon_core.shell:Creating environment hook '/home/aavui/Desktop/User-Interface/ros2_ws/install/maincar/share/maincar/hook/ament_prefix_path.ps1'
[1.785s] INFO:colcon.colcon_core.shell:Creating environment descriptor '/home/aavui/Desktop/User-Interface/ros2_ws/install/maincar/share/maincar/hook/ament_prefix_path.dsv'
[1.788s] INFO:colcon.colcon_core.shell:Creating environment hook '/home/aavui/Desktop/User-Interface/ros2_ws/install/maincar/share/maincar/hook/ament_prefix_path.sh'
[1.794s] INFO:colcon.colcon_core.shell:Skip shell extension 'powershell' for command environment: Not usable outside of PowerShell
[1.795s] DEBUG:colcon.colcon_core.shell:Skip shell extension 'dsv' for command environment
[3.133s] INFO:colcon.colcon_core.task.python.build:Building Python package in '/home/aavui/Desktop/User-Interface/ros2_ws/src/maincar'
[3.134s] INFO:colcon.colcon_core.shell:Skip shell extension 'powershell' for command environment: Not usable outside of PowerShell
[3.134s] DEBUG:colcon.colcon_core.shell:Skip shell extension 'dsv' for command environment
[4.951s] DEBUG:colcon.colcon_core.event_handler.log_command:Invoking command in '/home/aavui/Desktop/User-Interface/ros2_ws/src/maincar': PYTHONPATH=/home/aavui/Desktop/User-Interface/ros2_ws/build/maincar/prefix_override:/usr/lib/python3/dist-packages/colcon_core/task/python/colcon_distutils_commands:/home/aavui/Desktop/User-Interface/ros2_ws/install/maincar/lib/python3.10/site-packages:${PYTHONPATH} /usr/bin/python3 -W ignore:setup.py install is deprecated -W ignore:easy_install command is deprecated setup.py egg_info --egg-base ../../build/maincar build --build-base /home/aavui/Desktop/User-Interface/ros2_ws/build/maincar/build install --record /home/aavui/Desktop/User-Interface/ros2_ws/build/maincar/install.log --single-version-externally-managed install_data
[6.436s] DEBUG:colcon.colcon_core.event_handler.log_command:Invoked command in '/home/aavui/Desktop/User-Interface/ros2_ws/src/maincar' returned '0': PYTHONPATH=/home/aavui/Desktop/User-Interface/ros2_ws/build/maincar/prefix_override:/usr/lib/python3/dist-packages/colcon_core/task/python/colcon_distutils_commands:/home/aavui/Desktop/User-Interface/ros2_ws/install/maincar/lib/python3.10/site-packages:${PYTHONPATH} /usr/bin/python3 -W ignore:setup.py install is deprecated -W ignore:easy_install command is deprecated setup.py egg_info --egg-base ../../build/maincar build --build-base /home/aavui/Desktop/User-Interface/ros2_ws/build/maincar/build install --record /home/aavui/Desktop/User-Interface/ros2_ws/build/maincar/install.log --single-version-externally-managed install_data
[6.447s] Level 1:colcon.colcon_core.environment:checking '/home/aavui/Desktop/User-Interface/ros2_ws/install/maincar' for CMake module files
[6.451s] Level 1:colcon.colcon_core.environment:checking '/home/aavui/Desktop/User-Interface/ros2_ws/install/maincar' for CMake config files
[6.456s] Level 1:colcon.colcon_core.environment:checking '/home/aavui/Desktop/User-Interface/ros2_ws/install/maincar/lib'
[6.457s] Level 1:colcon.colcon_core.environment:checking '/home/aavui/Desktop/User-Interface/ros2_ws/install/maincar/bin'
[6.458s] Level 1:colcon.colcon_core.environment:checking '/home/aavui/Desktop/User-Interface/ros2_ws/install/maincar/lib/pkgconfig/maincar.pc'
[6.458s] Level 1:colcon.colcon_core.environment:checking '/home/aavui/Desktop/User-Interface/ros2_ws/install/maincar/lib/python3.10/site-packages'
[6.459s] Level 1:colcon.colcon_core.shell:create_environment_hook('maincar', 'pythonpath')
[6.460s] INFO:colcon.colcon_core.shell:Creating environment hook '/home/aavui/Desktop/User-Interface/ros2_ws/install/maincar/share/maincar/hook/pythonpath.ps1'
[6.462s] INFO:colcon.colcon_core.shell:Creating environment descriptor '/home/aavui/Desktop/User-Interface/ros2_ws/install/maincar/share/maincar/hook/pythonpath.dsv'
[6.464s] INFO:colcon.colcon_core.shell:Creating environment hook '/home/aavui/Desktop/User-Interface/ros2_ws/install/maincar/share/maincar/hook/pythonpath.sh'
[6.467s] Level 1:colcon.colcon_core.environment:checking '/home/aavui/Desktop/User-Interface/ros2_ws/install/maincar/bin'
[6.467s] Level 1:colcon.colcon_core.environment:create_environment_scripts_only(maincar)
[6.468s] INFO:colcon.colcon_core.shell:Creating package script '/home/aavui/Desktop/User-Interface/ros2_ws/install/maincar/share/maincar/package.ps1'
[6.472s] INFO:colcon.colcon_core.shell:Creating package descriptor '/home/aavui/Desktop/User-Interface/ros2_ws/install/maincar/share/maincar/package.dsv'
[6.475s] INFO:colcon.colcon_core.shell:Creating package script '/home/aavui/Desktop/User-Interface/ros2_ws/install/maincar/share/maincar/package.sh'
[6.478s] INFO:colcon.colcon_core.shell:Creating package script '/home/aavui/Desktop/User-Interface/ros2_ws/install/maincar/share/maincar/package.bash'
[6.482s] INFO:colcon.colcon_core.shell:Creating package script '/home/aavui/Desktop/User-Interface/ros2_ws/install/maincar/share/maincar/package.zsh'
[6.485s] Level 1:colcon.colcon_core.environment:create_file_with_runtime_dependencies(/home/aavui/Desktop/User-Interface/ros2_ws/install/maincar/share/colcon-core/packages/maincar)
[6.486s] DEBUG:colcon.colcon_parallel_executor.executor.parallel:closing loop
[6.488s] DEBUG:colcon.colcon_parallel_executor.executor.parallel:loop closed
[6.488s] DEBUG:colcon.colcon_parallel_executor.executor.parallel:run_until_complete finished with '0'
[6.488s] DEBUG:colcon.colcon_core.event_reactor:joining thread
[6.512s] INFO:colcon.colcon_core.plugin_system:Skipping extension 'colcon_notification.desktop_notification.terminal_notifier': Not used on non-Darwin systems
[6.513s] INFO:colcon.colcon_core.plugin_system:Skipping extension 'colcon_notification.desktop_notification.win32': Not used on non-Windows systems
[6.513s] INFO:colcon.colcon_notification.desktop_notification:Sending desktop notification using 'notify2'
[6.566s] DEBUG:colcon.colcon_core.event_reactor:joined thread
[6.568s] INFO:colcon.colcon_core.shell:Creating prefix script '/home/aavui/Desktop/User-Interface/ros2_ws/install/local_setup.ps1'
[6.573s] INFO:colcon.colcon_core.shell:Creating prefix util module '/home/aavui/Desktop/User-Interface/ros2_ws/install/_local_setup_util_ps1.py'
[6.580s] INFO:colcon.colcon_core.shell:Creating prefix chain script '/home/aavui/Desktop/User-Interface/ros2_ws/install/setup.ps1'
[6.586s] INFO:colcon.colcon_core.shell:Creating prefix script '/home/aavui/Desktop/User-Interface/ros2_ws/install/local_setup.sh'
[6.590s] INFO:colcon.colcon_core.shell:Creating prefix util module '/home/aavui/Desktop/User-Interface/ros2_ws/install/_local_setup_util_sh.py'
[6.593s] INFO:colcon.colcon_core.shell:Creating prefix chain script '/home/aavui/Desktop/User-Interface/ros2_ws/install/setup.sh'
[6.600s] INFO:colcon.colcon_core.shell:Creating prefix script '/home/aavui/Desktop/User-Interface/ros2_ws/install/local_setup.bash'
[6.603s] INFO:colcon.colcon_core.shell:Creating prefix chain script '/home/aavui/Desktop/User-Interface/ros2_ws/install/setup.bash'
[6.609s] INFO:colcon.colcon_core.shell:Creating prefix script '/home/aavui/Desktop/User-Interface/ros2_ws/install/local_setup.zsh'
[6.612s] INFO:colcon.colcon_core.shell:Creating prefix chain script '/home/aavui/Desktop/User-Interface/ros2_ws/install/setup.zsh'
