[0.000000] (-) TimerEvent: {}
[0.002343] (maincar) JobQueued: {'identifier': 'maincar', 'dependencies': OrderedDict()}
[0.002733] (maincar) JobStarted: {'identifier': 'maincar'}
[0.095192] (-) TimerEvent: {}
[0.196427] (-) TimerEvent: {}
[0.297563] (-) TimerEvent: {}
[0.398416] (-) TimerEvent: {}
[0.499482] (-) TimerEvent: {}
[0.600269] (-) TimerEvent: {}
[0.701125] (-) TimerEvent: {}
[0.801927] (-) TimerEvent: {}
[0.902784] (-) TimerEvent: {}
[1.003677] (-) TimerEvent: {}
[1.104624] (-) TimerEvent: {}
[1.206074] (-) TimerEvent: {}
[1.306988] (-) TimerEvent: {}
[1.407843] (-) TimerEvent: {}
[1.508575] (-) TimerEvent: {}
[1.609449] (-) TimerEvent: {}
[1.711090] (-) TimerEvent: {}
[1.812006] (-) TimerEvent: {}
[1.830510] (maincar) StderrLine: {'line': b'Traceback (most recent call last):\n  File "/usr/lib/python3/dist-packages/colcon_core/executor/__init__.py", line 91, in __call__\n    rc = await self.task(*args, **kwargs)\n  File "/usr/lib/python3/dist-packages/colcon_core/task/__init__.py", line 93, in __call__\n    return await task_method(*args, **kwargs)\n  File "/usr/lib/python3/dist-packages/colcon_ros/task/ament_python/build.py", line 51, in build\n    setup_py_data = get_setup_data(self.context.pkg, env)\n  File "/usr/lib/python3/dist-packages/colcon_core/task/python/__init__.py", line 20, in get_setup_data\n    return dict(pkg.metadata[key](env))\n  File "/usr/lib/python3/dist-packages/colcon_ros/package_augmentation/ros_ament_python.py", line 57, in getter\n    return get_setup_information(\n  File "/usr/lib/python3/dist-packages/colcon_python_setup_py/package_identification/python_setup_py.py", line 249, in get_setup_information\n    _setup_information_cache[hashable_env] = _get_setup_information(\n  File "/usr/lib/python3/dist-packages/colcon_python_setup_py/package_identification/python_setup_py.py", line 296, in _get_setup_information\n    result = subprocess.run(\n  File "/usr/lib/python3.10/subprocess.py", line 526, in run\n    raise CalledProcessError(retcode, process.args,\nsubprocess.CalledProcessError: Command \'[\'/usr/bin/python3\', \'-c\', \'import sys;from contextlib import suppress;exec("with suppress(ImportError):    from setuptools.extern.packaging.specifiers    import SpecifierSet");exec("with suppress(ImportError):    from packaging.specifiers import SpecifierSet");from distutils.core import run_setup;dist = run_setup(    \\\'setup.py\\\', script_args=(\\\'--dry-run\\\',), stop_after=\\\'config\\\');skip_keys = (\\\'cmdclass\\\', \\\'distclass\\\', \\\'ext_modules\\\', \\\'metadata\\\');data = {    key: value for key, value in dist.__dict__.items()     if (        not key.startswith(\\\'_\\\') and         not callable(value) and         key not in skip_keys and         key not in dist.display_option_names    )};data[\\\'metadata\\\'] = {    k: v for k, v in dist.metadata.__dict__.items()     if k not in (\\\'license_files\\\', \\\'provides_extras\\\')};sys.stdout.buffer.write(repr(data).encode(\\\'utf-8\\\'))\']\' returned non-zero exit status 1.\n'}
[1.832725] (maincar) JobEnded: {'identifier': 'maincar', 'rc': 1}
[1.844381] (-) EventReactorShutdown: {}
