[0.707s] DEBUG:colcon:Command line arguments: ['/usr/bin/colcon', 'build']
[0.708s] DEBUG:colcon:Parsed command line arguments: Namespace(log_base=None, log_level=None, verb_name='build', build_base='build', install_base='install', merge_install=False, symlink_install=False, test_result_base=None, continue_on_error=False, executor='parallel', parallel_workers=4, event_handlers=None, ignore_user_meta=False, metas=['./colcon.meta'], base_paths=['.'], packages_ignore=None, packages_ignore_regex=None, paths=None, packages_up_to=None, packages_up_to_regex=None, packages_above=None, packages_above_and_dependencies=None, packages_above_depth=None, packages_select_by_dep=None, packages_skip_by_dep=None, packages_skip_up_to=None, packages_select_build_failed=False, packages_skip_build_finished=False, packages_select_test_failures=False, packages_skip_test_passed=False, packages_select=None, packages_skip=None, packages_select_regex=None, packages_skip_regex=None, packages_start=None, packages_end=None, allow_overriding=[], cmake_args=None, cmake_target=None, cmake_target_skip_unavailable=False, cmake_clean_cache=False, cmake_clean_first=False, cmake_force_configure=False, ament_cmake_args=None, catkin_cmake_args=None, catkin_skip_building_tests=False, verb_parser=<colcon_defaults.argument_parser.defaults.DefaultArgumentsDecorator object at 0xffffaffcf400>, verb_extension=<colcon_core.verb.build.BuildVerb object at 0xffffb01b87f0>, main=<bound method BuildVerb.main of <colcon_core.verb.build.BuildVerb object at 0xffffb01b87f0>>)
[1.751s] Level 1:colcon.colcon_core.package_discovery:discover_packages(colcon_meta) check parameters
[1.751s] Level 1:colcon.colcon_core.package_discovery:discover_packages(recursive) check parameters
[1.752s] Level 1:colcon.colcon_core.package_discovery:discover_packages(ignore) check parameters
[1.752s] Level 1:colcon.colcon_core.package_discovery:discover_packages(path) check parameters
[1.752s] Level 1:colcon.colcon_core.package_discovery:discover_packages(colcon_meta) discover
[1.752s] Level 1:colcon.colcon_core.package_discovery:discover_packages(recursive) discover
[1.753s] INFO:colcon.colcon_core.package_discovery:Crawling recursively for packages in '/home/alex/Desktop/repos/User-Interface/ros2_ws'
[1.753s] Level 1:colcon.colcon_core.package_identification:_identify(.) by extensions ['ignore', 'ignore_ament_install']
[1.754s] Level 1:colcon.colcon_core.package_identification:_identify(.) by extension 'ignore'
[1.754s] Level 1:colcon.colcon_core.package_identification:_identify(.) by extension 'ignore_ament_install'
[1.755s] Level 1:colcon.colcon_core.package_identification:_identify(.) by extensions ['colcon_pkg']
[1.755s] Level 1:colcon.colcon_core.package_identification:_identify(.) by extension 'colcon_pkg'
[1.755s] Level 1:colcon.colcon_core.package_identification:_identify(.) by extensions ['colcon_meta']
[1.755s] Level 1:colcon.colcon_core.package_identification:_identify(.) by extension 'colcon_meta'
[1.756s] Level 1:colcon.colcon_core.package_identification:_identify(.) by extensions ['ros']
[1.756s] Level 1:colcon.colcon_core.package_identification:_identify(.) by extension 'ros'
[1.832s] Level 1:colcon.colcon_core.package_identification:_identify(.) by extensions ['cmake', 'python']
[1.833s] Level 1:colcon.colcon_core.package_identification:_identify(.) by extension 'cmake'
[1.833s] Level 1:colcon.colcon_core.package_identification:_identify(.) by extension 'python'
[1.833s] Level 1:colcon.colcon_core.package_identification:_identify(.) by extensions ['python_setup_py']
[1.834s] Level 1:colcon.colcon_core.package_identification:_identify(.) by extension 'python_setup_py'
[1.835s] Level 1:colcon.colcon_core.package_identification:_identify(build) by extensions ['ignore', 'ignore_ament_install']
[1.836s] Level 1:colcon.colcon_core.package_identification:_identify(build) by extension 'ignore'
[1.836s] Level 1:colcon.colcon_core.package_identification:_identify(build) ignored
[1.838s] Level 1:colcon.colcon_core.package_identification:_identify(install) by extensions ['ignore', 'ignore_ament_install']
[1.839s] Level 1:colcon.colcon_core.package_identification:_identify(install) by extension 'ignore'
[1.839s] Level 1:colcon.colcon_core.package_identification:_identify(install) ignored
[1.841s] Level 1:colcon.colcon_core.package_identification:_identify(log) by extensions ['ignore', 'ignore_ament_install']
[1.842s] Level 1:colcon.colcon_core.package_identification:_identify(log) by extension 'ignore'
[1.843s] Level 1:colcon.colcon_core.package_identification:_identify(log) ignored
[1.844s] Level 1:colcon.colcon_core.package_identification:_identify(src) by extensions ['ignore', 'ignore_ament_install']
[1.845s] Level 1:colcon.colcon_core.package_identification:_identify(src) by extension 'ignore'
[1.846s] Level 1:colcon.colcon_core.package_identification:_identify(src) by extension 'ignore_ament_install'
[1.847s] Level 1:colcon.colcon_core.package_identification:_identify(src) by extensions ['colcon_pkg']
[1.847s] Level 1:colcon.colcon_core.package_identification:_identify(src) by extension 'colcon_pkg'
[1.848s] Level 1:colcon.colcon_core.package_identification:_identify(src) by extensions ['colcon_meta']
[1.848s] Level 1:colcon.colcon_core.package_identification:_identify(src) by extension 'colcon_meta'
[1.848s] Level 1:colcon.colcon_core.package_identification:_identify(src) by extensions ['ros']
[1.849s] Level 1:colcon.colcon_core.package_identification:_identify(src) by extension 'ros'
[1.849s] Level 1:colcon.colcon_core.package_identification:_identify(src) by extensions ['cmake', 'python']
[1.850s] Level 1:colcon.colcon_core.package_identification:_identify(src) by extension 'cmake'
[1.850s] Level 1:colcon.colcon_core.package_identification:_identify(src) by extension 'python'
[1.850s] Level 1:colcon.colcon_core.package_identification:_identify(src) by extensions ['python_setup_py']
[1.850s] Level 1:colcon.colcon_core.package_identification:_identify(src) by extension 'python_setup_py'
[1.851s] Level 1:colcon.colcon_core.package_identification:_identify(src/maincar) by extensions ['ignore', 'ignore_ament_install']
[1.851s] Level 1:colcon.colcon_core.package_identification:_identify(src/maincar) by extension 'ignore'
[1.852s] Level 1:colcon.colcon_core.package_identification:_identify(src/maincar) by extension 'ignore_ament_install'
[1.852s] Level 1:colcon.colcon_core.package_identification:_identify(src/maincar) by extensions ['colcon_pkg']
[1.852s] Level 1:colcon.colcon_core.package_identification:_identify(src/maincar) by extension 'colcon_pkg'
[1.853s] Level 1:colcon.colcon_core.package_identification:_identify(src/maincar) by extensions ['colcon_meta']
[1.853s] Level 1:colcon.colcon_core.package_identification:_identify(src/maincar) by extension 'colcon_meta'
[1.853s] Level 1:colcon.colcon_core.package_identification:_identify(src/maincar) by extensions ['ros']
[1.853s] Level 1:colcon.colcon_core.package_identification:_identify(src/maincar) by extension 'ros'
[1.869s] DEBUG:colcon.colcon_core.package_identification:Package 'src/maincar' with type 'ros.ament_python' and name 'maincar'
[1.870s] Level 1:colcon.colcon_core.package_identification:_identify(src/rtos) by extensions ['ignore', 'ignore_ament_install']
[1.871s] Level 1:colcon.colcon_core.package_identification:_identify(src/rtos) by extension 'ignore'
[1.872s] Level 1:colcon.colcon_core.package_identification:_identify(src/rtos) by extension 'ignore_ament_install'
[1.872s] Level 1:colcon.colcon_core.package_identification:_identify(src/rtos) by extensions ['colcon_pkg']
[1.873s] Level 1:colcon.colcon_core.package_identification:_identify(src/rtos) by extension 'colcon_pkg'
[1.873s] Level 1:colcon.colcon_core.package_identification:_identify(src/rtos) by extensions ['colcon_meta']
[1.873s] Level 1:colcon.colcon_core.package_identification:_identify(src/rtos) by extension 'colcon_meta'
[1.873s] Level 1:colcon.colcon_core.package_identification:_identify(src/rtos) by extensions ['ros']
[1.874s] Level 1:colcon.colcon_core.package_identification:_identify(src/rtos) by extension 'ros'
[1.878s] DEBUG:colcon.colcon_core.package_identification:Package 'src/rtos' with type 'ros.ament_cmake' and name 'rtos'
[1.878s] Level 1:colcon.colcon_core.package_discovery:discover_packages(recursive) using defaults
[1.879s] Level 1:colcon.colcon_core.package_discovery:discover_packages(ignore) discover
[1.879s] Level 1:colcon.colcon_core.package_discovery:discover_packages(ignore) using defaults
[1.879s] Level 1:colcon.colcon_core.package_discovery:discover_packages(path) discover
[1.879s] Level 1:colcon.colcon_core.package_discovery:discover_packages(path) using defaults
[2.023s] Level 1:colcon.colcon_core.package_discovery:discover_packages(prefix_path) check parameters
[2.023s] Level 1:colcon.colcon_core.package_discovery:discover_packages(prefix_path) discover
[2.055s] DEBUG:colcon.colcon_installed_package_information.package_discovery:Found 272 installed packages in /opt/ros/humble
[2.102s] Level 1:colcon.colcon_core.package_discovery:discover_packages(prefix_path) using defaults
[2.327s] Level 5:colcon.colcon_core.verb:set package 'maincar' build argument 'cmake_args' from command line to 'None'
[2.327s] Level 5:colcon.colcon_core.verb:set package 'maincar' build argument 'cmake_target' from command line to 'None'
[2.327s] Level 5:colcon.colcon_core.verb:set package 'maincar' build argument 'cmake_target_skip_unavailable' from command line to 'False'
[2.328s] Level 5:colcon.colcon_core.verb:set package 'maincar' build argument 'cmake_clean_cache' from command line to 'False'
[2.328s] Level 5:colcon.colcon_core.verb:set package 'maincar' build argument 'cmake_clean_first' from command line to 'False'
[2.328s] Level 5:colcon.colcon_core.verb:set package 'maincar' build argument 'cmake_force_configure' from command line to 'False'
[2.328s] Level 5:colcon.colcon_core.verb:set package 'maincar' build argument 'ament_cmake_args' from command line to 'None'
[2.328s] Level 5:colcon.colcon_core.verb:set package 'maincar' build argument 'catkin_cmake_args' from command line to 'None'
[2.328s] Level 5:colcon.colcon_core.verb:set package 'maincar' build argument 'catkin_skip_building_tests' from command line to 'False'
[2.328s] DEBUG:colcon.colcon_core.verb:Building package 'maincar' with the following arguments: {'ament_cmake_args': None, 'build_base': '/home/alex/Desktop/repos/User-Interface/ros2_ws/build/maincar', 'catkin_cmake_args': None, 'catkin_skip_building_tests': False, 'cmake_args': None, 'cmake_clean_cache': False, 'cmake_clean_first': False, 'cmake_force_configure': False, 'cmake_target': None, 'cmake_target_skip_unavailable': False, 'install_base': '/home/alex/Desktop/repos/User-Interface/ros2_ws/install/maincar', 'merge_install': False, 'path': '/home/alex/Desktop/repos/User-Interface/ros2_ws/src/maincar', 'symlink_install': False, 'test_result_base': None}
[2.330s] Level 5:colcon.colcon_core.verb:set package 'rtos' build argument 'cmake_args' from command line to 'None'
[2.331s] Level 5:colcon.colcon_core.verb:set package 'rtos' build argument 'cmake_target' from command line to 'None'
[2.331s] Level 5:colcon.colcon_core.verb:set package 'rtos' build argument 'cmake_target_skip_unavailable' from command line to 'False'
[2.331s] Level 5:colcon.colcon_core.verb:set package 'rtos' build argument 'cmake_clean_cache' from command line to 'False'
[2.331s] Level 5:colcon.colcon_core.verb:set package 'rtos' build argument 'cmake_clean_first' from command line to 'False'
[2.331s] Level 5:colcon.colcon_core.verb:set package 'rtos' build argument 'cmake_force_configure' from command line to 'False'
[2.331s] Level 5:colcon.colcon_core.verb:set package 'rtos' build argument 'ament_cmake_args' from command line to 'None'
[2.331s] Level 5:colcon.colcon_core.verb:set package 'rtos' build argument 'catkin_cmake_args' from command line to 'None'
[2.332s] Level 5:colcon.colcon_core.verb:set package 'rtos' build argument 'catkin_skip_building_tests' from command line to 'False'
[2.332s] DEBUG:colcon.colcon_core.verb:Building package 'rtos' with the following arguments: {'ament_cmake_args': None, 'build_base': '/home/alex/Desktop/repos/User-Interface/ros2_ws/build/rtos', 'catkin_cmake_args': None, 'catkin_skip_building_tests': False, 'cmake_args': None, 'cmake_clean_cache': False, 'cmake_clean_first': False, 'cmake_force_configure': False, 'cmake_target': None, 'cmake_target_skip_unavailable': False, 'install_base': '/home/alex/Desktop/repos/User-Interface/ros2_ws/install/rtos', 'merge_install': False, 'path': '/home/alex/Desktop/repos/User-Interface/ros2_ws/src/rtos', 'symlink_install': False, 'test_result_base': None}
[2.333s] INFO:colcon.colcon_core.executor:Executing jobs using 'parallel' executor
[2.336s] DEBUG:colcon.colcon_parallel_executor.executor.parallel:run_until_complete
[2.338s] INFO:colcon.colcon_ros.task.ament_python.build:Building ROS package in '/home/alex/Desktop/repos/User-Interface/ros2_ws/src/maincar' with build type 'ament_python'
[2.339s] Level 1:colcon.colcon_core.shell:create_environment_hook('maincar', 'ament_prefix_path')
[2.358s] INFO:colcon.colcon_core.plugin_system:Skipping extension 'colcon_core.shell.bat': Not used on non-Windows systems
[2.359s] INFO:colcon.colcon_core.shell:Creating environment hook '/home/alex/Desktop/repos/User-Interface/ros2_ws/install/maincar/share/maincar/hook/ament_prefix_path.ps1'
[2.363s] INFO:colcon.colcon_core.shell:Creating environment descriptor '/home/alex/Desktop/repos/User-Interface/ros2_ws/install/maincar/share/maincar/hook/ament_prefix_path.dsv'
[2.365s] INFO:colcon.colcon_core.shell:Creating environment hook '/home/alex/Desktop/repos/User-Interface/ros2_ws/install/maincar/share/maincar/hook/ament_prefix_path.sh'
[2.370s] INFO:colcon.colcon_core.shell:Skip shell extension 'powershell' for command environment: Not usable outside of PowerShell
[2.370s] DEBUG:colcon.colcon_core.shell:Skip shell extension 'dsv' for command environment
[2.389s] INFO:colcon.colcon_ros.task.ament_cmake.build:Building ROS package in '/home/alex/Desktop/repos/User-Interface/ros2_ws/src/rtos' with build type 'ament_cmake'
[2.389s] INFO:colcon.colcon_cmake.task.cmake.build:Building CMake package in '/home/alex/Desktop/repos/User-Interface/ros2_ws/src/rtos'
[2.391s] INFO:colcon.colcon_core.shell:Skip shell extension 'powershell' for command environment: Not usable outside of PowerShell
[2.392s] DEBUG:colcon.colcon_core.shell:Skip shell extension 'dsv' for command environment
[3.863s] INFO:colcon.colcon_core.task.python.build:Building Python package in '/home/alex/Desktop/repos/User-Interface/ros2_ws/src/maincar'
[3.864s] INFO:colcon.colcon_core.shell:Skip shell extension 'powershell' for command environment: Not usable outside of PowerShell
[3.865s] DEBUG:colcon.colcon_core.shell:Skip shell extension 'dsv' for command environment
[3.906s] DEBUG:colcon.colcon_core.event_handler.log_command:Invoking command in '/home/alex/Desktop/repos/User-Interface/ros2_ws/build/rtos': CMAKE_PREFIX_PATH=/opt/ros/humble /usr/bin/cmake --build /home/alex/Desktop/repos/User-Interface/ros2_ws/build/rtos -- -j4 -l4
[6.125s] DEBUG:colcon.colcon_core.event_handler.log_command:Invoking command in '/home/alex/Desktop/repos/User-Interface/ros2_ws/src/maincar': PYTHONPATH=/home/alex/Desktop/repos/User-Interface/ros2_ws/build/maincar/prefix_override:/usr/lib/python3/dist-packages/colcon_core/task/python/colcon_distutils_commands:/home/alex/Desktop/repos/User-Interface/ros2_ws/install/maincar/lib/python3.10/site-packages:${PYTHONPATH} /usr/bin/python3 -W ignore:setup.py install is deprecated -W ignore:easy_install command is deprecated setup.py egg_info --egg-base ../../build/maincar build --build-base /home/alex/Desktop/repos/User-Interface/ros2_ws/build/maincar/build install --record /home/alex/Desktop/repos/User-Interface/ros2_ws/build/maincar/install.log --single-version-externally-managed install_data
[8.051s] DEBUG:colcon.colcon_core.event_handler.log_command:Invoked command in '/home/alex/Desktop/repos/User-Interface/ros2_ws/src/maincar' returned '0': PYTHONPATH=/home/alex/Desktop/repos/User-Interface/ros2_ws/build/maincar/prefix_override:/usr/lib/python3/dist-packages/colcon_core/task/python/colcon_distutils_commands:/home/alex/Desktop/repos/User-Interface/ros2_ws/install/maincar/lib/python3.10/site-packages:${PYTHONPATH} /usr/bin/python3 -W ignore:setup.py install is deprecated -W ignore:easy_install command is deprecated setup.py egg_info --egg-base ../../build/maincar build --build-base /home/alex/Desktop/repos/User-Interface/ros2_ws/build/maincar/build install --record /home/alex/Desktop/repos/User-Interface/ros2_ws/build/maincar/install.log --single-version-externally-managed install_data
[8.078s] Level 1:colcon.colcon_core.environment:checking '/home/alex/Desktop/repos/User-Interface/ros2_ws/install/maincar' for CMake module files
[8.082s] Level 1:colcon.colcon_core.environment:checking '/home/alex/Desktop/repos/User-Interface/ros2_ws/install/maincar' for CMake config files
[8.088s] Level 1:colcon.colcon_core.environment:checking '/home/alex/Desktop/repos/User-Interface/ros2_ws/install/maincar/lib'
[8.089s] Level 1:colcon.colcon_core.environment:checking '/home/alex/Desktop/repos/User-Interface/ros2_ws/install/maincar/bin'
[8.089s] Level 1:colcon.colcon_core.environment:checking '/home/alex/Desktop/repos/User-Interface/ros2_ws/install/maincar/lib/pkgconfig/maincar.pc'
[8.091s] Level 1:colcon.colcon_core.environment:checking '/home/alex/Desktop/repos/User-Interface/ros2_ws/install/maincar/lib/python3.10/site-packages'
[8.091s] Level 1:colcon.colcon_core.shell:create_environment_hook('maincar', 'pythonpath')
[8.092s] INFO:colcon.colcon_core.shell:Creating environment hook '/home/alex/Desktop/repos/User-Interface/ros2_ws/install/maincar/share/maincar/hook/pythonpath.ps1'
[8.095s] INFO:colcon.colcon_core.shell:Creating environment descriptor '/home/alex/Desktop/repos/User-Interface/ros2_ws/install/maincar/share/maincar/hook/pythonpath.dsv'
[8.098s] INFO:colcon.colcon_core.shell:Creating environment hook '/home/alex/Desktop/repos/User-Interface/ros2_ws/install/maincar/share/maincar/hook/pythonpath.sh'
[8.102s] Level 1:colcon.colcon_core.environment:checking '/home/alex/Desktop/repos/User-Interface/ros2_ws/install/maincar/bin'
[8.102s] Level 1:colcon.colcon_core.environment:create_environment_scripts_only(maincar)
[8.104s] INFO:colcon.colcon_core.shell:Creating package script '/home/alex/Desktop/repos/User-Interface/ros2_ws/install/maincar/share/maincar/package.ps1'
[8.109s] INFO:colcon.colcon_core.shell:Creating package descriptor '/home/alex/Desktop/repos/User-Interface/ros2_ws/install/maincar/share/maincar/package.dsv'
[8.112s] INFO:colcon.colcon_core.shell:Creating package script '/home/alex/Desktop/repos/User-Interface/ros2_ws/install/maincar/share/maincar/package.sh'
[8.116s] INFO:colcon.colcon_core.shell:Creating package script '/home/alex/Desktop/repos/User-Interface/ros2_ws/install/maincar/share/maincar/package.bash'
[8.122s] INFO:colcon.colcon_core.shell:Creating package script '/home/alex/Desktop/repos/User-Interface/ros2_ws/install/maincar/share/maincar/package.zsh'
[8.125s] Level 1:colcon.colcon_core.environment:create_file_with_runtime_dependencies(/home/alex/Desktop/repos/User-Interface/ros2_ws/install/maincar/share/colcon-core/packages/maincar)
[31.775s] DEBUG:colcon.colcon_core.event_handler.log_command:Invoked command in '/home/alex/Desktop/repos/User-Interface/ros2_ws/build/rtos' returned '0': CMAKE_PREFIX_PATH=/opt/ros/humble /usr/bin/cmake --build /home/alex/Desktop/repos/User-Interface/ros2_ws/build/rtos -- -j4 -l4
[31.826s] DEBUG:colcon.colcon_core.event_handler.log_command:Invoking command in '/home/alex/Desktop/repos/User-Interface/ros2_ws/build/rtos': CMAKE_PREFIX_PATH=/opt/ros/humble /usr/bin/cmake --install /home/alex/Desktop/repos/User-Interface/ros2_ws/build/rtos
[31.894s] Level 1:colcon.colcon_core.environment:create_environment_scripts_only(rtos)
[31.896s] Level 1:colcon.colcon_core.environment:checking '/home/alex/Desktop/repos/User-Interface/ros2_ws/install/rtos' for CMake module files
[31.897s] DEBUG:colcon.colcon_core.event_handler.log_command:Invoked command in '/home/alex/Desktop/repos/User-Interface/ros2_ws/build/rtos' returned '0': CMAKE_PREFIX_PATH=/opt/ros/humble /usr/bin/cmake --install /home/alex/Desktop/repos/User-Interface/ros2_ws/build/rtos
[31.900s] Level 1:colcon.colcon_core.environment:checking '/home/alex/Desktop/repos/User-Interface/ros2_ws/install/rtos' for CMake config files
[31.902s] Level 1:colcon.colcon_core.shell:create_environment_hook('rtos', 'cmake_prefix_path')
[31.903s] INFO:colcon.colcon_core.shell:Creating environment hook '/home/alex/Desktop/repos/User-Interface/ros2_ws/install/rtos/share/rtos/hook/cmake_prefix_path.ps1'
[31.906s] INFO:colcon.colcon_core.shell:Creating environment descriptor '/home/alex/Desktop/repos/User-Interface/ros2_ws/install/rtos/share/rtos/hook/cmake_prefix_path.dsv'
[31.909s] INFO:colcon.colcon_core.shell:Creating environment hook '/home/alex/Desktop/repos/User-Interface/ros2_ws/install/rtos/share/rtos/hook/cmake_prefix_path.sh'
[31.913s] Level 1:colcon.colcon_core.environment:checking '/home/alex/Desktop/repos/User-Interface/ros2_ws/install/rtos/lib'
[31.914s] Level 1:colcon.colcon_core.environment:checking '/home/alex/Desktop/repos/User-Interface/ros2_ws/install/rtos/bin'
[31.914s] Level 1:colcon.colcon_core.environment:checking '/home/alex/Desktop/repos/User-Interface/ros2_ws/install/rtos/lib/pkgconfig/rtos.pc'
[31.915s] Level 1:colcon.colcon_core.environment:checking '/home/alex/Desktop/repos/User-Interface/ros2_ws/install/rtos/lib/python3.10/site-packages'
[31.917s] Level 1:colcon.colcon_core.environment:checking '/home/alex/Desktop/repos/User-Interface/ros2_ws/install/rtos/bin'
[31.919s] INFO:colcon.colcon_core.shell:Creating package script '/home/alex/Desktop/repos/User-Interface/ros2_ws/install/rtos/share/rtos/package.ps1'
[31.922s] INFO:colcon.colcon_core.shell:Creating package descriptor '/home/alex/Desktop/repos/User-Interface/ros2_ws/install/rtos/share/rtos/package.dsv'
[31.925s] INFO:colcon.colcon_core.shell:Creating package script '/home/alex/Desktop/repos/User-Interface/ros2_ws/install/rtos/share/rtos/package.sh'
[31.928s] INFO:colcon.colcon_core.shell:Creating package script '/home/alex/Desktop/repos/User-Interface/ros2_ws/install/rtos/share/rtos/package.bash'
[31.930s] INFO:colcon.colcon_core.shell:Creating package script '/home/alex/Desktop/repos/User-Interface/ros2_ws/install/rtos/share/rtos/package.zsh'
[31.932s] Level 1:colcon.colcon_core.environment:create_file_with_runtime_dependencies(/home/alex/Desktop/repos/User-Interface/ros2_ws/install/rtos/share/colcon-core/packages/rtos)
[31.936s] Level 1:colcon.colcon_core.environment:create_environment_scripts_only(rtos)
[31.937s] Level 1:colcon.colcon_core.environment:checking '/home/alex/Desktop/repos/User-Interface/ros2_ws/install/rtos' for CMake module files
[31.940s] Level 1:colcon.colcon_core.environment:checking '/home/alex/Desktop/repos/User-Interface/ros2_ws/install/rtos' for CMake config files
[31.942s] Level 1:colcon.colcon_core.shell:create_environment_hook('rtos', 'cmake_prefix_path')
[31.943s] INFO:colcon.colcon_core.shell:Creating environment hook '/home/alex/Desktop/repos/User-Interface/ros2_ws/install/rtos/share/rtos/hook/cmake_prefix_path.ps1'
[31.945s] INFO:colcon.colcon_core.shell:Creating environment descriptor '/home/alex/Desktop/repos/User-Interface/ros2_ws/install/rtos/share/rtos/hook/cmake_prefix_path.dsv'
[31.948s] INFO:colcon.colcon_core.shell:Creating environment hook '/home/alex/Desktop/repos/User-Interface/ros2_ws/install/rtos/share/rtos/hook/cmake_prefix_path.sh'
[31.951s] Level 1:colcon.colcon_core.environment:checking '/home/alex/Desktop/repos/User-Interface/ros2_ws/install/rtos/lib'
[31.952s] Level 1:colcon.colcon_core.environment:checking '/home/alex/Desktop/repos/User-Interface/ros2_ws/install/rtos/bin'
[31.952s] Level 1:colcon.colcon_core.environment:checking '/home/alex/Desktop/repos/User-Interface/ros2_ws/install/rtos/lib/pkgconfig/rtos.pc'
[31.953s] Level 1:colcon.colcon_core.environment:checking '/home/alex/Desktop/repos/User-Interface/ros2_ws/install/rtos/lib/python3.10/site-packages'
[31.955s] Level 1:colcon.colcon_core.environment:checking '/home/alex/Desktop/repos/User-Interface/ros2_ws/install/rtos/bin'
[31.957s] INFO:colcon.colcon_core.shell:Creating package script '/home/alex/Desktop/repos/User-Interface/ros2_ws/install/rtos/share/rtos/package.ps1'
[31.960s] INFO:colcon.colcon_core.shell:Creating package descriptor '/home/alex/Desktop/repos/User-Interface/ros2_ws/install/rtos/share/rtos/package.dsv'
[31.962s] INFO:colcon.colcon_core.shell:Creating package script '/home/alex/Desktop/repos/User-Interface/ros2_ws/install/rtos/share/rtos/package.sh'
[31.967s] INFO:colcon.colcon_core.shell:Creating package script '/home/alex/Desktop/repos/User-Interface/ros2_ws/install/rtos/share/rtos/package.bash'
[31.970s] INFO:colcon.colcon_core.shell:Creating package script '/home/alex/Desktop/repos/User-Interface/ros2_ws/install/rtos/share/rtos/package.zsh'
[31.972s] Level 1:colcon.colcon_core.environment:create_file_with_runtime_dependencies(/home/alex/Desktop/repos/User-Interface/ros2_ws/install/rtos/share/colcon-core/packages/rtos)
[31.974s] DEBUG:colcon.colcon_parallel_executor.executor.parallel:closing loop
[31.975s] DEBUG:colcon.colcon_parallel_executor.executor.parallel:loop closed
[31.976s] DEBUG:colcon.colcon_parallel_executor.executor.parallel:run_until_complete finished with '0'
[31.976s] DEBUG:colcon.colcon_core.event_reactor:joining thread
[32.001s] INFO:colcon.colcon_core.plugin_system:Skipping extension 'colcon_notification.desktop_notification.terminal_notifier': Not used on non-Darwin systems
[32.002s] INFO:colcon.colcon_core.plugin_system:Skipping extension 'colcon_notification.desktop_notification.win32': Not used on non-Windows systems
[32.002s] INFO:colcon.colcon_notification.desktop_notification:Sending desktop notification using 'notify2'
[32.068s] DEBUG:colcon.colcon_core.event_reactor:joined thread
[32.070s] INFO:colcon.colcon_core.shell:Creating prefix script '/home/alex/Desktop/repos/User-Interface/ros2_ws/install/local_setup.ps1'
[32.075s] INFO:colcon.colcon_core.shell:Creating prefix util module '/home/alex/Desktop/repos/User-Interface/ros2_ws/install/_local_setup_util_ps1.py'
[32.083s] INFO:colcon.colcon_core.shell:Creating prefix chain script '/home/alex/Desktop/repos/User-Interface/ros2_ws/install/setup.ps1'
[32.090s] INFO:colcon.colcon_core.shell:Creating prefix script '/home/alex/Desktop/repos/User-Interface/ros2_ws/install/local_setup.sh'
[32.096s] INFO:colcon.colcon_core.shell:Creating prefix util module '/home/alex/Desktop/repos/User-Interface/ros2_ws/install/_local_setup_util_sh.py'
[32.101s] INFO:colcon.colcon_core.shell:Creating prefix chain script '/home/alex/Desktop/repos/User-Interface/ros2_ws/install/setup.sh'
[32.107s] INFO:colcon.colcon_core.shell:Creating prefix script '/home/alex/Desktop/repos/User-Interface/ros2_ws/install/local_setup.bash'
[32.112s] INFO:colcon.colcon_core.shell:Creating prefix chain script '/home/alex/Desktop/repos/User-Interface/ros2_ws/install/setup.bash'
[32.121s] INFO:colcon.colcon_core.shell:Creating prefix script '/home/alex/Desktop/repos/User-Interface/ros2_ws/install/local_setup.zsh'
[32.127s] INFO:colcon.colcon_core.shell:Creating prefix chain script '/home/alex/Desktop/repos/User-Interface/ros2_ws/install/setup.zsh'
