-- Found ament_cmake: 1.3.12 (/opt/ros/humble/share/ament_cmake/cmake)
-- Found rclcpp: 16.0.17 (/opt/ros/humble/share/rclcpp/cmake)
-- Found rosidl_generator_c: 3.1.8 (/opt/ros/humble/share/rosidl_generator_c/cmake)
-- Found rosidl_adapter: 3.1.8 (/opt/ros/humble/share/rosidl_adapter/cmake)
-- Found rosidl_generator_cpp: 3.1.8 (/opt/ros/humble/share/rosidl_generator_cpp/cmake)
-- Using all available rosidl_typesupport_c: rosidl_typesupport_fastrtps_c;rosidl_typesupport_introspection_c
-- Using all available rosidl_typesupport_cpp: rosidl_typesupport_fastrtps_cpp;rosidl_typesupport_introspection_cpp
-- Found rmw_implementation_cmake: 6.1.2 (/opt/ros/humble/share/rmw_implementation_cmake/cmake)
-- Found rmw_fastrtps_cpp: 6.2.9 (/opt/ros/humble/share/rmw_fastrtps_cpp/cmake)
-- Using RMW implementation 'rmw_fastrtps_cpp' as default
-- Found sensor_msgs: 4.9.0 (/opt/ros/humble/share/sensor_msgs/cmake)
-- Configuring done
-- Generating done
-- Build files have been written to: /home/alex/Desktop/repos/User-Interface/ros2_ws/build/rtos
[ 25%] [32mBuilding CXX object CMakeFiles/test_Pub.dir/src/ui_rtos_pub.cpp.o[0m
[ 50%] [32mBuilding CXX object CMakeFiles/test_Sub.dir/src/ui_rtos_sub.cpp.o[0m
[ 75%] [32m[1mLinking CXX executable test_Pub[0m
[ 75%] Built target test_Pub
[100%] [32m[1mLinking CXX executable test_Sub[0m
[100%] Built target test_Sub
-- Install configuration: ""
-- Installing: /home/alex/Desktop/repos/User-Interface/ros2_ws/install/rtos/lib/rtos/test_Sub
-- Set runtime path of "/home/alex/Desktop/repos/User-Interface/ros2_ws/install/rtos/lib/rtos/test_Sub" to ""
-- Installing: /home/alex/Desktop/repos/User-Interface/ros2_ws/install/rtos/lib/rtos/test_Pub
-- Set runtime path of "/home/alex/Desktop/repos/User-Interface/ros2_ws/install/rtos/lib/rtos/test_Pub" to ""
-- Installing: /home/alex/Desktop/repos/User-Interface/ros2_ws/install/rtos/share/ament_index/resource_index/package_run_dependencies/rtos
-- Installing: /home/alex/Desktop/repos/User-Interface/ros2_ws/install/rtos/share/ament_index/resource_index/parent_prefix_path/rtos
-- Installing: /home/alex/Desktop/repos/User-Interface/ros2_ws/install/rtos/share/rtos/environment/ament_prefix_path.sh
-- Installing: /home/alex/Desktop/repos/User-Interface/ros2_ws/install/rtos/share/rtos/environment/ament_prefix_path.dsv
-- Installing: /home/alex/Desktop/repos/User-Interface/ros2_ws/install/rtos/share/rtos/environment/path.sh
-- Installing: /home/alex/Desktop/repos/User-Interface/ros2_ws/install/rtos/share/rtos/environment/path.dsv
-- Installing: /home/alex/Desktop/repos/User-Interface/ros2_ws/install/rtos/share/rtos/local_setup.bash
-- Installing: /home/alex/Desktop/repos/User-Interface/ros2_ws/install/rtos/share/rtos/local_setup.sh
-- Installing: /home/alex/Desktop/repos/User-Interface/ros2_ws/install/rtos/share/rtos/local_setup.zsh
-- Installing: /home/alex/Desktop/repos/User-Interface/ros2_ws/install/rtos/share/rtos/local_setup.dsv
-- Installing: /home/alex/Desktop/repos/User-Interface/ros2_ws/install/rtos/share/rtos/package.dsv
-- Installing: /home/alex/Desktop/repos/User-Interface/ros2_ws/install/rtos/share/ament_index/resource_index/packages/rtos
-- Installing: /home/alex/Desktop/repos/User-Interface/ros2_ws/install/rtos/share/rtos/cmake/rtosConfig.cmake
-- Installing: /home/alex/Desktop/repos/User-Interface/ros2_ws/install/rtos/share/rtos/cmake/rtosConfig-version.cmake
-- Installing: /home/alex/Desktop/repos/User-Interface/ros2_ws/install/rtos/share/rtos/package.xml
