[0.018s] Invoking command in '/home/alextempel/code/ui/User-Interface/ros2_ws/build/rtos': CMAKE_PREFIX_PATH=/home/alextempel/ros2_ws/install/my_package:/opt/ros/humble /usr/bin/cmake --build /home/alextempel/code/ui/User-Interface/ros2_ws/build/rtos -- -j16 -l16
[0.076s] -- Found ament_cmake: 1.3.13 (/opt/ros/humble/share/ament_cmake/cmake)
[0.195s] -- Found rclcpp: 16.0.18 (/opt/ros/humble/share/rclcpp/cmake)
[0.354s] -- Found rosidl_generator_c: 3.1.8 (/opt/ros/humble/share/rosidl_generator_c/cmake)
[0.357s] -- Found rosidl_adapter: 3.1.8 (/opt/ros/humble/share/rosidl_adapter/cmake)
[0.364s] -- Found rosidl_generator_cpp: 3.1.8 (/opt/ros/humble/share/rosidl_generator_cpp/cmake)
[0.377s] -- Using all available rosidl_typesupport_c: rosidl_typesupport_fastrtps_c;rosidl_typesupport_introspection_c
[0.392s] -- Using all available rosidl_typesupport_cpp: rosidl_typesupport_fastrtps_cpp;rosidl_typesupport_introspection_cpp
[0.428s] -- Found rmw_implementation_cmake: 6.1.2 (/opt/ros/humble/share/rmw_implementation_cmake/cmake)
[0.430s] -- Found rmw_fastrtps_cpp: 6.2.10 (/opt/ros/humble/share/rmw_fastrtps_cpp/cmake)
[5.263s] -- Using RMW implementation 'rmw_fastrtps_cpp' as default
[5.313s] -- Found sensor_msgs: 4.9.1 (/opt/ros/humble/share/sensor_msgs/cmake)
[5.396s] -- Configuring done
[5.412s] -- Generating done
[5.417s] -- Build files have been written to: /home/alextempel/code/ui/User-Interface/ros2_ws/build/rtos
[5.442s] [35m[1mConsolidate compiler generated dependencies of target ui_rtos_pub[0m
[5.442s] [35m[1mConsolidate compiler generated dependencies of target ui_rtos_sub[0m
[5.455s] [ 50%] [32mBuilding CXX object CMakeFiles/ui_rtos_sub.dir/src/ui_rtos_sub.cpp.o[0m
[5.455s] [ 50%] [32mBuilding CXX object CMakeFiles/ui_rtos_pub.dir/src/ui_rtos_pub.cpp.o[0m
[9.577s] [ 75%] [32m[1mLinking CXX executable ui_rtos_pub[0m
[9.859s] [ 75%] Built target ui_rtos_pub
[11.758s] [100%] [32m[1mLinking CXX executable ui_rtos_sub[0m
[12.107s] [100%] Built target ui_rtos_sub
[12.117s] Invoked command in '/home/alextempel/code/ui/User-Interface/ros2_ws/build/rtos' returned '0': CMAKE_PREFIX_PATH=/home/alextempel/ros2_ws/install/my_package:/opt/ros/humble /usr/bin/cmake --build /home/alextempel/code/ui/User-Interface/ros2_ws/build/rtos -- -j16 -l16
[12.125s] Invoking command in '/home/alextempel/code/ui/User-Interface/ros2_ws/build/rtos': CMAKE_PREFIX_PATH=/home/alextempel/ros2_ws/install/my_package:/opt/ros/humble /usr/bin/cmake --install /home/alextempel/code/ui/User-Interface/ros2_ws/build/rtos
[12.130s] -- Install configuration: ""
[12.131s] -- Installing: /home/alextempel/code/ui/User-Interface/ros2_ws/install/rtos/lib/rtos/ui_rtos_sub
[12.134s] -- Set runtime path of "/home/alextempel/code/ui/User-Interface/ros2_ws/install/rtos/lib/rtos/ui_rtos_sub" to ""
[12.135s] -- Installing: /home/alextempel/code/ui/User-Interface/ros2_ws/install/rtos/lib/rtos/ui_rtos_pub
[12.136s] -- Set runtime path of "/home/alextempel/code/ui/User-Interface/ros2_ws/install/rtos/lib/rtos/ui_rtos_pub" to ""
[12.136s] -- Up-to-date: /home/alextempel/code/ui/User-Interface/ros2_ws/install/rtos/share/ament_index/resource_index/package_run_dependencies/rtos
[12.136s] -- Up-to-date: /home/alextempel/code/ui/User-Interface/ros2_ws/install/rtos/share/ament_index/resource_index/parent_prefix_path/rtos
[12.136s] -- Up-to-date: /home/alextempel/code/ui/User-Interface/ros2_ws/install/rtos/share/rtos/environment/ament_prefix_path.sh
[12.136s] -- Installing: /home/alextempel/code/ui/User-Interface/ros2_ws/install/rtos/share/rtos/environment/ament_prefix_path.dsv
[12.136s] -- Up-to-date: /home/alextempel/code/ui/User-Interface/ros2_ws/install/rtos/share/rtos/environment/path.sh
[12.136s] -- Installing: /home/alextempel/code/ui/User-Interface/ros2_ws/install/rtos/share/rtos/environment/path.dsv
[12.137s] -- Up-to-date: /home/alextempel/code/ui/User-Interface/ros2_ws/install/rtos/share/rtos/local_setup.bash
[12.137s] -- Up-to-date: /home/alextempel/code/ui/User-Interface/ros2_ws/install/rtos/share/rtos/local_setup.sh
[12.137s] -- Up-to-date: /home/alextempel/code/ui/User-Interface/ros2_ws/install/rtos/share/rtos/local_setup.zsh
[12.137s] -- Installing: /home/alextempel/code/ui/User-Interface/ros2_ws/install/rtos/share/rtos/local_setup.dsv
[12.137s] -- Installing: /home/alextempel/code/ui/User-Interface/ros2_ws/install/rtos/share/rtos/package.dsv
[12.137s] -- Up-to-date: /home/alextempel/code/ui/User-Interface/ros2_ws/install/rtos/share/ament_index/resource_index/packages/rtos
[12.137s] -- Up-to-date: /home/alextempel/code/ui/User-Interface/ros2_ws/install/rtos/share/rtos/cmake/rtosConfig.cmake
[12.137s] -- Up-to-date: /home/alextempel/code/ui/User-Interface/ros2_ws/install/rtos/share/rtos/cmake/rtosConfig-version.cmake
[12.137s] -- Up-to-date: /home/alextempel/code/ui/User-Interface/ros2_ws/install/rtos/share/rtos/package.xml
[12.139s] Invoked command in '/home/alextempel/code/ui/User-Interface/ros2_ws/build/rtos' returned '0': CMAKE_PREFIX_PATH=/home/alextempel/ros2_ws/install/my_package:/opt/ros/humble /usr/bin/cmake --install /home/alextempel/code/ui/User-Interface/ros2_ws/build/rtos
