[0.531s] Invoking command in '/home/alex/AV Project 2025/repos/User-Interface/ros2_ws/src/maincar': PYTHONPATH=/home/alex/AV Project 2025/repos/User-Interface/ros2_ws/build/maincar/prefix_override:/usr/lib/python3/dist-packages/colcon_core/task/python/colcon_distutils_commands:/home/alex/AV Project 2025/repos/User-Interface/ros2_ws/install/maincar/lib/python3.10/site-packages:${PYTHONPATH} /usr/bin/python3 -W ignore:setup.py install is deprecated -W ignore:easy_install command is deprecated setup.py egg_info --egg-base ../../build/maincar build --build-base /home/alex/AV Project 2025/repos/User-Interface/ros2_ws/build/maincar/build install --record /home/alex/AV Project 2025/repos/User-Interface/ros2_ws/build/maincar/install.log --single-version-externally-managed install_data
[0.747s] running egg_info
[0.748s] writing ../../build/maincar/maincar.egg-info/PKG-INFO
[0.749s] writing dependency_links to ../../build/maincar/maincar.egg-info/dependency_links.txt
[0.749s] writing entry points to ../../build/maincar/maincar.egg-info/entry_points.txt
[0.749s] writing requirements to ../../build/maincar/maincar.egg-info/requires.txt
[0.749s] writing top-level names to ../../build/maincar/maincar.egg-info/top_level.txt
[0.750s] reading manifest file '../../build/maincar/maincar.egg-info/SOURCES.txt'
[0.751s] writing manifest file '../../build/maincar/maincar.egg-info/SOURCES.txt'
[0.752s] running build
[0.752s] running build_py
[0.752s] running install
[0.752s] running install_lib
[0.753s] running install_data
[0.753s] running install_egg_info
[0.755s] removing '/home/alex/AV Project 2025/repos/User-Interface/ros2_ws/install/maincar/lib/python3.10/site-packages/maincar-0.0.0-py3.10.egg-info' (and everything under it)
[0.756s] Copying ../../build/maincar/maincar.egg-info to /home/alex/AV Project 2025/repos/User-Interface/ros2_ws/install/maincar/lib/python3.10/site-packages/maincar-0.0.0-py3.10.egg-info
[0.757s] running install_scripts
[0.776s] Installing ui_test_publish script to /home/alex/AV Project 2025/repos/User-Interface/ros2_ws/install/maincar/lib/maincar
[0.776s] writing list of installed files to '/home/alex/AV Project 2025/repos/User-Interface/ros2_ws/build/maincar/install.log'
[0.799s] Invoked command in '/home/alex/AV Project 2025/repos/User-Interface/ros2_ws/src/maincar' returned '0': PYTHONPATH=/home/alex/AV Project 2025/repos/User-Interface/ros2_ws/build/maincar/prefix_override:/usr/lib/python3/dist-packages/colcon_core/task/python/colcon_distutils_commands:/home/alex/AV Project 2025/repos/User-Interface/ros2_ws/install/maincar/lib/python3.10/site-packages:${PYTHONPATH} /usr/bin/python3 -W ignore:setup.py install is deprecated -W ignore:easy_install command is deprecated setup.py egg_info --egg-base ../../build/maincar build --build-base /home/alex/AV Project 2025/repos/User-Interface/ros2_ws/build/maincar/build install --record /home/alex/AV Project 2025/repos/User-Interface/ros2_ws/build/maincar/install.log --single-version-externally-managed install_data
