[2.997s] Invoking command in '/home/aavui/Desktop/User-Interface/ros2_ws/src/maincar': PYTHONPATH=/home/aavui/Desktop/User-Interface/ros2_ws/build/maincar/prefix_override:/usr/lib/python3/dist-packages/colcon_core/task/python/colcon_distutils_commands:/home/aavui/Desktop/User-Interface/ros2_ws/install/maincar/lib/python3.10/site-packages:${PYTHONPATH} /usr/bin/python3 -W ignore:setup.py install is deprecated -W ignore:easy_install command is deprecated setup.py egg_info --egg-base ../../build/maincar build --build-base /home/aavui/Desktop/User-Interface/ros2_ws/build/maincar/build install --record /home/aavui/Desktop/User-Interface/ros2_ws/build/maincar/install.log --single-version-externally-managed install_data
[4.153s] running egg_info
[4.156s] creating ../../build/maincar/maincar.egg-info
[4.157s] writing ../../build/maincar/maincar.egg-info/PKG-INFO
[4.158s] writing dependency_links to ../../build/maincar/maincar.egg-info/dependency_links.txt
[4.158s] writing entry points to ../../build/maincar/maincar.egg-info/entry_points.txt
[4.159s] writing requirements to ../../build/maincar/maincar.egg-info/requires.txt
[4.160s] writing top-level names to ../../build/maincar/maincar.egg-info/top_level.txt
[4.161s] writing manifest file '../../build/maincar/maincar.egg-info/SOURCES.txt'
[4.173s] reading manifest file '../../build/maincar/maincar.egg-info/SOURCES.txt'
[4.176s] writing manifest file '../../build/maincar/maincar.egg-info/SOURCES.txt'
[4.177s] running build
[4.177s] running build_py
[4.178s] creating /home/aavui/Desktop/User-Interface/ros2_ws/build/maincar/build
[4.178s] creating /home/aavui/Desktop/User-Interface/ros2_ws/build/maincar/build/lib
[4.178s] creating /home/aavui/Desktop/User-Interface/ros2_ws/build/maincar/build/lib/maincar
[4.179s] copying maincar/ui_test.py -> /home/aavui/Desktop/User-Interface/ros2_ws/build/maincar/build/lib/maincar
[4.179s] copying maincar/ui_push.py -> /home/aavui/Desktop/User-Interface/ros2_ws/build/maincar/build/lib/maincar
[4.180s] copying maincar/__init__.py -> /home/aavui/Desktop/User-Interface/ros2_ws/build/maincar/build/lib/maincar
[4.181s] copying maincar/ui_flask.py -> /home/aavui/Desktop/User-Interface/ros2_ws/build/maincar/build/lib/maincar
[4.181s] copying maincar/ui_fetch.py -> /home/aavui/Desktop/User-Interface/ros2_ws/build/maincar/build/lib/maincar
[4.182s] running install
[4.184s] running install_lib
[4.187s] creating /home/aavui/Desktop/User-Interface/ros2_ws/install/maincar/lib/python3.10/site-packages/maincar
[4.188s] copying /home/aavui/Desktop/User-Interface/ros2_ws/build/maincar/build/lib/maincar/ui_test.py -> /home/aavui/Desktop/User-Interface/ros2_ws/install/maincar/lib/python3.10/site-packages/maincar
[4.188s] copying /home/aavui/Desktop/User-Interface/ros2_ws/build/maincar/build/lib/maincar/ui_push.py -> /home/aavui/Desktop/User-Interface/ros2_ws/install/maincar/lib/python3.10/site-packages/maincar
[4.189s] copying /home/aavui/Desktop/User-Interface/ros2_ws/build/maincar/build/lib/maincar/__init__.py -> /home/aavui/Desktop/User-Interface/ros2_ws/install/maincar/lib/python3.10/site-packages/maincar
[4.190s] copying /home/aavui/Desktop/User-Interface/ros2_ws/build/maincar/build/lib/maincar/ui_flask.py -> /home/aavui/Desktop/User-Interface/ros2_ws/install/maincar/lib/python3.10/site-packages/maincar
[4.190s] copying /home/aavui/Desktop/User-Interface/ros2_ws/build/maincar/build/lib/maincar/ui_fetch.py -> /home/aavui/Desktop/User-Interface/ros2_ws/install/maincar/lib/python3.10/site-packages/maincar
[4.193s] byte-compiling /home/aavui/Desktop/User-Interface/ros2_ws/install/maincar/lib/python3.10/site-packages/maincar/ui_test.py to ui_test.cpython-310.pyc
[4.195s] byte-compiling /home/aavui/Desktop/User-Interface/ros2_ws/install/maincar/lib/python3.10/site-packages/maincar/ui_push.py to ui_push.cpython-310.pyc
[4.197s] byte-compiling /home/aavui/Desktop/User-Interface/ros2_ws/install/maincar/lib/python3.10/site-packages/maincar/__init__.py to __init__.cpython-310.pyc
[4.198s] byte-compiling /home/aavui/Desktop/User-Interface/ros2_ws/install/maincar/lib/python3.10/site-packages/maincar/ui_flask.py to ui_flask.cpython-310.pyc
[4.201s] byte-compiling /home/aavui/Desktop/User-Interface/ros2_ws/install/maincar/lib/python3.10/site-packages/maincar/ui_fetch.py to ui_fetch.cpython-310.pyc
[4.202s] running install_data
[4.202s] creating /home/aavui/Desktop/User-Interface/ros2_ws/install/maincar/share/ament_index
[4.203s] creating /home/aavui/Desktop/User-Interface/ros2_ws/install/maincar/share/ament_index/resource_index
[4.203s] creating /home/aavui/Desktop/User-Interface/ros2_ws/install/maincar/share/ament_index/resource_index/packages
[4.204s] copying resource/maincar -> /home/aavui/Desktop/User-Interface/ros2_ws/install/maincar/share/ament_index/resource_index/packages
[4.204s] copying package.xml -> /home/aavui/Desktop/User-Interface/ros2_ws/install/maincar/share/maincar
[4.204s] running install_egg_info
[4.212s] Copying ../../build/maincar/maincar.egg-info to /home/aavui/Desktop/User-Interface/ros2_ws/install/maincar/lib/python3.10/site-packages/maincar-0.0.0-py3.10.egg-info
[4.217s] running install_scripts
[4.295s] Installing ui_flask script to /home/aavui/Desktop/User-Interface/ros2_ws/install/maincar/lib/maincar
[4.296s] Installing ui_mock_publish script to /home/aavui/Desktop/User-Interface/ros2_ws/install/maincar/lib/maincar
[4.298s] writing list of installed files to '/home/aavui/Desktop/User-Interface/ros2_ws/build/maincar/install.log'
[4.424s] Invoked command in '/home/aavui/Desktop/User-Interface/ros2_ws/src/maincar' returned '0': PYTHONPATH=/home/aavui/Desktop/User-Interface/ros2_ws/build/maincar/prefix_override:/usr/lib/python3/dist-packages/colcon_core/task/python/colcon_distutils_commands:/home/aavui/Desktop/User-Interface/ros2_ws/install/maincar/lib/python3.10/site-packages:${PYTHONPATH} /usr/bin/python3 -W ignore:setup.py install is deprecated -W ignore:easy_install command is deprecated setup.py egg_info --egg-base ../../build/maincar build --build-base /home/aavui/Desktop/User-Interface/ros2_ws/build/maincar/build install --record /home/aavui/Desktop/User-Interface/ros2_ws/build/maincar/install.log --single-version-externally-managed install_data
