[3.158s] Invoking command in '/home/aavui/Desktop/User-Interface/ros2_ws/src/maincar': PYTHONPATH=/home/aavui/Desktop/User-Interface/ros2_ws/build/maincar/prefix_override:/usr/lib/python3/dist-packages/colcon_core/task/python/colcon_distutils_commands:/home/aavui/Desktop/User-Interface/ros2_ws/install/maincar/lib/python3.10/site-packages:${PYTHONPATH} /usr/bin/python3 -W ignore:setup.py install is deprecated -W ignore:easy_install command is deprecated setup.py egg_info --egg-base ../../build/maincar build --build-base /home/aavui/Desktop/User-Interface/ros2_ws/build/maincar/build install --record /home/aavui/Desktop/User-Interface/ros2_ws/build/maincar/install.log --single-version-externally-managed install_data
[4.381s] running egg_info
[4.384s] writing ../../build/maincar/maincar.egg-info/PKG-INFO
[4.385s] writing dependency_links to ../../build/maincar/maincar.egg-info/dependency_links.txt
[4.386s] writing entry points to ../../build/maincar/maincar.egg-info/entry_points.txt
[4.387s] writing requirements to ../../build/maincar/maincar.egg-info/requires.txt
[4.388s] writing top-level names to ../../build/maincar/maincar.egg-info/top_level.txt
[4.397s] reading manifest file '../../build/maincar/maincar.egg-info/SOURCES.txt'
[4.401s] writing manifest file '../../build/maincar/maincar.egg-info/SOURCES.txt'
[4.401s] running build
[4.402s] running build_py
[4.403s] copying maincar/ui_flask.py -> /home/aavui/Desktop/User-Interface/ros2_ws/build/maincar/build/lib/maincar
[4.405s] running install
[4.406s] running install_lib
[4.411s] copying /home/aavui/Desktop/User-Interface/ros2_ws/build/maincar/build/lib/maincar/ui_flask.py -> /home/aavui/Desktop/User-Interface/ros2_ws/install/maincar/lib/python3.10/site-packages/maincar
[4.414s] byte-compiling /home/aavui/Desktop/User-Interface/ros2_ws/install/maincar/lib/python3.10/site-packages/maincar/ui_flask.py to ui_flask.cpython-310.pyc
[4.419s] running install_data
[4.420s] running install_egg_info
[4.427s] removing '/home/aavui/Desktop/User-Interface/ros2_ws/install/maincar/lib/python3.10/site-packages/maincar-0.0.0-py3.10.egg-info' (and everything under it)
[4.429s] Copying ../../build/maincar/maincar.egg-info to /home/aavui/Desktop/User-Interface/ros2_ws/install/maincar/lib/python3.10/site-packages/maincar-0.0.0-py3.10.egg-info
[4.434s] running install_scripts
[4.516s] Installing ui_flask script to /home/aavui/Desktop/User-Interface/ros2_ws/install/maincar/lib/maincar
[4.517s] Installing ui_mock_publish script to /home/aavui/Desktop/User-Interface/ros2_ws/install/maincar/lib/maincar
[4.519s] writing list of installed files to '/home/aavui/Desktop/User-Interface/ros2_ws/build/maincar/install.log'
[4.650s] Invoked command in '/home/aavui/Desktop/User-Interface/ros2_ws/src/maincar' returned '0': PYTHONPATH=/home/aavui/Desktop/User-Interface/ros2_ws/build/maincar/prefix_override:/usr/lib/python3/dist-packages/colcon_core/task/python/colcon_distutils_commands:/home/aavui/Desktop/User-Interface/ros2_ws/install/maincar/lib/python3.10/site-packages:${PYTHONPATH} /usr/bin/python3 -W ignore:setup.py install is deprecated -W ignore:easy_install command is deprecated setup.py egg_info --egg-base ../../build/maincar build --build-base /home/aavui/Desktop/User-Interface/ros2_ws/build/maincar/build install --record /home/aavui/Desktop/User-Interface/ros2_ws/build/maincar/install.log --single-version-externally-managed install_data
