[3.241s] Invoking command in '/home/alex/repos/User-Interface/ros2_ws/src/maincar': PYTHONPATH=/home/alex/repos/User-Interface/ros2_ws/build/maincar/prefix_override:/usr/lib/python3/dist-packages/colcon_core/task/python/colcon_distutils_commands:/home/alex/repos/User-Interface/ros2_ws/install/maincar/lib/python3.10/site-packages:${PYTHONPATH} /usr/bin/python3 -W ignore:setup.py install is deprecated -W ignore:easy_install command is deprecated setup.py egg_info --egg-base ../../build/maincar build --build-base /home/alex/repos/User-Interface/ros2_ws/build/maincar/build install --record /home/alex/repos/User-Interface/ros2_ws/build/maincar/install.log --single-version-externally-managed install_data
[4.531s] running egg_info
[4.534s] writing ../../build/maincar/maincar.egg-info/PKG-INFO
[4.535s] writing dependency_links to ../../build/maincar/maincar.egg-info/dependency_links.txt
[4.536s] writing entry points to ../../build/maincar/maincar.egg-info/entry_points.txt
[4.537s] writing requirements to ../../build/maincar/maincar.egg-info/requires.txt
[4.538s] writing top-level names to ../../build/maincar/maincar.egg-info/top_level.txt
[4.548s] reading manifest file '../../build/maincar/maincar.egg-info/SOURCES.txt'
[4.552s] writing manifest file '../../build/maincar/maincar.egg-info/SOURCES.txt'
[4.553s] running build
[4.554s] running build_py
[4.556s] running install
[4.558s] running install_lib
[4.566s] running install_data
[4.567s] running install_egg_info
[4.574s] removing '/home/alex/repos/User-Interface/ros2_ws/install/maincar/lib/python3.10/site-packages/maincar-0.0.0-py3.10.egg-info' (and everything under it)
[4.576s] Copying ../../build/maincar/maincar.egg-info to /home/alex/repos/User-Interface/ros2_ws/install/maincar/lib/python3.10/site-packages/maincar-0.0.0-py3.10.egg-info
[4.588s] running install_scripts
[4.680s] Installing ui_flask script to /home/alex/repos/User-Interface/ros2_ws/install/maincar/lib/maincar
[4.681s] Installing ui_mock_publish script to /home/alex/repos/User-Interface/ros2_ws/install/maincar/lib/maincar
[4.683s] writing list of installed files to '/home/alex/repos/User-Interface/ros2_ws/build/maincar/install.log'
[4.814s] Invoked command in '/home/alex/repos/User-Interface/ros2_ws/src/maincar' returned '0': PYTHONPATH=/home/alex/repos/User-Interface/ros2_ws/build/maincar/prefix_override:/usr/lib/python3/dist-packages/colcon_core/task/python/colcon_distutils_commands:/home/alex/repos/User-Interface/ros2_ws/install/maincar/lib/python3.10/site-packages:${PYTHONPATH} /usr/bin/python3 -W ignore:setup.py install is deprecated -W ignore:easy_install command is deprecated setup.py egg_info --egg-base ../../build/maincar build --build-base /home/alex/repos/User-Interface/ros2_ws/build/maincar/build install --record /home/alex/repos/User-Interface/ros2_ws/build/maincar/install.log --single-version-externally-managed install_data
