[0.717s] DEBUG:colcon:Command line arguments: ['/usr/bin/colcon', 'build']
[0.717s] DEBUG:colcon:Parsed command line arguments: Namespace(log_base=None, log_level=None, verb_name='build', build_base='build', install_base='install', merge_install=False, symlink_install=False, test_result_base=None, continue_on_error=False, executor='parallel', parallel_workers=4, event_handlers=None, ignore_user_meta=False, metas=['./colcon.meta'], base_paths=['.'], packages_ignore=None, packages_ignore_regex=None, paths=None, packages_up_to=None, packages_up_to_regex=None, packages_above=None, packages_above_and_dependencies=None, packages_above_depth=None, packages_select_by_dep=None, packages_skip_by_dep=None, packages_skip_up_to=None, packages_select_build_failed=False, packages_skip_build_finished=False, packages_select_test_failures=False, packages_skip_test_passed=False, packages_select=None, packages_skip=None, packages_select_regex=None, packages_skip_regex=None, packages_start=None, packages_end=None, allow_overriding=[], cmake_args=None, cmake_target=None, cmake_target_skip_unavailable=False, cmake_clean_cache=False, cmake_clean_first=False, cmake_force_configure=False, ament_cmake_args=None, catkin_cmake_args=None, catkin_skip_building_tests=False, mixin_files=None, mixin=None, verb_parser=<colcon_mixin.mixin.mixin_argument.MixinArgumentDecorator object at 0xffffa20e9ea0>, verb_extension=<colcon_core.verb.build.BuildVerb object at 0xffffa22a6e90>, main=<bound method BuildVerb.main of <colcon_core.verb.build.BuildVerb object at 0xffffa22a6e90>>, mixin_verb=('build',))
[1.986s] Level 1:colcon.colcon_core.package_discovery:discover_packages(colcon_meta) check parameters
[1.987s] Level 1:colcon.colcon_core.package_discovery:discover_packages(recursive) check parameters
[1.987s] Level 1:colcon.colcon_core.package_discovery:discover_packages(ignore) check parameters
[1.987s] Level 1:colcon.colcon_core.package_discovery:discover_packages(path) check parameters
[1.987s] Level 1:colcon.colcon_core.package_discovery:discover_packages(colcon_meta) discover
[1.988s] Level 1:colcon.colcon_core.package_discovery:discover_packages(recursive) discover
[1.988s] INFO:colcon.colcon_core.package_discovery:Crawling recursively for packages in '/home/aavui/Desktop/User-Interface/ros2_ws'
[1.988s] Level 1:colcon.colcon_core.package_identification:_identify(.) by extensions ['ignore', 'ignore_ament_install']
[1.989s] Level 1:colcon.colcon_core.package_identification:_identify(.) by extension 'ignore'
[1.989s] Level 1:colcon.colcon_core.package_identification:_identify(.) by extension 'ignore_ament_install'
[1.989s] Level 1:colcon.colcon_core.package_identification:_identify(.) by extensions ['colcon_pkg']
[1.989s] Level 1:colcon.colcon_core.package_identification:_identify(.) by extension 'colcon_pkg'
[1.990s] Level 1:colcon.colcon_core.package_identification:_identify(.) by extensions ['colcon_meta']
[1.990s] Level 1:colcon.colcon_core.package_identification:_identify(.) by extension 'colcon_meta'
[1.990s] Level 1:colcon.colcon_core.package_identification:_identify(.) by extensions ['ros']
[1.990s] Level 1:colcon.colcon_core.package_identification:_identify(.) by extension 'ros'
[2.060s] Level 1:colcon.colcon_core.package_identification:_identify(.) by extensions ['cmake', 'python']
[2.060s] Level 1:colcon.colcon_core.package_identification:_identify(.) by extension 'cmake'
[2.060s] Level 1:colcon.colcon_core.package_identification:_identify(.) by extension 'python'
[2.060s] Level 1:colcon.colcon_core.package_identification:_identify(.) by extensions ['python_setup_py']
[2.060s] Level 1:colcon.colcon_core.package_identification:_identify(.) by extension 'python_setup_py'
[2.061s] Level 1:colcon.colcon_core.package_identification:_identify(build) by extensions ['ignore', 'ignore_ament_install']
[2.061s] Level 1:colcon.colcon_core.package_identification:_identify(build) by extension 'ignore'
[2.061s] Level 1:colcon.colcon_core.package_identification:_identify(build) ignored
[2.062s] Level 1:colcon.colcon_core.package_identification:_identify(install) by extensions ['ignore', 'ignore_ament_install']
[2.063s] Level 1:colcon.colcon_core.package_identification:_identify(install) by extension 'ignore'
[2.063s] Level 1:colcon.colcon_core.package_identification:_identify(install) ignored
[2.064s] Level 1:colcon.colcon_core.package_identification:_identify(log) by extensions ['ignore', 'ignore_ament_install']
[2.064s] Level 1:colcon.colcon_core.package_identification:_identify(log) by extension 'ignore'
[2.064s] Level 1:colcon.colcon_core.package_identification:_identify(log) ignored
[2.064s] Level 1:colcon.colcon_core.package_identification:_identify(src) by extensions ['ignore', 'ignore_ament_install']
[2.065s] Level 1:colcon.colcon_core.package_identification:_identify(src) by extension 'ignore'
[2.065s] Level 1:colcon.colcon_core.package_identification:_identify(src) by extension 'ignore_ament_install'
[2.065s] Level 1:colcon.colcon_core.package_identification:_identify(src) by extensions ['colcon_pkg']
[2.065s] Level 1:colcon.colcon_core.package_identification:_identify(src) by extension 'colcon_pkg'
[2.066s] Level 1:colcon.colcon_core.package_identification:_identify(src) by extensions ['colcon_meta']
[2.066s] Level 1:colcon.colcon_core.package_identification:_identify(src) by extension 'colcon_meta'
[2.066s] Level 1:colcon.colcon_core.package_identification:_identify(src) by extensions ['ros']
[2.066s] Level 1:colcon.colcon_core.package_identification:_identify(src) by extension 'ros'
[2.066s] Level 1:colcon.colcon_core.package_identification:_identify(src) by extensions ['cmake', 'python']
[2.066s] Level 1:colcon.colcon_core.package_identification:_identify(src) by extension 'cmake'
[2.067s] Level 1:colcon.colcon_core.package_identification:_identify(src) by extension 'python'
[2.067s] Level 1:colcon.colcon_core.package_identification:_identify(src) by extensions ['python_setup_py']
[2.067s] Level 1:colcon.colcon_core.package_identification:_identify(src) by extension 'python_setup_py'
[2.067s] Level 1:colcon.colcon_core.package_identification:_identify(src/maincar) by extensions ['ignore', 'ignore_ament_install']
[2.068s] Level 1:colcon.colcon_core.package_identification:_identify(src/maincar) by extension 'ignore'
[2.068s] Level 1:colcon.colcon_core.package_identification:_identify(src/maincar) by extension 'ignore_ament_install'
[2.068s] Level 1:colcon.colcon_core.package_identification:_identify(src/maincar) by extensions ['colcon_pkg']
[2.068s] Level 1:colcon.colcon_core.package_identification:_identify(src/maincar) by extension 'colcon_pkg'
[2.068s] Level 1:colcon.colcon_core.package_identification:_identify(src/maincar) by extensions ['colcon_meta']
[2.068s] Level 1:colcon.colcon_core.package_identification:_identify(src/maincar) by extension 'colcon_meta'
[2.069s] Level 1:colcon.colcon_core.package_identification:_identify(src/maincar) by extensions ['ros']
[2.069s] Level 1:colcon.colcon_core.package_identification:_identify(src/maincar) by extension 'ros'
[2.084s] DEBUG:colcon.colcon_core.package_identification:Package 'src/maincar' with type 'ros.ament_python' and name 'maincar'
[2.084s] Level 1:colcon.colcon_core.package_discovery:discover_packages(recursive) using defaults
[2.085s] Level 1:colcon.colcon_core.package_discovery:discover_packages(ignore) discover
[2.085s] Level 1:colcon.colcon_core.package_discovery:discover_packages(ignore) using defaults
[2.085s] Level 1:colcon.colcon_core.package_discovery:discover_packages(path) discover
[2.085s] Level 1:colcon.colcon_core.package_discovery:discover_packages(path) using defaults
[2.244s] Level 1:colcon.colcon_core.package_discovery:discover_packages(prefix_path) check parameters
[2.244s] Level 1:colcon.colcon_core.package_discovery:discover_packages(prefix_path) discover
[2.258s] DEBUG:colcon.colcon_installed_package_information.package_discovery:Found 1 installed packages in /home/aavui/Desktop/User-Interface/ros2_ws/install
[2.269s] DEBUG:colcon.colcon_installed_package_information.package_discovery:Found 281 installed packages in /opt/ros/humble
[2.276s] Level 1:colcon.colcon_core.package_discovery:discover_packages(prefix_path) using defaults
[2.453s] Level 5:colcon.colcon_core.verb:set package 'maincar' build argument 'cmake_args' from command line to 'None'
[2.453s] Level 5:colcon.colcon_core.verb:set package 'maincar' build argument 'cmake_target' from command line to 'None'
[2.453s] Level 5:colcon.colcon_core.verb:set package 'maincar' build argument 'cmake_target_skip_unavailable' from command line to 'False'
[2.453s] Level 5:colcon.colcon_core.verb:set package 'maincar' build argument 'cmake_clean_cache' from command line to 'False'
[2.453s] Level 5:colcon.colcon_core.verb:set package 'maincar' build argument 'cmake_clean_first' from command line to 'False'
[2.453s] Level 5:colcon.colcon_core.verb:set package 'maincar' build argument 'cmake_force_configure' from command line to 'False'
[2.454s] Level 5:colcon.colcon_core.verb:set package 'maincar' build argument 'ament_cmake_args' from command line to 'None'
[2.454s] Level 5:colcon.colcon_core.verb:set package 'maincar' build argument 'catkin_cmake_args' from command line to 'None'
[2.454s] Level 5:colcon.colcon_core.verb:set package 'maincar' build argument 'catkin_skip_building_tests' from command line to 'False'
[2.454s] DEBUG:colcon.colcon_core.verb:Building package 'maincar' with the following arguments: {'ament_cmake_args': None, 'build_base': '/home/aavui/Desktop/User-Interface/ros2_ws/build/maincar', 'catkin_cmake_args': None, 'catkin_skip_building_tests': False, 'cmake_args': None, 'cmake_clean_cache': False, 'cmake_clean_first': False, 'cmake_force_configure': False, 'cmake_target': None, 'cmake_target_skip_unavailable': False, 'install_base': '/home/aavui/Desktop/User-Interface/ros2_ws/install/maincar', 'merge_install': False, 'path': '/home/aavui/Desktop/User-Interface/ros2_ws/src/maincar', 'symlink_install': False, 'test_result_base': None}
[2.454s] INFO:colcon.colcon_core.executor:Executing jobs using 'parallel' executor
[2.458s] DEBUG:colcon.colcon_parallel_executor.executor.parallel:run_until_complete
[2.459s] INFO:colcon.colcon_ros.task.ament_python.build:Building ROS package in '/home/aavui/Desktop/User-Interface/ros2_ws/src/maincar' with build type 'ament_python'
[2.460s] Level 1:colcon.colcon_core.shell:create_environment_hook('maincar', 'ament_prefix_path')
[2.482s] INFO:colcon.colcon_core.plugin_system:Skipping extension 'colcon_core.shell.bat': Not used on non-Windows systems
[2.484s] INFO:colcon.colcon_core.shell:Creating environment hook '/home/aavui/Desktop/User-Interface/ros2_ws/install/maincar/share/maincar/hook/ament_prefix_path.ps1'
[2.489s] INFO:colcon.colcon_core.shell:Creating environment descriptor '/home/aavui/Desktop/User-Interface/ros2_ws/install/maincar/share/maincar/hook/ament_prefix_path.dsv'
[2.493s] INFO:colcon.colcon_core.shell:Creating environment hook '/home/aavui/Desktop/User-Interface/ros2_ws/install/maincar/share/maincar/hook/ament_prefix_path.sh'
[2.498s] INFO:colcon.colcon_core.shell:Skip shell extension 'powershell' for command environment: Not usable outside of PowerShell
[2.499s] DEBUG:colcon.colcon_core.shell:Skip shell extension 'dsv' for command environment
[3.836s] INFO:colcon.colcon_core.task.python.build:Building Python package in '/home/aavui/Desktop/User-Interface/ros2_ws/src/maincar'
[3.837s] INFO:colcon.colcon_core.shell:Skip shell extension 'powershell' for command environment: Not usable outside of PowerShell
[3.837s] DEBUG:colcon.colcon_core.shell:Skip shell extension 'dsv' for command environment
[6.229s] DEBUG:colcon.colcon_core.event_handler.log_command:Invoking command in '/home/aavui/Desktop/User-Interface/ros2_ws/src/maincar': PYTHONPATH=/home/aavui/Desktop/User-Interface/ros2_ws/build/maincar/prefix_override:/usr/lib/python3/dist-packages/colcon_core/task/python/colcon_distutils_commands:/home/aavui/Desktop/User-Interface/ros2_ws/install/maincar/lib/python3.10/site-packages:${PYTHONPATH} /usr/bin/python3 -W ignore:setup.py install is deprecated -W ignore:easy_install command is deprecated setup.py egg_info --egg-base ../../build/maincar build --build-base /home/aavui/Desktop/User-Interface/ros2_ws/build/maincar/build install --record /home/aavui/Desktop/User-Interface/ros2_ws/build/maincar/install.log --single-version-externally-managed install_data
[7.689s] DEBUG:colcon.colcon_core.event_handler.log_command:Invoked command in '/home/aavui/Desktop/User-Interface/ros2_ws/src/maincar' returned '0': PYTHONPATH=/home/aavui/Desktop/User-Interface/ros2_ws/build/maincar/prefix_override:/usr/lib/python3/dist-packages/colcon_core/task/python/colcon_distutils_commands:/home/aavui/Desktop/User-Interface/ros2_ws/install/maincar/lib/python3.10/site-packages:${PYTHONPATH} /usr/bin/python3 -W ignore:setup.py install is deprecated -W ignore:easy_install command is deprecated setup.py egg_info --egg-base ../../build/maincar build --build-base /home/aavui/Desktop/User-Interface/ros2_ws/build/maincar/build install --record /home/aavui/Desktop/User-Interface/ros2_ws/build/maincar/install.log --single-version-externally-managed install_data
[7.713s] Level 1:colcon.colcon_core.environment:checking '/home/aavui/Desktop/User-Interface/ros2_ws/install/maincar' for CMake module files
[7.716s] Level 1:colcon.colcon_core.environment:checking '/home/aavui/Desktop/User-Interface/ros2_ws/install/maincar' for CMake config files
[7.721s] Level 1:colcon.colcon_core.environment:checking '/home/aavui/Desktop/User-Interface/ros2_ws/install/maincar/lib'
[7.723s] Level 1:colcon.colcon_core.environment:checking '/home/aavui/Desktop/User-Interface/ros2_ws/install/maincar/bin'
[7.723s] Level 1:colcon.colcon_core.environment:checking '/home/aavui/Desktop/User-Interface/ros2_ws/install/maincar/lib/pkgconfig/maincar.pc'
[7.724s] Level 1:colcon.colcon_core.environment:checking '/home/aavui/Desktop/User-Interface/ros2_ws/install/maincar/lib/python3.10/site-packages'
[7.725s] Level 1:colcon.colcon_core.shell:create_environment_hook('maincar', 'pythonpath')
[7.726s] INFO:colcon.colcon_core.shell:Creating environment hook '/home/aavui/Desktop/User-Interface/ros2_ws/install/maincar/share/maincar/hook/pythonpath.ps1'
[7.729s] INFO:colcon.colcon_core.shell:Creating environment descriptor '/home/aavui/Desktop/User-Interface/ros2_ws/install/maincar/share/maincar/hook/pythonpath.dsv'
[7.731s] INFO:colcon.colcon_core.shell:Creating environment hook '/home/aavui/Desktop/User-Interface/ros2_ws/install/maincar/share/maincar/hook/pythonpath.sh'
[7.734s] Level 1:colcon.colcon_core.environment:checking '/home/aavui/Desktop/User-Interface/ros2_ws/install/maincar/bin'
[7.734s] Level 1:colcon.colcon_core.environment:create_environment_scripts_only(maincar)
[7.735s] INFO:colcon.colcon_core.shell:Creating package script '/home/aavui/Desktop/User-Interface/ros2_ws/install/maincar/share/maincar/package.ps1'
[7.740s] INFO:colcon.colcon_core.shell:Creating package descriptor '/home/aavui/Desktop/User-Interface/ros2_ws/install/maincar/share/maincar/package.dsv'
[7.743s] INFO:colcon.colcon_core.shell:Creating package script '/home/aavui/Desktop/User-Interface/ros2_ws/install/maincar/share/maincar/package.sh'
[7.747s] INFO:colcon.colcon_core.shell:Creating package script '/home/aavui/Desktop/User-Interface/ros2_ws/install/maincar/share/maincar/package.bash'
[7.752s] INFO:colcon.colcon_core.shell:Creating package script '/home/aavui/Desktop/User-Interface/ros2_ws/install/maincar/share/maincar/package.zsh'
[7.756s] Level 1:colcon.colcon_core.environment:create_file_with_runtime_dependencies(/home/aavui/Desktop/User-Interface/ros2_ws/install/maincar/share/colcon-core/packages/maincar)
[7.757s] DEBUG:colcon.colcon_parallel_executor.executor.parallel:closing loop
[7.759s] DEBUG:colcon.colcon_parallel_executor.executor.parallel:loop closed
[7.759s] DEBUG:colcon.colcon_parallel_executor.executor.parallel:run_until_complete finished with '0'
[7.759s] DEBUG:colcon.colcon_core.event_reactor:joining thread
[7.794s] INFO:colcon.colcon_core.plugin_system:Skipping extension 'colcon_notification.desktop_notification.terminal_notifier': Not used on non-Darwin systems
[7.794s] INFO:colcon.colcon_core.plugin_system:Skipping extension 'colcon_notification.desktop_notification.win32': Not used on non-Windows systems
[7.795s] INFO:colcon.colcon_notification.desktop_notification:Sending desktop notification using 'notify2'
[7.899s] DEBUG:colcon.colcon_core.event_reactor:joined thread
[7.902s] INFO:colcon.colcon_core.shell:Creating prefix script '/home/aavui/Desktop/User-Interface/ros2_ws/install/local_setup.ps1'
[7.910s] INFO:colcon.colcon_core.shell:Creating prefix util module '/home/aavui/Desktop/User-Interface/ros2_ws/install/_local_setup_util_ps1.py'
[7.921s] INFO:colcon.colcon_core.shell:Creating prefix chain script '/home/aavui/Desktop/User-Interface/ros2_ws/install/setup.ps1'
[7.928s] INFO:colcon.colcon_core.shell:Creating prefix script '/home/aavui/Desktop/User-Interface/ros2_ws/install/local_setup.sh'
[7.933s] INFO:colcon.colcon_core.shell:Creating prefix util module '/home/aavui/Desktop/User-Interface/ros2_ws/install/_local_setup_util_sh.py'
[7.937s] INFO:colcon.colcon_core.shell:Creating prefix chain script '/home/aavui/Desktop/User-Interface/ros2_ws/install/setup.sh'
[7.943s] INFO:colcon.colcon_core.shell:Creating prefix script '/home/aavui/Desktop/User-Interface/ros2_ws/install/local_setup.bash'
[7.947s] INFO:colcon.colcon_core.shell:Creating prefix chain script '/home/aavui/Desktop/User-Interface/ros2_ws/install/setup.bash'
[7.953s] INFO:colcon.colcon_core.shell:Creating prefix script '/home/aavui/Desktop/User-Interface/ros2_ws/install/local_setup.zsh'
[7.957s] INFO:colcon.colcon_core.shell:Creating prefix chain script '/home/aavui/Desktop/User-Interface/ros2_ws/install/setup.zsh'
