[0.546s] DEBUG:colcon:Command line arguments: ['/usr/bin/colcon', 'build']
[0.546s] DEBUG:colcon:Parsed command line arguments: Namespace(log_base=None, log_level=None, verb_name='build', build_base='build', install_base='install', merge_install=False, symlink_install=False, test_result_base=None, continue_on_error=False, executor='parallel', parallel_workers=4, event_handlers=None, ignore_user_meta=False, metas=['./colcon.meta'], base_paths=['.'], packages_ignore=None, packages_ignore_regex=None, paths=None, packages_up_to=None, packages_up_to_regex=None, packages_above=None, packages_above_and_dependencies=None, packages_above_depth=None, packages_select_by_dep=None, packages_skip_by_dep=None, packages_skip_up_to=None, packages_select_build_failed=False, packages_skip_build_finished=False, packages_select_test_failures=False, packages_skip_test_passed=False, packages_select=None, packages_skip=None, packages_select_regex=None, packages_skip_regex=None, packages_start=None, packages_end=None, allow_overriding=[], cmake_args=None, cmake_target=None, cmake_target_skip_unavailable=False, cmake_clean_cache=False, cmake_clean_first=False, cmake_force_configure=False, ament_cmake_args=None, catkin_cmake_args=None, catkin_skip_building_tests=False, verb_parser=<colcon_defaults.argument_parser.defaults.DefaultArgumentsDecorator object at 0xffffb40df400>, verb_extension=<colcon_core.verb.build.BuildVerb object at 0xffffb42c87f0>, main=<bound method BuildVerb.main of <colcon_core.verb.build.BuildVerb object at 0xffffb42c87f0>>)
[1.560s] Level 1:colcon.colcon_core.package_discovery:discover_packages(colcon_meta) check parameters
[1.560s] Level 1:colcon.colcon_core.package_discovery:discover_packages(recursive) check parameters
[1.561s] Level 1:colcon.colcon_core.package_discovery:discover_packages(ignore) check parameters
[1.561s] Level 1:colcon.colcon_core.package_discovery:discover_packages(path) check parameters
[1.561s] Level 1:colcon.colcon_core.package_discovery:discover_packages(colcon_meta) discover
[1.561s] Level 1:colcon.colcon_core.package_discovery:discover_packages(recursive) discover
[1.561s] INFO:colcon.colcon_core.package_discovery:Crawling recursively for packages in '/home/alex/Desktop/repos/User-Interface/ros2_ws'
[1.562s] Level 1:colcon.colcon_core.package_identification:_identify(.) by extensions ['ignore', 'ignore_ament_install']
[1.562s] Level 1:colcon.colcon_core.package_identification:_identify(.) by extension 'ignore'
[1.563s] Level 1:colcon.colcon_core.package_identification:_identify(.) by extension 'ignore_ament_install'
[1.563s] Level 1:colcon.colcon_core.package_identification:_identify(.) by extensions ['colcon_pkg']
[1.563s] Level 1:colcon.colcon_core.package_identification:_identify(.) by extension 'colcon_pkg'
[1.564s] Level 1:colcon.colcon_core.package_identification:_identify(.) by extensions ['colcon_meta']
[1.564s] Level 1:colcon.colcon_core.package_identification:_identify(.) by extension 'colcon_meta'
[1.564s] Level 1:colcon.colcon_core.package_identification:_identify(.) by extensions ['ros']
[1.564s] Level 1:colcon.colcon_core.package_identification:_identify(.) by extension 'ros'
[1.631s] Level 1:colcon.colcon_core.package_identification:_identify(.) by extensions ['cmake', 'python']
[1.631s] Level 1:colcon.colcon_core.package_identification:_identify(.) by extension 'cmake'
[1.632s] Level 1:colcon.colcon_core.package_identification:_identify(.) by extension 'python'
[1.632s] Level 1:colcon.colcon_core.package_identification:_identify(.) by extensions ['python_setup_py']
[1.632s] Level 1:colcon.colcon_core.package_identification:_identify(.) by extension 'python_setup_py'
[1.633s] Level 1:colcon.colcon_core.package_identification:_identify(build) by extensions ['ignore', 'ignore_ament_install']
[1.634s] Level 1:colcon.colcon_core.package_identification:_identify(build) by extension 'ignore'
[1.634s] Level 1:colcon.colcon_core.package_identification:_identify(build) ignored
[1.636s] Level 1:colcon.colcon_core.package_identification:_identify(install) by extensions ['ignore', 'ignore_ament_install']
[1.636s] Level 1:colcon.colcon_core.package_identification:_identify(install) by extension 'ignore'
[1.637s] Level 1:colcon.colcon_core.package_identification:_identify(install) ignored
[1.639s] Level 1:colcon.colcon_core.package_identification:_identify(log) by extensions ['ignore', 'ignore_ament_install']
[1.640s] Level 1:colcon.colcon_core.package_identification:_identify(log) by extension 'ignore'
[1.641s] Level 1:colcon.colcon_core.package_identification:_identify(log) ignored
[1.642s] Level 1:colcon.colcon_core.package_identification:_identify(src) by extensions ['ignore', 'ignore_ament_install']
[1.643s] Level 1:colcon.colcon_core.package_identification:_identify(src) by extension 'ignore'
[1.644s] Level 1:colcon.colcon_core.package_identification:_identify(src) by extension 'ignore_ament_install'
[1.645s] Level 1:colcon.colcon_core.package_identification:_identify(src) by extensions ['colcon_pkg']
[1.645s] Level 1:colcon.colcon_core.package_identification:_identify(src) by extension 'colcon_pkg'
[1.645s] Level 1:colcon.colcon_core.package_identification:_identify(src) by extensions ['colcon_meta']
[1.646s] Level 1:colcon.colcon_core.package_identification:_identify(src) by extension 'colcon_meta'
[1.646s] Level 1:colcon.colcon_core.package_identification:_identify(src) by extensions ['ros']
[1.646s] Level 1:colcon.colcon_core.package_identification:_identify(src) by extension 'ros'
[1.647s] Level 1:colcon.colcon_core.package_identification:_identify(src) by extensions ['cmake', 'python']
[1.647s] Level 1:colcon.colcon_core.package_identification:_identify(src) by extension 'cmake'
[1.647s] Level 1:colcon.colcon_core.package_identification:_identify(src) by extension 'python'
[1.647s] Level 1:colcon.colcon_core.package_identification:_identify(src) by extensions ['python_setup_py']
[1.648s] Level 1:colcon.colcon_core.package_identification:_identify(src) by extension 'python_setup_py'
[1.648s] Level 1:colcon.colcon_core.package_identification:_identify(src/maincar) by extensions ['ignore', 'ignore_ament_install']
[1.649s] Level 1:colcon.colcon_core.package_identification:_identify(src/maincar) by extension 'ignore'
[1.649s] Level 1:colcon.colcon_core.package_identification:_identify(src/maincar) by extension 'ignore_ament_install'
[1.649s] Level 1:colcon.colcon_core.package_identification:_identify(src/maincar) by extensions ['colcon_pkg']
[1.650s] Level 1:colcon.colcon_core.package_identification:_identify(src/maincar) by extension 'colcon_pkg'
[1.650s] Level 1:colcon.colcon_core.package_identification:_identify(src/maincar) by extensions ['colcon_meta']
[1.650s] Level 1:colcon.colcon_core.package_identification:_identify(src/maincar) by extension 'colcon_meta'
[1.650s] Level 1:colcon.colcon_core.package_identification:_identify(src/maincar) by extensions ['ros']
[1.650s] Level 1:colcon.colcon_core.package_identification:_identify(src/maincar) by extension 'ros'
[1.667s] DEBUG:colcon.colcon_core.package_identification:Package 'src/maincar' with type 'ros.ament_python' and name 'maincar'
[1.668s] Level 1:colcon.colcon_core.package_identification:_identify(src/rtos) by extensions ['ignore', 'ignore_ament_install']
[1.668s] Level 1:colcon.colcon_core.package_identification:_identify(src/rtos) by extension 'ignore'
[1.669s] Level 1:colcon.colcon_core.package_identification:_identify(src/rtos) by extension 'ignore_ament_install'
[1.669s] Level 1:colcon.colcon_core.package_identification:_identify(src/rtos) by extensions ['colcon_pkg']
[1.669s] Level 1:colcon.colcon_core.package_identification:_identify(src/rtos) by extension 'colcon_pkg'
[1.670s] Level 1:colcon.colcon_core.package_identification:_identify(src/rtos) by extensions ['colcon_meta']
[1.670s] Level 1:colcon.colcon_core.package_identification:_identify(src/rtos) by extension 'colcon_meta'
[1.671s] Level 1:colcon.colcon_core.package_identification:_identify(src/rtos) by extensions ['ros']
[1.671s] Level 1:colcon.colcon_core.package_identification:_identify(src/rtos) by extension 'ros'
[1.675s] DEBUG:colcon.colcon_core.package_identification:Package 'src/rtos' with type 'ros.ament_cmake' and name 'rtos'
[1.676s] Level 1:colcon.colcon_core.package_discovery:discover_packages(recursive) using defaults
[1.676s] Level 1:colcon.colcon_core.package_discovery:discover_packages(ignore) discover
[1.676s] Level 1:colcon.colcon_core.package_discovery:discover_packages(ignore) using defaults
[1.677s] Level 1:colcon.colcon_core.package_discovery:discover_packages(path) discover
[1.677s] Level 1:colcon.colcon_core.package_discovery:discover_packages(path) using defaults
[1.802s] Level 1:colcon.colcon_core.package_discovery:discover_packages(prefix_path) check parameters
[1.802s] Level 1:colcon.colcon_core.package_discovery:discover_packages(prefix_path) discover
[1.839s] DEBUG:colcon.colcon_installed_package_information.package_discovery:Found 272 installed packages in /opt/ros/humble
[1.892s] Level 1:colcon.colcon_core.package_discovery:discover_packages(prefix_path) using defaults
[2.101s] Level 5:colcon.colcon_core.verb:set package 'maincar' build argument 'cmake_args' from command line to 'None'
[2.102s] Level 5:colcon.colcon_core.verb:set package 'maincar' build argument 'cmake_target' from command line to 'None'
[2.102s] Level 5:colcon.colcon_core.verb:set package 'maincar' build argument 'cmake_target_skip_unavailable' from command line to 'False'
[2.102s] Level 5:colcon.colcon_core.verb:set package 'maincar' build argument 'cmake_clean_cache' from command line to 'False'
[2.102s] Level 5:colcon.colcon_core.verb:set package 'maincar' build argument 'cmake_clean_first' from command line to 'False'
[2.102s] Level 5:colcon.colcon_core.verb:set package 'maincar' build argument 'cmake_force_configure' from command line to 'False'
[2.102s] Level 5:colcon.colcon_core.verb:set package 'maincar' build argument 'ament_cmake_args' from command line to 'None'
[2.102s] Level 5:colcon.colcon_core.verb:set package 'maincar' build argument 'catkin_cmake_args' from command line to 'None'
[2.103s] Level 5:colcon.colcon_core.verb:set package 'maincar' build argument 'catkin_skip_building_tests' from command line to 'False'
[2.103s] DEBUG:colcon.colcon_core.verb:Building package 'maincar' with the following arguments: {'ament_cmake_args': None, 'build_base': '/home/alex/Desktop/repos/User-Interface/ros2_ws/build/maincar', 'catkin_cmake_args': None, 'catkin_skip_building_tests': False, 'cmake_args': None, 'cmake_clean_cache': False, 'cmake_clean_first': False, 'cmake_force_configure': False, 'cmake_target': None, 'cmake_target_skip_unavailable': False, 'install_base': '/home/alex/Desktop/repos/User-Interface/ros2_ws/install/maincar', 'merge_install': False, 'path': '/home/alex/Desktop/repos/User-Interface/ros2_ws/src/maincar', 'symlink_install': False, 'test_result_base': None}
[2.105s] Level 5:colcon.colcon_core.verb:set package 'rtos' build argument 'cmake_args' from command line to 'None'
[2.105s] Level 5:colcon.colcon_core.verb:set package 'rtos' build argument 'cmake_target' from command line to 'None'
[2.105s] Level 5:colcon.colcon_core.verb:set package 'rtos' build argument 'cmake_target_skip_unavailable' from command line to 'False'
[2.105s] Level 5:colcon.colcon_core.verb:set package 'rtos' build argument 'cmake_clean_cache' from command line to 'False'
[2.105s] Level 5:colcon.colcon_core.verb:set package 'rtos' build argument 'cmake_clean_first' from command line to 'False'
[2.106s] Level 5:colcon.colcon_core.verb:set package 'rtos' build argument 'cmake_force_configure' from command line to 'False'
[2.106s] Level 5:colcon.colcon_core.verb:set package 'rtos' build argument 'ament_cmake_args' from command line to 'None'
[2.106s] Level 5:colcon.colcon_core.verb:set package 'rtos' build argument 'catkin_cmake_args' from command line to 'None'
[2.106s] Level 5:colcon.colcon_core.verb:set package 'rtos' build argument 'catkin_skip_building_tests' from command line to 'False'
[2.106s] DEBUG:colcon.colcon_core.verb:Building package 'rtos' with the following arguments: {'ament_cmake_args': None, 'build_base': '/home/alex/Desktop/repos/User-Interface/ros2_ws/build/rtos', 'catkin_cmake_args': None, 'catkin_skip_building_tests': False, 'cmake_args': None, 'cmake_clean_cache': False, 'cmake_clean_first': False, 'cmake_force_configure': False, 'cmake_target': None, 'cmake_target_skip_unavailable': False, 'install_base': '/home/alex/Desktop/repos/User-Interface/ros2_ws/install/rtos', 'merge_install': False, 'path': '/home/alex/Desktop/repos/User-Interface/ros2_ws/src/rtos', 'symlink_install': False, 'test_result_base': None}
[2.107s] INFO:colcon.colcon_core.executor:Executing jobs using 'parallel' executor
[2.113s] DEBUG:colcon.colcon_parallel_executor.executor.parallel:run_until_complete
[2.114s] INFO:colcon.colcon_ros.task.ament_python.build:Building ROS package in '/home/alex/Desktop/repos/User-Interface/ros2_ws/src/maincar' with build type 'ament_python'
[2.115s] Level 1:colcon.colcon_core.shell:create_environment_hook('maincar', 'ament_prefix_path')
[2.131s] INFO:colcon.colcon_core.plugin_system:Skipping extension 'colcon_core.shell.bat': Not used on non-Windows systems
[2.133s] INFO:colcon.colcon_core.shell:Creating environment hook '/home/alex/Desktop/repos/User-Interface/ros2_ws/install/maincar/share/maincar/hook/ament_prefix_path.ps1'
[2.136s] INFO:colcon.colcon_core.shell:Creating environment descriptor '/home/alex/Desktop/repos/User-Interface/ros2_ws/install/maincar/share/maincar/hook/ament_prefix_path.dsv'
[2.140s] INFO:colcon.colcon_core.shell:Creating environment hook '/home/alex/Desktop/repos/User-Interface/ros2_ws/install/maincar/share/maincar/hook/ament_prefix_path.sh'
[2.144s] INFO:colcon.colcon_core.shell:Skip shell extension 'powershell' for command environment: Not usable outside of PowerShell
[2.145s] DEBUG:colcon.colcon_core.shell:Skip shell extension 'dsv' for command environment
[2.183s] INFO:colcon.colcon_ros.task.ament_cmake.build:Building ROS package in '/home/alex/Desktop/repos/User-Interface/ros2_ws/src/rtos' with build type 'ament_cmake'
[2.184s] INFO:colcon.colcon_cmake.task.cmake.build:Building CMake package in '/home/alex/Desktop/repos/User-Interface/ros2_ws/src/rtos'
[2.185s] INFO:colcon.colcon_core.shell:Skip shell extension 'powershell' for command environment: Not usable outside of PowerShell
[2.186s] DEBUG:colcon.colcon_core.shell:Skip shell extension 'dsv' for command environment
[3.699s] INFO:colcon.colcon_core.task.python.build:Building Python package in '/home/alex/Desktop/repos/User-Interface/ros2_ws/src/maincar'
[3.700s] INFO:colcon.colcon_core.shell:Skip shell extension 'powershell' for command environment: Not usable outside of PowerShell
[3.700s] DEBUG:colcon.colcon_core.shell:Skip shell extension 'dsv' for command environment
[3.748s] DEBUG:colcon.colcon_core.event_handler.log_command:Invoking command in '/home/alex/Desktop/repos/User-Interface/ros2_ws/build/rtos': CMAKE_PREFIX_PATH=/opt/ros/humble /usr/bin/cmake --build /home/alex/Desktop/repos/User-Interface/ros2_ws/build/rtos -- -j4 -l4
[6.298s] DEBUG:colcon.colcon_core.event_handler.log_command:Invoking command in '/home/alex/Desktop/repos/User-Interface/ros2_ws/src/maincar': PYTHONPATH=/home/alex/Desktop/repos/User-Interface/ros2_ws/build/maincar/prefix_override:/usr/lib/python3/dist-packages/colcon_core/task/python/colcon_distutils_commands:/home/alex/Desktop/repos/User-Interface/ros2_ws/install/maincar/lib/python3.10/site-packages:${PYTHONPATH} /usr/bin/python3 -W ignore:setup.py install is deprecated -W ignore:easy_install command is deprecated setup.py egg_info --egg-base ../../build/maincar build --build-base /home/alex/Desktop/repos/User-Interface/ros2_ws/build/maincar/build install --record /home/alex/Desktop/repos/User-Interface/ros2_ws/build/maincar/install.log --single-version-externally-managed install_data
[8.037s] DEBUG:colcon.colcon_core.event_handler.log_command:Invoked command in '/home/alex/Desktop/repos/User-Interface/ros2_ws/src/maincar' returned '0': PYTHONPATH=/home/alex/Desktop/repos/User-Interface/ros2_ws/build/maincar/prefix_override:/usr/lib/python3/dist-packages/colcon_core/task/python/colcon_distutils_commands:/home/alex/Desktop/repos/User-Interface/ros2_ws/install/maincar/lib/python3.10/site-packages:${PYTHONPATH} /usr/bin/python3 -W ignore:setup.py install is deprecated -W ignore:easy_install command is deprecated setup.py egg_info --egg-base ../../build/maincar build --build-base /home/alex/Desktop/repos/User-Interface/ros2_ws/build/maincar/build install --record /home/alex/Desktop/repos/User-Interface/ros2_ws/build/maincar/install.log --single-version-externally-managed install_data
[8.052s] Level 1:colcon.colcon_core.environment:checking '/home/alex/Desktop/repos/User-Interface/ros2_ws/install/maincar' for CMake module files
[8.056s] Level 1:colcon.colcon_core.environment:checking '/home/alex/Desktop/repos/User-Interface/ros2_ws/install/maincar' for CMake config files
[8.062s] Level 1:colcon.colcon_core.environment:checking '/home/alex/Desktop/repos/User-Interface/ros2_ws/install/maincar/lib'
[8.064s] Level 1:colcon.colcon_core.environment:checking '/home/alex/Desktop/repos/User-Interface/ros2_ws/install/maincar/bin'
[8.064s] Level 1:colcon.colcon_core.environment:checking '/home/alex/Desktop/repos/User-Interface/ros2_ws/install/maincar/lib/pkgconfig/maincar.pc'
[8.066s] Level 1:colcon.colcon_core.environment:checking '/home/alex/Desktop/repos/User-Interface/ros2_ws/install/maincar/lib/python3.10/site-packages'
[8.067s] Level 1:colcon.colcon_core.shell:create_environment_hook('maincar', 'pythonpath')
[8.068s] INFO:colcon.colcon_core.shell:Creating environment hook '/home/alex/Desktop/repos/User-Interface/ros2_ws/install/maincar/share/maincar/hook/pythonpath.ps1'
[8.071s] INFO:colcon.colcon_core.shell:Creating environment descriptor '/home/alex/Desktop/repos/User-Interface/ros2_ws/install/maincar/share/maincar/hook/pythonpath.dsv'
[8.073s] INFO:colcon.colcon_core.shell:Creating environment hook '/home/alex/Desktop/repos/User-Interface/ros2_ws/install/maincar/share/maincar/hook/pythonpath.sh'
[8.078s] Level 1:colcon.colcon_core.environment:checking '/home/alex/Desktop/repos/User-Interface/ros2_ws/install/maincar/bin'
[8.078s] Level 1:colcon.colcon_core.environment:create_environment_scripts_only(maincar)
[8.080s] INFO:colcon.colcon_core.shell:Creating package script '/home/alex/Desktop/repos/User-Interface/ros2_ws/install/maincar/share/maincar/package.ps1'
[8.085s] INFO:colcon.colcon_core.shell:Creating package descriptor '/home/alex/Desktop/repos/User-Interface/ros2_ws/install/maincar/share/maincar/package.dsv'
[8.089s] INFO:colcon.colcon_core.shell:Creating package script '/home/alex/Desktop/repos/User-Interface/ros2_ws/install/maincar/share/maincar/package.sh'
[8.094s] INFO:colcon.colcon_core.shell:Creating package script '/home/alex/Desktop/repos/User-Interface/ros2_ws/install/maincar/share/maincar/package.bash'
[8.099s] INFO:colcon.colcon_core.shell:Creating package script '/home/alex/Desktop/repos/User-Interface/ros2_ws/install/maincar/share/maincar/package.zsh'
[8.103s] Level 1:colcon.colcon_core.environment:create_file_with_runtime_dependencies(/home/alex/Desktop/repos/User-Interface/ros2_ws/install/maincar/share/colcon-core/packages/maincar)
[55.704s] DEBUG:colcon.colcon_core.event_handler.log_command:Invoked command in '/home/alex/Desktop/repos/User-Interface/ros2_ws/build/rtos' returned '0': CMAKE_PREFIX_PATH=/opt/ros/humble /usr/bin/cmake --build /home/alex/Desktop/repos/User-Interface/ros2_ws/build/rtos -- -j4 -l4
[55.760s] DEBUG:colcon.colcon_core.event_handler.log_command:Invoking command in '/home/alex/Desktop/repos/User-Interface/ros2_ws/build/rtos': CMAKE_PREFIX_PATH=/opt/ros/humble /usr/bin/cmake --install /home/alex/Desktop/repos/User-Interface/ros2_ws/build/rtos
[55.888s] Level 1:colcon.colcon_core.environment:create_environment_scripts_only(rtos)
[55.890s] Level 1:colcon.colcon_core.environment:checking '/home/alex/Desktop/repos/User-Interface/ros2_ws/install/rtos' for CMake module files
[55.892s] DEBUG:colcon.colcon_core.event_handler.log_command:Invoked command in '/home/alex/Desktop/repos/User-Interface/ros2_ws/build/rtos' returned '0': CMAKE_PREFIX_PATH=/opt/ros/humble /usr/bin/cmake --install /home/alex/Desktop/repos/User-Interface/ros2_ws/build/rtos
[55.895s] Level 1:colcon.colcon_core.environment:checking '/home/alex/Desktop/repos/User-Interface/ros2_ws/install/rtos' for CMake config files
[55.897s] Level 1:colcon.colcon_core.shell:create_environment_hook('rtos', 'cmake_prefix_path')
[55.898s] INFO:colcon.colcon_core.shell:Creating environment hook '/home/alex/Desktop/repos/User-Interface/ros2_ws/install/rtos/share/rtos/hook/cmake_prefix_path.ps1'
[55.901s] INFO:colcon.colcon_core.shell:Creating environment descriptor '/home/alex/Desktop/repos/User-Interface/ros2_ws/install/rtos/share/rtos/hook/cmake_prefix_path.dsv'
[55.904s] INFO:colcon.colcon_core.shell:Creating environment hook '/home/alex/Desktop/repos/User-Interface/ros2_ws/install/rtos/share/rtos/hook/cmake_prefix_path.sh'
[55.907s] Level 1:colcon.colcon_core.environment:checking '/home/alex/Desktop/repos/User-Interface/ros2_ws/install/rtos/lib'
[55.908s] Level 1:colcon.colcon_core.environment:checking '/home/alex/Desktop/repos/User-Interface/ros2_ws/install/rtos/bin'
[55.908s] Level 1:colcon.colcon_core.environment:checking '/home/alex/Desktop/repos/User-Interface/ros2_ws/install/rtos/lib/pkgconfig/rtos.pc'
[55.909s] Level 1:colcon.colcon_core.environment:checking '/home/alex/Desktop/repos/User-Interface/ros2_ws/install/rtos/lib/python3.10/site-packages'
[55.911s] Level 1:colcon.colcon_core.environment:checking '/home/alex/Desktop/repos/User-Interface/ros2_ws/install/rtos/bin'
[55.912s] INFO:colcon.colcon_core.shell:Creating package script '/home/alex/Desktop/repos/User-Interface/ros2_ws/install/rtos/share/rtos/package.ps1'
[55.916s] INFO:colcon.colcon_core.shell:Creating package descriptor '/home/alex/Desktop/repos/User-Interface/ros2_ws/install/rtos/share/rtos/package.dsv'
[55.918s] INFO:colcon.colcon_core.shell:Creating package script '/home/alex/Desktop/repos/User-Interface/ros2_ws/install/rtos/share/rtos/package.sh'
[55.920s] INFO:colcon.colcon_core.shell:Creating package script '/home/alex/Desktop/repos/User-Interface/ros2_ws/install/rtos/share/rtos/package.bash'
[55.923s] INFO:colcon.colcon_core.shell:Creating package script '/home/alex/Desktop/repos/User-Interface/ros2_ws/install/rtos/share/rtos/package.zsh'
[55.925s] Level 1:colcon.colcon_core.environment:create_file_with_runtime_dependencies(/home/alex/Desktop/repos/User-Interface/ros2_ws/install/rtos/share/colcon-core/packages/rtos)
[55.935s] Level 1:colcon.colcon_core.environment:create_environment_scripts_only(rtos)
[55.936s] Level 1:colcon.colcon_core.environment:checking '/home/alex/Desktop/repos/User-Interface/ros2_ws/install/rtos' for CMake module files
[55.941s] Level 1:colcon.colcon_core.environment:checking '/home/alex/Desktop/repos/User-Interface/ros2_ws/install/rtos' for CMake config files
[55.943s] Level 1:colcon.colcon_core.shell:create_environment_hook('rtos', 'cmake_prefix_path')
[55.945s] INFO:colcon.colcon_core.shell:Creating environment hook '/home/alex/Desktop/repos/User-Interface/ros2_ws/install/rtos/share/rtos/hook/cmake_prefix_path.ps1'
[55.947s] INFO:colcon.colcon_core.shell:Creating environment descriptor '/home/alex/Desktop/repos/User-Interface/ros2_ws/install/rtos/share/rtos/hook/cmake_prefix_path.dsv'
[55.949s] INFO:colcon.colcon_core.shell:Creating environment hook '/home/alex/Desktop/repos/User-Interface/ros2_ws/install/rtos/share/rtos/hook/cmake_prefix_path.sh'
[55.953s] Level 1:colcon.colcon_core.environment:checking '/home/alex/Desktop/repos/User-Interface/ros2_ws/install/rtos/lib'
[55.954s] Level 1:colcon.colcon_core.environment:checking '/home/alex/Desktop/repos/User-Interface/ros2_ws/install/rtos/bin'
[55.954s] Level 1:colcon.colcon_core.environment:checking '/home/alex/Desktop/repos/User-Interface/ros2_ws/install/rtos/lib/pkgconfig/rtos.pc'
[55.955s] Level 1:colcon.colcon_core.environment:checking '/home/alex/Desktop/repos/User-Interface/ros2_ws/install/rtos/lib/python3.10/site-packages'
[55.957s] Level 1:colcon.colcon_core.environment:checking '/home/alex/Desktop/repos/User-Interface/ros2_ws/install/rtos/bin'
[55.958s] INFO:colcon.colcon_core.shell:Creating package script '/home/alex/Desktop/repos/User-Interface/ros2_ws/install/rtos/share/rtos/package.ps1'
[55.961s] INFO:colcon.colcon_core.shell:Creating package descriptor '/home/alex/Desktop/repos/User-Interface/ros2_ws/install/rtos/share/rtos/package.dsv'
[55.964s] INFO:colcon.colcon_core.shell:Creating package script '/home/alex/Desktop/repos/User-Interface/ros2_ws/install/rtos/share/rtos/package.sh'
[55.966s] INFO:colcon.colcon_core.shell:Creating package script '/home/alex/Desktop/repos/User-Interface/ros2_ws/install/rtos/share/rtos/package.bash'
[55.969s] INFO:colcon.colcon_core.shell:Creating package script '/home/alex/Desktop/repos/User-Interface/ros2_ws/install/rtos/share/rtos/package.zsh'
[55.972s] Level 1:colcon.colcon_core.environment:create_file_with_runtime_dependencies(/home/alex/Desktop/repos/User-Interface/ros2_ws/install/rtos/share/colcon-core/packages/rtos)
[55.973s] DEBUG:colcon.colcon_parallel_executor.executor.parallel:closing loop
[55.975s] DEBUG:colcon.colcon_parallel_executor.executor.parallel:loop closed
[55.976s] DEBUG:colcon.colcon_parallel_executor.executor.parallel:run_until_complete finished with '0'
[55.976s] DEBUG:colcon.colcon_core.event_reactor:joining thread
[56.038s] INFO:colcon.colcon_core.plugin_system:Skipping extension 'colcon_notification.desktop_notification.terminal_notifier': Not used on non-Darwin systems
[56.039s] INFO:colcon.colcon_core.plugin_system:Skipping extension 'colcon_notification.desktop_notification.win32': Not used on non-Windows systems
[56.039s] INFO:colcon.colcon_notification.desktop_notification:Sending desktop notification using 'notify2'
[56.165s] DEBUG:colcon.colcon_core.event_reactor:joined thread
[56.167s] INFO:colcon.colcon_core.shell:Creating prefix script '/home/alex/Desktop/repos/User-Interface/ros2_ws/install/local_setup.ps1'
[56.174s] INFO:colcon.colcon_core.shell:Creating prefix util module '/home/alex/Desktop/repos/User-Interface/ros2_ws/install/_local_setup_util_ps1.py'
[56.184s] INFO:colcon.colcon_core.shell:Creating prefix chain script '/home/alex/Desktop/repos/User-Interface/ros2_ws/install/setup.ps1'
[56.192s] INFO:colcon.colcon_core.shell:Creating prefix script '/home/alex/Desktop/repos/User-Interface/ros2_ws/install/local_setup.sh'
[56.200s] INFO:colcon.colcon_core.shell:Creating prefix util module '/home/alex/Desktop/repos/User-Interface/ros2_ws/install/_local_setup_util_sh.py'
[56.206s] INFO:colcon.colcon_core.shell:Creating prefix chain script '/home/alex/Desktop/repos/User-Interface/ros2_ws/install/setup.sh'
[56.215s] INFO:colcon.colcon_core.shell:Creating prefix script '/home/alex/Desktop/repos/User-Interface/ros2_ws/install/local_setup.bash'
[56.220s] INFO:colcon.colcon_core.shell:Creating prefix chain script '/home/alex/Desktop/repos/User-Interface/ros2_ws/install/setup.bash'
[56.228s] INFO:colcon.colcon_core.shell:Creating prefix script '/home/alex/Desktop/repos/User-Interface/ros2_ws/install/local_setup.zsh'
[56.234s] INFO:colcon.colcon_core.shell:Creating prefix chain script '/home/alex/Desktop/repos/User-Interface/ros2_ws/install/setup.zsh'
