[0.487s] DEBUG:colcon:Command line arguments: ['/usr/bin/colcon', 'build']
[0.487s] DEBUG:colcon:Parsed command line arguments: Namespace(log_base=None, log_level=None, verb_name='build', build_base='build', install_base='install', merge_install=False, symlink_install=False, test_result_base=None, continue_on_error=False, executor='parallel', parallel_workers=4, event_handlers=None, ignore_user_meta=False, metas=['./colcon.meta'], base_paths=['.'], packages_ignore=None, packages_ignore_regex=None, paths=None, packages_up_to=None, packages_up_to_regex=None, packages_above=None, packages_above_and_dependencies=None, packages_above_depth=None, packages_select_by_dep=None, packages_skip_by_dep=None, packages_skip_up_to=None, packages_select_build_failed=False, packages_skip_build_finished=False, packages_select_test_failures=False, packages_skip_test_passed=False, packages_select=None, packages_skip=None, packages_select_regex=None, packages_skip_regex=None, packages_start=None, packages_end=None, allow_overriding=[], cmake_args=None, cmake_target=None, cmake_target_skip_unavailable=False, cmake_clean_cache=False, cmake_clean_first=False, cmake_force_configure=False, ament_cmake_args=None, catkin_cmake_args=None, catkin_skip_building_tests=False, mixin_files=None, mixin=None, verb_parser=<colcon_mixin.mixin.mixin_argument.MixinArgumentDecorator object at 0xffffb7669ea0>, verb_extension=<colcon_core.verb.build.BuildVerb object at 0xffffb7826e90>, main=<bound method BuildVerb.main of <colcon_core.verb.build.BuildVerb object at 0xffffb7826e90>>, mixin_verb=('build',))
[1.356s] Level 1:colcon.colcon_core.package_discovery:discover_packages(colcon_meta) check parameters
[1.357s] Level 1:colcon.colcon_core.package_discovery:discover_packages(recursive) check parameters
[1.357s] Level 1:colcon.colcon_core.package_discovery:discover_packages(ignore) check parameters
[1.357s] Level 1:colcon.colcon_core.package_discovery:discover_packages(path) check parameters
[1.357s] Level 1:colcon.colcon_core.package_discovery:discover_packages(colcon_meta) discover
[1.357s] Level 1:colcon.colcon_core.package_discovery:discover_packages(recursive) discover
[1.358s] INFO:colcon.colcon_core.package_discovery:Crawling recursively for packages in '/home/aavui/Desktop/User-Interface/ros2_ws'
[1.358s] Level 1:colcon.colcon_core.package_identification:_identify(.) by extensions ['ignore', 'ignore_ament_install']
[1.358s] Level 1:colcon.colcon_core.package_identification:_identify(.) by extension 'ignore'
[1.359s] Level 1:colcon.colcon_core.package_identification:_identify(.) by extension 'ignore_ament_install'
[1.359s] Level 1:colcon.colcon_core.package_identification:_identify(.) by extensions ['colcon_pkg']
[1.359s] Level 1:colcon.colcon_core.package_identification:_identify(.) by extension 'colcon_pkg'
[1.359s] Level 1:colcon.colcon_core.package_identification:_identify(.) by extensions ['colcon_meta']
[1.359s] Level 1:colcon.colcon_core.package_identification:_identify(.) by extension 'colcon_meta'
[1.360s] Level 1:colcon.colcon_core.package_identification:_identify(.) by extensions ['ros']
[1.360s] Level 1:colcon.colcon_core.package_identification:_identify(.) by extension 'ros'
[1.407s] Level 1:colcon.colcon_core.package_identification:_identify(.) by extensions ['cmake', 'python']
[1.407s] Level 1:colcon.colcon_core.package_identification:_identify(.) by extension 'cmake'
[1.407s] Level 1:colcon.colcon_core.package_identification:_identify(.) by extension 'python'
[1.407s] Level 1:colcon.colcon_core.package_identification:_identify(.) by extensions ['python_setup_py']
[1.408s] Level 1:colcon.colcon_core.package_identification:_identify(.) by extension 'python_setup_py'
[1.408s] Level 1:colcon.colcon_core.package_identification:_identify(build) by extensions ['ignore', 'ignore_ament_install']
[1.409s] Level 1:colcon.colcon_core.package_identification:_identify(build) by extension 'ignore'
[1.409s] Level 1:colcon.colcon_core.package_identification:_identify(build) ignored
[1.409s] Level 1:colcon.colcon_core.package_identification:_identify(install) by extensions ['ignore', 'ignore_ament_install']
[1.410s] Level 1:colcon.colcon_core.package_identification:_identify(install) by extension 'ignore'
[1.410s] Level 1:colcon.colcon_core.package_identification:_identify(install) ignored
[1.411s] Level 1:colcon.colcon_core.package_identification:_identify(log) by extensions ['ignore', 'ignore_ament_install']
[1.411s] Level 1:colcon.colcon_core.package_identification:_identify(log) by extension 'ignore'
[1.411s] Level 1:colcon.colcon_core.package_identification:_identify(log) ignored
[1.412s] Level 1:colcon.colcon_core.package_identification:_identify(src) by extensions ['ignore', 'ignore_ament_install']
[1.413s] Level 1:colcon.colcon_core.package_identification:_identify(src) by extension 'ignore'
[1.413s] Level 1:colcon.colcon_core.package_identification:_identify(src) by extension 'ignore_ament_install'
[1.413s] Level 1:colcon.colcon_core.package_identification:_identify(src) by extensions ['colcon_pkg']
[1.413s] Level 1:colcon.colcon_core.package_identification:_identify(src) by extension 'colcon_pkg'
[1.413s] Level 1:colcon.colcon_core.package_identification:_identify(src) by extensions ['colcon_meta']
[1.413s] Level 1:colcon.colcon_core.package_identification:_identify(src) by extension 'colcon_meta'
[1.414s] Level 1:colcon.colcon_core.package_identification:_identify(src) by extensions ['ros']
[1.414s] Level 1:colcon.colcon_core.package_identification:_identify(src) by extension 'ros'
[1.414s] Level 1:colcon.colcon_core.package_identification:_identify(src) by extensions ['cmake', 'python']
[1.414s] Level 1:colcon.colcon_core.package_identification:_identify(src) by extension 'cmake'
[1.415s] Level 1:colcon.colcon_core.package_identification:_identify(src) by extension 'python'
[1.415s] Level 1:colcon.colcon_core.package_identification:_identify(src) by extensions ['python_setup_py']
[1.415s] Level 1:colcon.colcon_core.package_identification:_identify(src) by extension 'python_setup_py'
[1.415s] Level 1:colcon.colcon_core.package_identification:_identify(src/maincar) by extensions ['ignore', 'ignore_ament_install']
[1.416s] Level 1:colcon.colcon_core.package_identification:_identify(src/maincar) by extension 'ignore'
[1.416s] Level 1:colcon.colcon_core.package_identification:_identify(src/maincar) by extension 'ignore_ament_install'
[1.416s] Level 1:colcon.colcon_core.package_identification:_identify(src/maincar) by extensions ['colcon_pkg']
[1.416s] Level 1:colcon.colcon_core.package_identification:_identify(src/maincar) by extension 'colcon_pkg'
[1.416s] Level 1:colcon.colcon_core.package_identification:_identify(src/maincar) by extensions ['colcon_meta']
[1.417s] Level 1:colcon.colcon_core.package_identification:_identify(src/maincar) by extension 'colcon_meta'
[1.417s] Level 1:colcon.colcon_core.package_identification:_identify(src/maincar) by extensions ['ros']
[1.417s] Level 1:colcon.colcon_core.package_identification:_identify(src/maincar) by extension 'ros'
[1.427s] DEBUG:colcon.colcon_core.package_identification:Package 'src/maincar' with type 'ros.ament_python' and name 'maincar'
[1.427s] Level 1:colcon.colcon_core.package_discovery:discover_packages(recursive) using defaults
[1.427s] Level 1:colcon.colcon_core.package_discovery:discover_packages(ignore) discover
[1.428s] Level 1:colcon.colcon_core.package_discovery:discover_packages(ignore) using defaults
[1.428s] Level 1:colcon.colcon_core.package_discovery:discover_packages(path) discover
[1.428s] Level 1:colcon.colcon_core.package_discovery:discover_packages(path) using defaults
[1.564s] Level 1:colcon.colcon_core.package_discovery:discover_packages(prefix_path) check parameters
[1.564s] Level 1:colcon.colcon_core.package_discovery:discover_packages(prefix_path) discover
[1.576s] DEBUG:colcon.colcon_installed_package_information.package_discovery:Found 1 installed packages in /home/aavui/Desktop/User-Interface/ros2_ws/install
[1.586s] DEBUG:colcon.colcon_installed_package_information.package_discovery:Found 281 installed packages in /opt/ros/humble
[1.594s] Level 1:colcon.colcon_core.package_discovery:discover_packages(prefix_path) using defaults
[1.891s] Level 5:colcon.colcon_core.verb:set package 'maincar' build argument 'cmake_args' from command line to 'None'
[1.891s] Level 5:colcon.colcon_core.verb:set package 'maincar' build argument 'cmake_target' from command line to 'None'
[1.892s] Level 5:colcon.colcon_core.verb:set package 'maincar' build argument 'cmake_target_skip_unavailable' from command line to 'False'
[1.892s] Level 5:colcon.colcon_core.verb:set package 'maincar' build argument 'cmake_clean_cache' from command line to 'False'
[1.892s] Level 5:colcon.colcon_core.verb:set package 'maincar' build argument 'cmake_clean_first' from command line to 'False'
[1.892s] Level 5:colcon.colcon_core.verb:set package 'maincar' build argument 'cmake_force_configure' from command line to 'False'
[1.892s] Level 5:colcon.colcon_core.verb:set package 'maincar' build argument 'ament_cmake_args' from command line to 'None'
[1.893s] Level 5:colcon.colcon_core.verb:set package 'maincar' build argument 'catkin_cmake_args' from command line to 'None'
[1.893s] Level 5:colcon.colcon_core.verb:set package 'maincar' build argument 'catkin_skip_building_tests' from command line to 'False'
[1.893s] DEBUG:colcon.colcon_core.verb:Building package 'maincar' with the following arguments: {'ament_cmake_args': None, 'build_base': '/home/aavui/Desktop/User-Interface/ros2_ws/build/maincar', 'catkin_cmake_args': None, 'catkin_skip_building_tests': False, 'cmake_args': None, 'cmake_clean_cache': False, 'cmake_clean_first': False, 'cmake_force_configure': False, 'cmake_target': None, 'cmake_target_skip_unavailable': False, 'install_base': '/home/aavui/Desktop/User-Interface/ros2_ws/install/maincar', 'merge_install': False, 'path': '/home/aavui/Desktop/User-Interface/ros2_ws/src/maincar', 'symlink_install': False, 'test_result_base': None}
[1.894s] INFO:colcon.colcon_core.executor:Executing jobs using 'parallel' executor
[1.897s] DEBUG:colcon.colcon_parallel_executor.executor.parallel:run_until_complete
[1.898s] INFO:colcon.colcon_ros.task.ament_python.build:Building ROS package in '/home/aavui/Desktop/User-Interface/ros2_ws/src/maincar' with build type 'ament_python'
[1.898s] Level 1:colcon.colcon_core.shell:create_environment_hook('maincar', 'ament_prefix_path')
[1.911s] INFO:colcon.colcon_core.plugin_system:Skipping extension 'colcon_core.shell.bat': Not used on non-Windows systems
[1.912s] INFO:colcon.colcon_core.shell:Creating environment hook '/home/aavui/Desktop/User-Interface/ros2_ws/install/maincar/share/maincar/hook/ament_prefix_path.ps1'
[1.915s] INFO:colcon.colcon_core.shell:Creating environment descriptor '/home/aavui/Desktop/User-Interface/ros2_ws/install/maincar/share/maincar/hook/ament_prefix_path.dsv'
[1.917s] INFO:colcon.colcon_core.shell:Creating environment hook '/home/aavui/Desktop/User-Interface/ros2_ws/install/maincar/share/maincar/hook/ament_prefix_path.sh'
[1.921s] INFO:colcon.colcon_core.shell:Skip shell extension 'powershell' for command environment: Not usable outside of PowerShell
[1.922s] DEBUG:colcon.colcon_core.shell:Skip shell extension 'dsv' for command environment
[3.403s] INFO:colcon.colcon_core.task.python.build:Building Python package in '/home/aavui/Desktop/User-Interface/ros2_ws/src/maincar'
[3.404s] INFO:colcon.colcon_core.shell:Skip shell extension 'powershell' for command environment: Not usable outside of PowerShell
[3.405s] DEBUG:colcon.colcon_core.shell:Skip shell extension 'dsv' for command environment
[5.346s] DEBUG:colcon.colcon_core.event_handler.log_command:Invoking command in '/home/aavui/Desktop/User-Interface/ros2_ws/src/maincar': PYTHONPATH=/home/aavui/Desktop/User-Interface/ros2_ws/build/maincar/prefix_override:/usr/lib/python3/dist-packages/colcon_core/task/python/colcon_distutils_commands:/home/aavui/Desktop/User-Interface/ros2_ws/install/maincar/lib/python3.10/site-packages:${PYTHONPATH} /usr/bin/python3 -W ignore:setup.py install is deprecated -W ignore:easy_install command is deprecated setup.py egg_info --egg-base ../../build/maincar build --build-base /home/aavui/Desktop/User-Interface/ros2_ws/build/maincar/build install --record /home/aavui/Desktop/User-Interface/ros2_ws/build/maincar/install.log --single-version-externally-managed install_data
[6.884s] DEBUG:colcon.colcon_core.event_handler.log_command:Invoked command in '/home/aavui/Desktop/User-Interface/ros2_ws/src/maincar' returned '0': PYTHONPATH=/home/aavui/Desktop/User-Interface/ros2_ws/build/maincar/prefix_override:/usr/lib/python3/dist-packages/colcon_core/task/python/colcon_distutils_commands:/home/aavui/Desktop/User-Interface/ros2_ws/install/maincar/lib/python3.10/site-packages:${PYTHONPATH} /usr/bin/python3 -W ignore:setup.py install is deprecated -W ignore:easy_install command is deprecated setup.py egg_info --egg-base ../../build/maincar build --build-base /home/aavui/Desktop/User-Interface/ros2_ws/build/maincar/build install --record /home/aavui/Desktop/User-Interface/ros2_ws/build/maincar/install.log --single-version-externally-managed install_data
[6.896s] Level 1:colcon.colcon_core.environment:checking '/home/aavui/Desktop/User-Interface/ros2_ws/install/maincar' for CMake module files
[6.898s] Level 1:colcon.colcon_core.environment:checking '/home/aavui/Desktop/User-Interface/ros2_ws/install/maincar' for CMake config files
[6.902s] Level 1:colcon.colcon_core.environment:checking '/home/aavui/Desktop/User-Interface/ros2_ws/install/maincar/lib'
[6.903s] Level 1:colcon.colcon_core.environment:checking '/home/aavui/Desktop/User-Interface/ros2_ws/install/maincar/bin'
[6.903s] Level 1:colcon.colcon_core.environment:checking '/home/aavui/Desktop/User-Interface/ros2_ws/install/maincar/lib/pkgconfig/maincar.pc'
[6.904s] Level 1:colcon.colcon_core.environment:checking '/home/aavui/Desktop/User-Interface/ros2_ws/install/maincar/lib/python3.10/site-packages'
[6.905s] Level 1:colcon.colcon_core.shell:create_environment_hook('maincar', 'pythonpath')
[6.905s] INFO:colcon.colcon_core.shell:Creating environment hook '/home/aavui/Desktop/User-Interface/ros2_ws/install/maincar/share/maincar/hook/pythonpath.ps1'
[6.908s] INFO:colcon.colcon_core.shell:Creating environment descriptor '/home/aavui/Desktop/User-Interface/ros2_ws/install/maincar/share/maincar/hook/pythonpath.dsv'
[6.909s] INFO:colcon.colcon_core.shell:Creating environment hook '/home/aavui/Desktop/User-Interface/ros2_ws/install/maincar/share/maincar/hook/pythonpath.sh'
[6.913s] Level 1:colcon.colcon_core.environment:checking '/home/aavui/Desktop/User-Interface/ros2_ws/install/maincar/bin'
[6.913s] Level 1:colcon.colcon_core.environment:create_environment_scripts_only(maincar)
[6.914s] INFO:colcon.colcon_core.shell:Creating package script '/home/aavui/Desktop/User-Interface/ros2_ws/install/maincar/share/maincar/package.ps1'
[6.918s] INFO:colcon.colcon_core.shell:Creating package descriptor '/home/aavui/Desktop/User-Interface/ros2_ws/install/maincar/share/maincar/package.dsv'
[6.921s] INFO:colcon.colcon_core.shell:Creating package script '/home/aavui/Desktop/User-Interface/ros2_ws/install/maincar/share/maincar/package.sh'
[6.924s] INFO:colcon.colcon_core.shell:Creating package script '/home/aavui/Desktop/User-Interface/ros2_ws/install/maincar/share/maincar/package.bash'
[6.928s] INFO:colcon.colcon_core.shell:Creating package script '/home/aavui/Desktop/User-Interface/ros2_ws/install/maincar/share/maincar/package.zsh'
[6.931s] Level 1:colcon.colcon_core.environment:create_file_with_runtime_dependencies(/home/aavui/Desktop/User-Interface/ros2_ws/install/maincar/share/colcon-core/packages/maincar)
[6.933s] DEBUG:colcon.colcon_parallel_executor.executor.parallel:closing loop
[6.934s] DEBUG:colcon.colcon_parallel_executor.executor.parallel:loop closed
[6.934s] DEBUG:colcon.colcon_parallel_executor.executor.parallel:run_until_complete finished with '0'
[6.935s] DEBUG:colcon.colcon_core.event_reactor:joining thread
[6.963s] INFO:colcon.colcon_core.plugin_system:Skipping extension 'colcon_notification.desktop_notification.terminal_notifier': Not used on non-Darwin systems
[6.963s] INFO:colcon.colcon_core.plugin_system:Skipping extension 'colcon_notification.desktop_notification.win32': Not used on non-Windows systems
[6.963s] INFO:colcon.colcon_notification.desktop_notification:Sending desktop notification using 'notify2'
[7.014s] DEBUG:colcon.colcon_core.event_reactor:joined thread
[7.016s] INFO:colcon.colcon_core.shell:Creating prefix script '/home/aavui/Desktop/User-Interface/ros2_ws/install/local_setup.ps1'
[7.020s] INFO:colcon.colcon_core.shell:Creating prefix util module '/home/aavui/Desktop/User-Interface/ros2_ws/install/_local_setup_util_ps1.py'
[7.028s] INFO:colcon.colcon_core.shell:Creating prefix chain script '/home/aavui/Desktop/User-Interface/ros2_ws/install/setup.ps1'
[7.034s] INFO:colcon.colcon_core.shell:Creating prefix script '/home/aavui/Desktop/User-Interface/ros2_ws/install/local_setup.sh'
[7.038s] INFO:colcon.colcon_core.shell:Creating prefix util module '/home/aavui/Desktop/User-Interface/ros2_ws/install/_local_setup_util_sh.py'
[7.042s] INFO:colcon.colcon_core.shell:Creating prefix chain script '/home/aavui/Desktop/User-Interface/ros2_ws/install/setup.sh'
[7.048s] INFO:colcon.colcon_core.shell:Creating prefix script '/home/aavui/Desktop/User-Interface/ros2_ws/install/local_setup.bash'
[7.052s] INFO:colcon.colcon_core.shell:Creating prefix chain script '/home/aavui/Desktop/User-Interface/ros2_ws/install/setup.bash'
[7.059s] INFO:colcon.colcon_core.shell:Creating prefix script '/home/aavui/Desktop/User-Interface/ros2_ws/install/local_setup.zsh'
[7.062s] INFO:colcon.colcon_core.shell:Creating prefix chain script '/home/aavui/Desktop/User-Interface/ros2_ws/install/setup.zsh'
