[0.481s] DEBUG:colcon:Command line arguments: ['/usr/bin/colcon', 'build']
[0.481s] DEBUG:colcon:Parsed command line arguments: Namespace(log_base=None, log_level=None, verb_name='build', build_base='build', install_base='install', merge_install=False, symlink_install=False, test_result_base=None, continue_on_error=False, executor='parallel', parallel_workers=4, event_handlers=None, ignore_user_meta=False, metas=['./colcon.meta'], base_paths=['.'], packages_ignore=None, packages_ignore_regex=None, paths=None, packages_up_to=None, packages_up_to_regex=None, packages_above=None, packages_above_and_dependencies=None, packages_above_depth=None, packages_select_by_dep=None, packages_skip_by_dep=None, packages_skip_up_to=None, packages_select_build_failed=False, packages_skip_build_finished=False, packages_select_test_failures=False, packages_skip_test_passed=False, packages_select=None, packages_skip=None, packages_select_regex=None, packages_skip_regex=None, packages_start=None, packages_end=None, allow_overriding=[], cmake_args=None, cmake_target=None, cmake_target_skip_unavailable=False, cmake_clean_cache=False, cmake_clean_first=False, cmake_force_configure=False, ament_cmake_args=None, catkin_cmake_args=None, catkin_skip_building_tests=False, mixin_files=None, mixin=None, verb_parser=<colcon_mixin.mixin.mixin_argument.MixinArgumentDecorator object at 0xffffa9c69ea0>, verb_extension=<colcon_core.verb.build.BuildVerb object at 0xffffa9e26e90>, main=<bound method BuildVerb.main of <colcon_core.verb.build.BuildVerb object at 0xffffa9e26e90>>, mixin_verb=('build',))
[1.633s] Level 1:colcon.colcon_core.package_discovery:discover_packages(colcon_meta) check parameters
[1.635s] Level 1:colcon.colcon_core.package_discovery:discover_packages(recursive) check parameters
[1.635s] Level 1:colcon.colcon_core.package_discovery:discover_packages(ignore) check parameters
[1.636s] Level 1:colcon.colcon_core.package_discovery:discover_packages(path) check parameters
[1.636s] Level 1:colcon.colcon_core.package_discovery:discover_packages(colcon_meta) discover
[1.637s] Level 1:colcon.colcon_core.package_discovery:discover_packages(recursive) discover
[1.638s] INFO:colcon.colcon_core.package_discovery:Crawling recursively for packages in '/home/aavui/Desktop/User-Interface/ros2_ws'
[1.639s] Level 1:colcon.colcon_core.package_identification:_identify(.) by extensions ['ignore', 'ignore_ament_install']
[1.641s] Level 1:colcon.colcon_core.package_identification:_identify(.) by extension 'ignore'
[1.643s] Level 1:colcon.colcon_core.package_identification:_identify(.) by extension 'ignore_ament_install'
[1.644s] Level 1:colcon.colcon_core.package_identification:_identify(.) by extensions ['colcon_pkg']
[1.645s] Level 1:colcon.colcon_core.package_identification:_identify(.) by extension 'colcon_pkg'
[1.646s] Level 1:colcon.colcon_core.package_identification:_identify(.) by extensions ['colcon_meta']
[1.647s] Level 1:colcon.colcon_core.package_identification:_identify(.) by extension 'colcon_meta'
[1.648s] Level 1:colcon.colcon_core.package_identification:_identify(.) by extensions ['ros']
[1.649s] Level 1:colcon.colcon_core.package_identification:_identify(.) by extension 'ros'
[1.728s] Level 1:colcon.colcon_core.package_identification:_identify(.) by extensions ['cmake', 'python']
[1.729s] Level 1:colcon.colcon_core.package_identification:_identify(.) by extension 'cmake'
[1.729s] Level 1:colcon.colcon_core.package_identification:_identify(.) by extension 'python'
[1.729s] Level 1:colcon.colcon_core.package_identification:_identify(.) by extensions ['python_setup_py']
[1.729s] Level 1:colcon.colcon_core.package_identification:_identify(.) by extension 'python_setup_py'
[1.730s] Level 1:colcon.colcon_core.package_identification:_identify(build) by extensions ['ignore', 'ignore_ament_install']
[1.730s] Level 1:colcon.colcon_core.package_identification:_identify(build) by extension 'ignore'
[1.730s] Level 1:colcon.colcon_core.package_identification:_identify(build) ignored
[1.731s] Level 1:colcon.colcon_core.package_identification:_identify(install) by extensions ['ignore', 'ignore_ament_install']
[1.732s] Level 1:colcon.colcon_core.package_identification:_identify(install) by extension 'ignore'
[1.732s] Level 1:colcon.colcon_core.package_identification:_identify(install) ignored
[1.734s] Level 1:colcon.colcon_core.package_identification:_identify(log) by extensions ['ignore', 'ignore_ament_install']
[1.735s] Level 1:colcon.colcon_core.package_identification:_identify(log) by extension 'ignore'
[1.735s] Level 1:colcon.colcon_core.package_identification:_identify(log) ignored
[1.736s] Level 1:colcon.colcon_core.package_identification:_identify(src) by extensions ['ignore', 'ignore_ament_install']
[1.737s] Level 1:colcon.colcon_core.package_identification:_identify(src) by extension 'ignore'
[1.737s] Level 1:colcon.colcon_core.package_identification:_identify(src) by extension 'ignore_ament_install'
[1.738s] Level 1:colcon.colcon_core.package_identification:_identify(src) by extensions ['colcon_pkg']
[1.738s] Level 1:colcon.colcon_core.package_identification:_identify(src) by extension 'colcon_pkg'
[1.738s] Level 1:colcon.colcon_core.package_identification:_identify(src) by extensions ['colcon_meta']
[1.738s] Level 1:colcon.colcon_core.package_identification:_identify(src) by extension 'colcon_meta'
[1.739s] Level 1:colcon.colcon_core.package_identification:_identify(src) by extensions ['ros']
[1.739s] Level 1:colcon.colcon_core.package_identification:_identify(src) by extension 'ros'
[1.739s] Level 1:colcon.colcon_core.package_identification:_identify(src) by extensions ['cmake', 'python']
[1.740s] Level 1:colcon.colcon_core.package_identification:_identify(src) by extension 'cmake'
[1.741s] Level 1:colcon.colcon_core.package_identification:_identify(src) by extension 'python'
[1.741s] Level 1:colcon.colcon_core.package_identification:_identify(src) by extensions ['python_setup_py']
[1.742s] Level 1:colcon.colcon_core.package_identification:_identify(src) by extension 'python_setup_py'
[1.743s] Level 1:colcon.colcon_core.package_identification:_identify(src/maincar) by extensions ['ignore', 'ignore_ament_install']
[1.745s] Level 1:colcon.colcon_core.package_identification:_identify(src/maincar) by extension 'ignore'
[1.746s] Level 1:colcon.colcon_core.package_identification:_identify(src/maincar) by extension 'ignore_ament_install'
[1.746s] Level 1:colcon.colcon_core.package_identification:_identify(src/maincar) by extensions ['colcon_pkg']
[1.746s] Level 1:colcon.colcon_core.package_identification:_identify(src/maincar) by extension 'colcon_pkg'
[1.747s] Level 1:colcon.colcon_core.package_identification:_identify(src/maincar) by extensions ['colcon_meta']
[1.747s] Level 1:colcon.colcon_core.package_identification:_identify(src/maincar) by extension 'colcon_meta'
[1.747s] Level 1:colcon.colcon_core.package_identification:_identify(src/maincar) by extensions ['ros']
[1.747s] Level 1:colcon.colcon_core.package_identification:_identify(src/maincar) by extension 'ros'
[1.761s] DEBUG:colcon.colcon_core.package_identification:Package 'src/maincar' with type 'ros.ament_python' and name 'maincar'
[1.761s] Level 1:colcon.colcon_core.package_discovery:discover_packages(recursive) using defaults
[1.762s] Level 1:colcon.colcon_core.package_discovery:discover_packages(ignore) discover
[1.762s] Level 1:colcon.colcon_core.package_discovery:discover_packages(ignore) using defaults
[1.762s] Level 1:colcon.colcon_core.package_discovery:discover_packages(path) discover
[1.762s] Level 1:colcon.colcon_core.package_discovery:discover_packages(path) using defaults
[1.924s] Level 1:colcon.colcon_core.package_discovery:discover_packages(prefix_path) check parameters
[1.924s] Level 1:colcon.colcon_core.package_discovery:discover_packages(prefix_path) discover
[1.932s] DEBUG:colcon.colcon_installed_package_information.package_discovery:Found 1 installed packages in /home/aavui/Desktop/User-Interface/ros2_ws/install
[1.941s] DEBUG:colcon.colcon_installed_package_information.package_discovery:Found 281 installed packages in /opt/ros/humble
[1.948s] Level 1:colcon.colcon_core.package_discovery:discover_packages(prefix_path) using defaults
[2.116s] Level 5:colcon.colcon_core.verb:set package 'maincar' build argument 'cmake_args' from command line to 'None'
[2.116s] Level 5:colcon.colcon_core.verb:set package 'maincar' build argument 'cmake_target' from command line to 'None'
[2.117s] Level 5:colcon.colcon_core.verb:set package 'maincar' build argument 'cmake_target_skip_unavailable' from command line to 'False'
[2.117s] Level 5:colcon.colcon_core.verb:set package 'maincar' build argument 'cmake_clean_cache' from command line to 'False'
[2.117s] Level 5:colcon.colcon_core.verb:set package 'maincar' build argument 'cmake_clean_first' from command line to 'False'
[2.117s] Level 5:colcon.colcon_core.verb:set package 'maincar' build argument 'cmake_force_configure' from command line to 'False'
[2.117s] Level 5:colcon.colcon_core.verb:set package 'maincar' build argument 'ament_cmake_args' from command line to 'None'
[2.117s] Level 5:colcon.colcon_core.verb:set package 'maincar' build argument 'catkin_cmake_args' from command line to 'None'
[2.117s] Level 5:colcon.colcon_core.verb:set package 'maincar' build argument 'catkin_skip_building_tests' from command line to 'False'
[2.117s] DEBUG:colcon.colcon_core.verb:Building package 'maincar' with the following arguments: {'ament_cmake_args': None, 'build_base': '/home/aavui/Desktop/User-Interface/ros2_ws/build/maincar', 'catkin_cmake_args': None, 'catkin_skip_building_tests': False, 'cmake_args': None, 'cmake_clean_cache': False, 'cmake_clean_first': False, 'cmake_force_configure': False, 'cmake_target': None, 'cmake_target_skip_unavailable': False, 'install_base': '/home/aavui/Desktop/User-Interface/ros2_ws/install/maincar', 'merge_install': False, 'path': '/home/aavui/Desktop/User-Interface/ros2_ws/src/maincar', 'symlink_install': False, 'test_result_base': None}
[2.118s] INFO:colcon.colcon_core.executor:Executing jobs using 'parallel' executor
[2.121s] DEBUG:colcon.colcon_parallel_executor.executor.parallel:run_until_complete
[2.122s] INFO:colcon.colcon_ros.task.ament_python.build:Building ROS package in '/home/aavui/Desktop/User-Interface/ros2_ws/src/maincar' with build type 'ament_python'
[2.123s] Level 1:colcon.colcon_core.shell:create_environment_hook('maincar', 'ament_prefix_path')
[2.131s] INFO:colcon.colcon_core.plugin_system:Skipping extension 'colcon_core.shell.bat': Not used on non-Windows systems
[2.133s] INFO:colcon.colcon_core.shell:Creating environment hook '/home/aavui/Desktop/User-Interface/ros2_ws/install/maincar/share/maincar/hook/ament_prefix_path.ps1'
[2.136s] INFO:colcon.colcon_core.shell:Creating environment descriptor '/home/aavui/Desktop/User-Interface/ros2_ws/install/maincar/share/maincar/hook/ament_prefix_path.dsv'
[2.138s] INFO:colcon.colcon_core.shell:Creating environment hook '/home/aavui/Desktop/User-Interface/ros2_ws/install/maincar/share/maincar/hook/ament_prefix_path.sh'
[2.143s] INFO:colcon.colcon_core.shell:Skip shell extension 'powershell' for command environment: Not usable outside of PowerShell
[2.143s] DEBUG:colcon.colcon_core.shell:Skip shell extension 'dsv' for command environment
[3.958s] INFO:colcon.colcon_core.task.python.build:Building Python package in '/home/aavui/Desktop/User-Interface/ros2_ws/src/maincar'
[3.960s] INFO:colcon.colcon_core.shell:Skip shell extension 'powershell' for command environment: Not usable outside of PowerShell
[3.961s] DEBUG:colcon.colcon_core.shell:Skip shell extension 'dsv' for command environment
[5.762s] DEBUG:colcon.colcon_core.event_handler.log_command:Invoking command in '/home/aavui/Desktop/User-Interface/ros2_ws/src/maincar': PYTHONPATH=/home/aavui/Desktop/User-Interface/ros2_ws/build/maincar/prefix_override:/usr/lib/python3/dist-packages/colcon_core/task/python/colcon_distutils_commands:/home/aavui/Desktop/User-Interface/ros2_ws/install/maincar/lib/python3.10/site-packages:${PYTHONPATH} /usr/bin/python3 -W ignore:setup.py install is deprecated -W ignore:easy_install command is deprecated setup.py egg_info --egg-base ../../build/maincar build --build-base /home/aavui/Desktop/User-Interface/ros2_ws/build/maincar/build install --record /home/aavui/Desktop/User-Interface/ros2_ws/build/maincar/install.log --single-version-externally-managed install_data
[7.435s] DEBUG:colcon.colcon_core.event_handler.log_command:Invoked command in '/home/aavui/Desktop/User-Interface/ros2_ws/src/maincar' returned '0': PYTHONPATH=/home/aavui/Desktop/User-Interface/ros2_ws/build/maincar/prefix_override:/usr/lib/python3/dist-packages/colcon_core/task/python/colcon_distutils_commands:/home/aavui/Desktop/User-Interface/ros2_ws/install/maincar/lib/python3.10/site-packages:${PYTHONPATH} /usr/bin/python3 -W ignore:setup.py install is deprecated -W ignore:easy_install command is deprecated setup.py egg_info --egg-base ../../build/maincar build --build-base /home/aavui/Desktop/User-Interface/ros2_ws/build/maincar/build install --record /home/aavui/Desktop/User-Interface/ros2_ws/build/maincar/install.log --single-version-externally-managed install_data
[7.445s] Level 1:colcon.colcon_core.environment:checking '/home/aavui/Desktop/User-Interface/ros2_ws/install/maincar' for CMake module files
[7.448s] Level 1:colcon.colcon_core.environment:checking '/home/aavui/Desktop/User-Interface/ros2_ws/install/maincar' for CMake config files
[7.453s] Level 1:colcon.colcon_core.environment:checking '/home/aavui/Desktop/User-Interface/ros2_ws/install/maincar/lib'
[7.454s] Level 1:colcon.colcon_core.environment:checking '/home/aavui/Desktop/User-Interface/ros2_ws/install/maincar/bin'
[7.455s] Level 1:colcon.colcon_core.environment:checking '/home/aavui/Desktop/User-Interface/ros2_ws/install/maincar/lib/pkgconfig/maincar.pc'
[7.456s] Level 1:colcon.colcon_core.environment:checking '/home/aavui/Desktop/User-Interface/ros2_ws/install/maincar/lib/python3.10/site-packages'
[7.456s] Level 1:colcon.colcon_core.shell:create_environment_hook('maincar', 'pythonpath')
[7.457s] INFO:colcon.colcon_core.shell:Creating environment hook '/home/aavui/Desktop/User-Interface/ros2_ws/install/maincar/share/maincar/hook/pythonpath.ps1'
[7.459s] INFO:colcon.colcon_core.shell:Creating environment descriptor '/home/aavui/Desktop/User-Interface/ros2_ws/install/maincar/share/maincar/hook/pythonpath.dsv'
[7.461s] INFO:colcon.colcon_core.shell:Creating environment hook '/home/aavui/Desktop/User-Interface/ros2_ws/install/maincar/share/maincar/hook/pythonpath.sh'
[7.464s] Level 1:colcon.colcon_core.environment:checking '/home/aavui/Desktop/User-Interface/ros2_ws/install/maincar/bin'
[7.464s] Level 1:colcon.colcon_core.environment:create_environment_scripts_only(maincar)
[7.466s] INFO:colcon.colcon_core.shell:Creating package script '/home/aavui/Desktop/User-Interface/ros2_ws/install/maincar/share/maincar/package.ps1'
[7.470s] INFO:colcon.colcon_core.shell:Creating package descriptor '/home/aavui/Desktop/User-Interface/ros2_ws/install/maincar/share/maincar/package.dsv'
[7.472s] INFO:colcon.colcon_core.shell:Creating package script '/home/aavui/Desktop/User-Interface/ros2_ws/install/maincar/share/maincar/package.sh'
[7.476s] INFO:colcon.colcon_core.shell:Creating package script '/home/aavui/Desktop/User-Interface/ros2_ws/install/maincar/share/maincar/package.bash'
[7.480s] INFO:colcon.colcon_core.shell:Creating package script '/home/aavui/Desktop/User-Interface/ros2_ws/install/maincar/share/maincar/package.zsh'
[7.483s] Level 1:colcon.colcon_core.environment:create_file_with_runtime_dependencies(/home/aavui/Desktop/User-Interface/ros2_ws/install/maincar/share/colcon-core/packages/maincar)
[7.484s] DEBUG:colcon.colcon_parallel_executor.executor.parallel:closing loop
[7.486s] DEBUG:colcon.colcon_parallel_executor.executor.parallel:loop closed
[7.486s] DEBUG:colcon.colcon_parallel_executor.executor.parallel:run_until_complete finished with '0'
[7.486s] DEBUG:colcon.colcon_core.event_reactor:joining thread
[7.511s] INFO:colcon.colcon_core.plugin_system:Skipping extension 'colcon_notification.desktop_notification.terminal_notifier': Not used on non-Darwin systems
[7.512s] INFO:colcon.colcon_core.plugin_system:Skipping extension 'colcon_notification.desktop_notification.win32': Not used on non-Windows systems
[7.512s] INFO:colcon.colcon_notification.desktop_notification:Sending desktop notification using 'notify2'
[7.566s] DEBUG:colcon.colcon_core.event_reactor:joined thread
[7.567s] INFO:colcon.colcon_core.shell:Creating prefix script '/home/aavui/Desktop/User-Interface/ros2_ws/install/local_setup.ps1'
[7.572s] INFO:colcon.colcon_core.shell:Creating prefix util module '/home/aavui/Desktop/User-Interface/ros2_ws/install/_local_setup_util_ps1.py'
[7.581s] INFO:colcon.colcon_core.shell:Creating prefix chain script '/home/aavui/Desktop/User-Interface/ros2_ws/install/setup.ps1'
[7.586s] INFO:colcon.colcon_core.shell:Creating prefix script '/home/aavui/Desktop/User-Interface/ros2_ws/install/local_setup.sh'
[7.590s] INFO:colcon.colcon_core.shell:Creating prefix util module '/home/aavui/Desktop/User-Interface/ros2_ws/install/_local_setup_util_sh.py'
[7.593s] INFO:colcon.colcon_core.shell:Creating prefix chain script '/home/aavui/Desktop/User-Interface/ros2_ws/install/setup.sh'
[7.599s] INFO:colcon.colcon_core.shell:Creating prefix script '/home/aavui/Desktop/User-Interface/ros2_ws/install/local_setup.bash'
[7.603s] INFO:colcon.colcon_core.shell:Creating prefix chain script '/home/aavui/Desktop/User-Interface/ros2_ws/install/setup.bash'
[7.608s] INFO:colcon.colcon_core.shell:Creating prefix script '/home/aavui/Desktop/User-Interface/ros2_ws/install/local_setup.zsh'
[7.612s] INFO:colcon.colcon_core.shell:Creating prefix chain script '/home/aavui/Desktop/User-Interface/ros2_ws/install/setup.zsh'
