[0.307s] DEBUG:colcon:Command line arguments: ['/usr/bin/colcon', 'build']
[0.308s] DEBUG:colcon:Parsed command line arguments: Namespace(log_base=None, log_level=None, verb_name='build', build_base='build', install_base='install', merge_install=False, symlink_install=False, test_result_base=None, continue_on_error=False, executor='parallel', parallel_workers=16, event_handlers=None, ignore_user_meta=False, metas=['./colcon.meta'], base_paths=['.'], packages_ignore=None, packages_ignore_regex=None, paths=None, packages_up_to=None, packages_up_to_regex=None, packages_above=None, packages_above_and_dependencies=None, packages_above_depth=None, packages_select_by_dep=None, packages_skip_by_dep=None, packages_skip_up_to=None, packages_select_build_failed=False, packages_skip_build_finished=False, packages_select_test_failures=False, packages_skip_test_passed=False, packages_select=None, packages_skip=None, packages_select_regex=None, packages_skip_regex=None, packages_start=None, packages_end=None, allow_overriding=[], cmake_args=None, cmake_target=None, cmake_target_skip_unavailable=False, cmake_clean_cache=False, cmake_clean_first=False, cmake_force_configure=False, ament_cmake_args=None, catkin_cmake_args=None, catkin_skip_building_tests=False, verb_parser=<colcon_defaults.argument_parser.defaults.DefaultArgumentsDecorator object at 0x7362d1f2beb0>, verb_extension=<colcon_core.verb.build.BuildVerb object at 0x7362d1f2b5b0>, main=<bound method BuildVerb.main of <colcon_core.verb.build.BuildVerb object at 0x7362d1f2b5b0>>)
[0.581s] Level 1:colcon.colcon_core.package_discovery:discover_packages(colcon_meta) check parameters
[0.581s] Level 1:colcon.colcon_core.package_discovery:discover_packages(recursive) check parameters
[0.581s] Level 1:colcon.colcon_core.package_discovery:discover_packages(ignore) check parameters
[0.581s] Level 1:colcon.colcon_core.package_discovery:discover_packages(path) check parameters
[0.581s] Level 1:colcon.colcon_core.package_discovery:discover_packages(colcon_meta) discover
[0.581s] Level 1:colcon.colcon_core.package_discovery:discover_packages(recursive) discover
[0.581s] INFO:colcon.colcon_core.package_discovery:Crawling recursively for packages in '/home/alextempel/code/ui/User-Interface/ros2_ws'
[0.581s] Level 1:colcon.colcon_core.package_identification:_identify(.) by extensions ['ignore', 'ignore_ament_install']
[0.581s] Level 1:colcon.colcon_core.package_identification:_identify(.) by extension 'ignore'
[0.581s] Level 1:colcon.colcon_core.package_identification:_identify(.) by extension 'ignore_ament_install'
[0.581s] Level 1:colcon.colcon_core.package_identification:_identify(.) by extensions ['colcon_pkg']
[0.581s] Level 1:colcon.colcon_core.package_identification:_identify(.) by extension 'colcon_pkg'
[0.581s] Level 1:colcon.colcon_core.package_identification:_identify(.) by extensions ['colcon_meta']
[0.581s] Level 1:colcon.colcon_core.package_identification:_identify(.) by extension 'colcon_meta'
[0.581s] Level 1:colcon.colcon_core.package_identification:_identify(.) by extensions ['ros']
[0.581s] Level 1:colcon.colcon_core.package_identification:_identify(.) by extension 'ros'
[0.596s] Level 1:colcon.colcon_core.package_identification:_identify(.) by extensions ['cmake', 'python']
[0.596s] Level 1:colcon.colcon_core.package_identification:_identify(.) by extension 'cmake'
[0.596s] Level 1:colcon.colcon_core.package_identification:_identify(.) by extension 'python'
[0.596s] Level 1:colcon.colcon_core.package_identification:_identify(.) by extensions ['python_setup_py']
[0.596s] Level 1:colcon.colcon_core.package_identification:_identify(.) by extension 'python_setup_py'
[0.596s] Level 1:colcon.colcon_core.package_identification:_identify(build) by extensions ['ignore', 'ignore_ament_install']
[0.596s] Level 1:colcon.colcon_core.package_identification:_identify(build) by extension 'ignore'
[0.596s] Level 1:colcon.colcon_core.package_identification:_identify(build) ignored
[0.596s] Level 1:colcon.colcon_core.package_identification:_identify(install) by extensions ['ignore', 'ignore_ament_install']
[0.596s] Level 1:colcon.colcon_core.package_identification:_identify(install) by extension 'ignore'
[0.596s] Level 1:colcon.colcon_core.package_identification:_identify(install) ignored
[0.596s] Level 1:colcon.colcon_core.package_identification:_identify(log) by extensions ['ignore', 'ignore_ament_install']
[0.596s] Level 1:colcon.colcon_core.package_identification:_identify(log) by extension 'ignore'
[0.596s] Level 1:colcon.colcon_core.package_identification:_identify(log) ignored
[0.597s] Level 1:colcon.colcon_core.package_identification:_identify(src) by extensions ['ignore', 'ignore_ament_install']
[0.597s] Level 1:colcon.colcon_core.package_identification:_identify(src) by extension 'ignore'
[0.597s] Level 1:colcon.colcon_core.package_identification:_identify(src) by extension 'ignore_ament_install'
[0.597s] Level 1:colcon.colcon_core.package_identification:_identify(src) by extensions ['colcon_pkg']
[0.597s] Level 1:colcon.colcon_core.package_identification:_identify(src) by extension 'colcon_pkg'
[0.597s] Level 1:colcon.colcon_core.package_identification:_identify(src) by extensions ['colcon_meta']
[0.597s] Level 1:colcon.colcon_core.package_identification:_identify(src) by extension 'colcon_meta'
[0.597s] Level 1:colcon.colcon_core.package_identification:_identify(src) by extensions ['ros']
[0.597s] Level 1:colcon.colcon_core.package_identification:_identify(src) by extension 'ros'
[0.597s] Level 1:colcon.colcon_core.package_identification:_identify(src) by extensions ['cmake', 'python']
[0.597s] Level 1:colcon.colcon_core.package_identification:_identify(src) by extension 'cmake'
[0.597s] Level 1:colcon.colcon_core.package_identification:_identify(src) by extension 'python'
[0.597s] Level 1:colcon.colcon_core.package_identification:_identify(src) by extensions ['python_setup_py']
[0.597s] Level 1:colcon.colcon_core.package_identification:_identify(src) by extension 'python_setup_py'
[0.597s] Level 1:colcon.colcon_core.package_identification:_identify(src/maincar) by extensions ['ignore', 'ignore_ament_install']
[0.597s] Level 1:colcon.colcon_core.package_identification:_identify(src/maincar) by extension 'ignore'
[0.597s] Level 1:colcon.colcon_core.package_identification:_identify(src/maincar) by extension 'ignore_ament_install'
[0.597s] Level 1:colcon.colcon_core.package_identification:_identify(src/maincar) by extensions ['colcon_pkg']
[0.597s] Level 1:colcon.colcon_core.package_identification:_identify(src/maincar) by extension 'colcon_pkg'
[0.597s] Level 1:colcon.colcon_core.package_identification:_identify(src/maincar) by extensions ['colcon_meta']
[0.597s] Level 1:colcon.colcon_core.package_identification:_identify(src/maincar) by extension 'colcon_meta'
[0.597s] Level 1:colcon.colcon_core.package_identification:_identify(src/maincar) by extensions ['ros']
[0.597s] Level 1:colcon.colcon_core.package_identification:_identify(src/maincar) by extension 'ros'
[0.601s] DEBUG:colcon.colcon_core.package_identification:Package 'src/maincar' with type 'ros.ament_python' and name 'maincar'
[0.601s] Level 1:colcon.colcon_core.package_identification:_identify(src/rtos) by extensions ['ignore', 'ignore_ament_install']
[0.601s] Level 1:colcon.colcon_core.package_identification:_identify(src/rtos) by extension 'ignore'
[0.602s] Level 1:colcon.colcon_core.package_identification:_identify(src/rtos) by extension 'ignore_ament_install'
[0.602s] Level 1:colcon.colcon_core.package_identification:_identify(src/rtos) by extensions ['colcon_pkg']
[0.602s] Level 1:colcon.colcon_core.package_identification:_identify(src/rtos) by extension 'colcon_pkg'
[0.602s] Level 1:colcon.colcon_core.package_identification:_identify(src/rtos) by extensions ['colcon_meta']
[0.602s] Level 1:colcon.colcon_core.package_identification:_identify(src/rtos) by extension 'colcon_meta'
[0.602s] Level 1:colcon.colcon_core.package_identification:_identify(src/rtos) by extensions ['ros']
[0.602s] Level 1:colcon.colcon_core.package_identification:_identify(src/rtos) by extension 'ros'
[0.603s] DEBUG:colcon.colcon_core.package_identification:Package 'src/rtos' with type 'ros.ament_cmake' and name 'rtos'
[0.603s] Level 1:colcon.colcon_core.package_discovery:discover_packages(recursive) using defaults
[0.603s] Level 1:colcon.colcon_core.package_discovery:discover_packages(ignore) discover
[0.603s] Level 1:colcon.colcon_core.package_discovery:discover_packages(ignore) using defaults
[0.603s] Level 1:colcon.colcon_core.package_discovery:discover_packages(path) discover
[0.603s] Level 1:colcon.colcon_core.package_discovery:discover_packages(path) using defaults
[0.632s] Level 1:colcon.colcon_core.package_discovery:discover_packages(prefix_path) check parameters
[0.632s] Level 1:colcon.colcon_core.package_discovery:discover_packages(prefix_path) discover
[0.635s] DEBUG:colcon.colcon_installed_package_information.package_discovery:Found 2 installed packages in /home/alextempel/code/ui/User-Interface/ros2_ws/install
[0.636s] DEBUG:colcon.colcon_installed_package_information.package_discovery:Found 1 installed packages in /home/alextempel/ros2_ws/install
[0.638s] DEBUG:colcon.colcon_installed_package_information.package_discovery:Found 272 installed packages in /opt/ros/humble
[0.640s] Level 1:colcon.colcon_core.package_discovery:discover_packages(prefix_path) using defaults
[0.712s] Level 5:colcon.colcon_core.verb:set package 'maincar' build argument 'cmake_args' from command line to 'None'
[0.712s] Level 5:colcon.colcon_core.verb:set package 'maincar' build argument 'cmake_target' from command line to 'None'
[0.712s] Level 5:colcon.colcon_core.verb:set package 'maincar' build argument 'cmake_target_skip_unavailable' from command line to 'False'
[0.713s] Level 5:colcon.colcon_core.verb:set package 'maincar' build argument 'cmake_clean_cache' from command line to 'False'
[0.713s] Level 5:colcon.colcon_core.verb:set package 'maincar' build argument 'cmake_clean_first' from command line to 'False'
[0.713s] Level 5:colcon.colcon_core.verb:set package 'maincar' build argument 'cmake_force_configure' from command line to 'False'
[0.713s] Level 5:colcon.colcon_core.verb:set package 'maincar' build argument 'ament_cmake_args' from command line to 'None'
[0.713s] Level 5:colcon.colcon_core.verb:set package 'maincar' build argument 'catkin_cmake_args' from command line to 'None'
[0.713s] Level 5:colcon.colcon_core.verb:set package 'maincar' build argument 'catkin_skip_building_tests' from command line to 'False'
[0.713s] DEBUG:colcon.colcon_core.verb:Building package 'maincar' with the following arguments: {'ament_cmake_args': None, 'build_base': '/home/alextempel/code/ui/User-Interface/ros2_ws/build/maincar', 'catkin_cmake_args': None, 'catkin_skip_building_tests': False, 'cmake_args': None, 'cmake_clean_cache': False, 'cmake_clean_first': False, 'cmake_force_configure': False, 'cmake_target': None, 'cmake_target_skip_unavailable': False, 'install_base': '/home/alextempel/code/ui/User-Interface/ros2_ws/install/maincar', 'merge_install': False, 'path': '/home/alextempel/code/ui/User-Interface/ros2_ws/src/maincar', 'symlink_install': False, 'test_result_base': None}
[0.713s] Level 5:colcon.colcon_core.verb:set package 'rtos' build argument 'cmake_args' from command line to 'None'
[0.713s] Level 5:colcon.colcon_core.verb:set package 'rtos' build argument 'cmake_target' from command line to 'None'
[0.713s] Level 5:colcon.colcon_core.verb:set package 'rtos' build argument 'cmake_target_skip_unavailable' from command line to 'False'
[0.713s] Level 5:colcon.colcon_core.verb:set package 'rtos' build argument 'cmake_clean_cache' from command line to 'False'
[0.713s] Level 5:colcon.colcon_core.verb:set package 'rtos' build argument 'cmake_clean_first' from command line to 'False'
[0.713s] Level 5:colcon.colcon_core.verb:set package 'rtos' build argument 'cmake_force_configure' from command line to 'False'
[0.713s] Level 5:colcon.colcon_core.verb:set package 'rtos' build argument 'ament_cmake_args' from command line to 'None'
[0.713s] Level 5:colcon.colcon_core.verb:set package 'rtos' build argument 'catkin_cmake_args' from command line to 'None'
[0.713s] Level 5:colcon.colcon_core.verb:set package 'rtos' build argument 'catkin_skip_building_tests' from command line to 'False'
[0.713s] DEBUG:colcon.colcon_core.verb:Building package 'rtos' with the following arguments: {'ament_cmake_args': None, 'build_base': '/home/alextempel/code/ui/User-Interface/ros2_ws/build/rtos', 'catkin_cmake_args': None, 'catkin_skip_building_tests': False, 'cmake_args': None, 'cmake_clean_cache': False, 'cmake_clean_first': False, 'cmake_force_configure': False, 'cmake_target': None, 'cmake_target_skip_unavailable': False, 'install_base': '/home/alextempel/code/ui/User-Interface/ros2_ws/install/rtos', 'merge_install': False, 'path': '/home/alextempel/code/ui/User-Interface/ros2_ws/src/rtos', 'symlink_install': False, 'test_result_base': None}
[0.713s] INFO:colcon.colcon_core.executor:Executing jobs using 'parallel' executor
[0.715s] DEBUG:colcon.colcon_parallel_executor.executor.parallel:run_until_complete
[0.715s] INFO:colcon.colcon_ros.task.ament_python.build:Building ROS package in '/home/alextempel/code/ui/User-Interface/ros2_ws/src/maincar' with build type 'ament_python'
[0.715s] Level 1:colcon.colcon_core.shell:create_environment_hook('maincar', 'ament_prefix_path')
[0.722s] INFO:colcon.colcon_core.plugin_system:Skipping extension 'colcon_core.shell.bat': Not used on non-Windows systems
[0.722s] INFO:colcon.colcon_core.shell:Creating environment hook '/home/alextempel/code/ui/User-Interface/ros2_ws/install/maincar/share/maincar/hook/ament_prefix_path.ps1'
[0.724s] INFO:colcon.colcon_core.shell:Creating environment descriptor '/home/alextempel/code/ui/User-Interface/ros2_ws/install/maincar/share/maincar/hook/ament_prefix_path.dsv'
[0.725s] INFO:colcon.colcon_core.shell:Creating environment hook '/home/alextempel/code/ui/User-Interface/ros2_ws/install/maincar/share/maincar/hook/ament_prefix_path.sh'
[0.727s] INFO:colcon.colcon_core.shell:Skip shell extension 'powershell' for command environment: Not usable outside of PowerShell
[0.727s] DEBUG:colcon.colcon_core.shell:Skip shell extension 'dsv' for command environment
[0.731s] INFO:colcon.colcon_ros.task.ament_cmake.build:Building ROS package in '/home/alextempel/code/ui/User-Interface/ros2_ws/src/rtos' with build type 'ament_cmake'
[0.732s] INFO:colcon.colcon_cmake.task.cmake.build:Building CMake package in '/home/alextempel/code/ui/User-Interface/ros2_ws/src/rtos'
[0.732s] INFO:colcon.colcon_core.shell:Skip shell extension 'powershell' for command environment: Not usable outside of PowerShell
[0.732s] DEBUG:colcon.colcon_core.shell:Skip shell extension 'dsv' for command environment
[0.944s] INFO:colcon.colcon_core.task.python.build:Building Python package in '/home/alextempel/code/ui/User-Interface/ros2_ws/src/maincar'
[0.944s] INFO:colcon.colcon_core.shell:Skip shell extension 'powershell' for command environment: Not usable outside of PowerShell
[0.944s] DEBUG:colcon.colcon_core.shell:Skip shell extension 'dsv' for command environment
[0.955s] DEBUG:colcon.colcon_core.event_handler.log_command:Invoking command in '/home/alextempel/code/ui/User-Interface/ros2_ws/build/rtos': CMAKE_PREFIX_PATH=${CMAKE_PREFIX_PATH}:/home/alextempel/code/ui/User-Interface/ros2_ws/install/maincar:/home/alextempel/ros2_ws/install/my_package:/opt/ros/humble /usr/bin/cmake --build /home/alextempel/code/ui/User-Interface/ros2_ws/build/rtos -- -j16 -l16
[1.491s] DEBUG:colcon.colcon_core.event_handler.log_command:Invoking command in '/home/alextempel/code/ui/User-Interface/ros2_ws/src/maincar': PYTHONPATH=/home/alextempel/code/ui/User-Interface/ros2_ws/build/maincar/prefix_override:/usr/lib/python3/dist-packages/colcon_core/task/python/colcon_distutils_commands:/home/alextempel/code/ui/User-Interface/ros2_ws/install/maincar/lib/python3.10/site-packages:${PYTHONPATH} /usr/bin/python3 -W ignore:setup.py install is deprecated -W ignore:easy_install command is deprecated setup.py egg_info --egg-base ../../build/maincar build --build-base /home/alextempel/code/ui/User-Interface/ros2_ws/build/maincar/build install --record /home/alextempel/code/ui/User-Interface/ros2_ws/build/maincar/install.log --single-version-externally-managed install_data
[1.741s] DEBUG:colcon.colcon_core.event_handler.log_command:Invoked command in '/home/alextempel/code/ui/User-Interface/ros2_ws/src/maincar' returned '0': PYTHONPATH=/home/alextempel/code/ui/User-Interface/ros2_ws/build/maincar/prefix_override:/usr/lib/python3/dist-packages/colcon_core/task/python/colcon_distutils_commands:/home/alextempel/code/ui/User-Interface/ros2_ws/install/maincar/lib/python3.10/site-packages:${PYTHONPATH} /usr/bin/python3 -W ignore:setup.py install is deprecated -W ignore:easy_install command is deprecated setup.py egg_info --egg-base ../../build/maincar build --build-base /home/alextempel/code/ui/User-Interface/ros2_ws/build/maincar/build install --record /home/alextempel/code/ui/User-Interface/ros2_ws/build/maincar/install.log --single-version-externally-managed install_data
[1.750s] Level 1:colcon.colcon_core.environment:checking '/home/alextempel/code/ui/User-Interface/ros2_ws/install/maincar' for CMake module files
[1.751s] Level 1:colcon.colcon_core.environment:checking '/home/alextempel/code/ui/User-Interface/ros2_ws/install/maincar' for CMake config files
[1.755s] Level 1:colcon.colcon_core.environment:checking '/home/alextempel/code/ui/User-Interface/ros2_ws/install/maincar/lib'
[1.755s] Level 1:colcon.colcon_core.environment:checking '/home/alextempel/code/ui/User-Interface/ros2_ws/install/maincar/bin'
[1.755s] Level 1:colcon.colcon_core.environment:checking '/home/alextempel/code/ui/User-Interface/ros2_ws/install/maincar/lib/pkgconfig/maincar.pc'
[1.755s] Level 1:colcon.colcon_core.environment:checking '/home/alextempel/code/ui/User-Interface/ros2_ws/install/maincar/lib/python3.10/site-packages'
[1.756s] Level 1:colcon.colcon_core.shell:create_environment_hook('maincar', 'pythonpath')
[1.756s] INFO:colcon.colcon_core.shell:Creating environment hook '/home/alextempel/code/ui/User-Interface/ros2_ws/install/maincar/share/maincar/hook/pythonpath.ps1'
[1.757s] INFO:colcon.colcon_core.shell:Creating environment descriptor '/home/alextempel/code/ui/User-Interface/ros2_ws/install/maincar/share/maincar/hook/pythonpath.dsv'
[1.758s] INFO:colcon.colcon_core.shell:Creating environment hook '/home/alextempel/code/ui/User-Interface/ros2_ws/install/maincar/share/maincar/hook/pythonpath.sh'
[1.758s] Level 1:colcon.colcon_core.environment:checking '/home/alextempel/code/ui/User-Interface/ros2_ws/install/maincar/bin'
[1.758s] Level 1:colcon.colcon_core.environment:create_environment_scripts_only(maincar)
[1.759s] INFO:colcon.colcon_core.shell:Creating package script '/home/alextempel/code/ui/User-Interface/ros2_ws/install/maincar/share/maincar/package.ps1'
[1.760s] INFO:colcon.colcon_core.shell:Creating package descriptor '/home/alextempel/code/ui/User-Interface/ros2_ws/install/maincar/share/maincar/package.dsv'
[1.761s] INFO:colcon.colcon_core.shell:Creating package script '/home/alextempel/code/ui/User-Interface/ros2_ws/install/maincar/share/maincar/package.sh'
[1.762s] INFO:colcon.colcon_core.shell:Creating package script '/home/alextempel/code/ui/User-Interface/ros2_ws/install/maincar/share/maincar/package.bash'
[1.763s] INFO:colcon.colcon_core.shell:Creating package script '/home/alextempel/code/ui/User-Interface/ros2_ws/install/maincar/share/maincar/package.zsh'
[1.764s] Level 1:colcon.colcon_core.environment:create_file_with_runtime_dependencies(/home/alextempel/code/ui/User-Interface/ros2_ws/install/maincar/share/colcon-core/packages/maincar)
[10.451s] DEBUG:colcon.colcon_core.event_handler.log_command:Invoked command in '/home/alextempel/code/ui/User-Interface/ros2_ws/build/rtos' returned '0': CMAKE_PREFIX_PATH=${CMAKE_PREFIX_PATH}:/home/alextempel/code/ui/User-Interface/ros2_ws/install/maincar:/home/alextempel/ros2_ws/install/my_package:/opt/ros/humble /usr/bin/cmake --build /home/alextempel/code/ui/User-Interface/ros2_ws/build/rtos -- -j16 -l16
[10.461s] DEBUG:colcon.colcon_core.event_handler.log_command:Invoking command in '/home/alextempel/code/ui/User-Interface/ros2_ws/build/rtos': CMAKE_PREFIX_PATH=${CMAKE_PREFIX_PATH}:/home/alextempel/code/ui/User-Interface/ros2_ws/install/maincar:/home/alextempel/ros2_ws/install/my_package:/opt/ros/humble /usr/bin/cmake --install /home/alextempel/code/ui/User-Interface/ros2_ws/build/rtos
[10.479s] Level 1:colcon.colcon_core.environment:create_environment_scripts_only(rtos)
[10.480s] Level 1:colcon.colcon_core.environment:checking '/home/alextempel/code/ui/User-Interface/ros2_ws/install/rtos' for CMake module files
[10.480s] DEBUG:colcon.colcon_core.event_handler.log_command:Invoked command in '/home/alextempel/code/ui/User-Interface/ros2_ws/build/rtos' returned '0': CMAKE_PREFIX_PATH=${CMAKE_PREFIX_PATH}:/home/alextempel/code/ui/User-Interface/ros2_ws/install/maincar:/home/alextempel/ros2_ws/install/my_package:/opt/ros/humble /usr/bin/cmake --install /home/alextempel/code/ui/User-Interface/ros2_ws/build/rtos
[10.481s] Level 1:colcon.colcon_core.environment:checking '/home/alextempel/code/ui/User-Interface/ros2_ws/install/rtos' for CMake config files
[10.483s] Level 1:colcon.colcon_core.shell:create_environment_hook('rtos', 'cmake_prefix_path')
[10.484s] INFO:colcon.colcon_core.shell:Creating environment hook '/home/alextempel/code/ui/User-Interface/ros2_ws/install/rtos/share/rtos/hook/cmake_prefix_path.ps1'
[10.484s] INFO:colcon.colcon_core.shell:Creating environment descriptor '/home/alextempel/code/ui/User-Interface/ros2_ws/install/rtos/share/rtos/hook/cmake_prefix_path.dsv'
[10.484s] INFO:colcon.colcon_core.shell:Creating environment hook '/home/alextempel/code/ui/User-Interface/ros2_ws/install/rtos/share/rtos/hook/cmake_prefix_path.sh'
[10.485s] Level 1:colcon.colcon_core.environment:checking '/home/alextempel/code/ui/User-Interface/ros2_ws/install/rtos/lib'
[10.485s] Level 1:colcon.colcon_core.environment:checking '/home/alextempel/code/ui/User-Interface/ros2_ws/install/rtos/bin'
[10.485s] Level 1:colcon.colcon_core.environment:checking '/home/alextempel/code/ui/User-Interface/ros2_ws/install/rtos/lib/pkgconfig/rtos.pc'
[10.485s] Level 1:colcon.colcon_core.environment:checking '/home/alextempel/code/ui/User-Interface/ros2_ws/install/rtos/lib/python3.10/site-packages'
[10.486s] Level 1:colcon.colcon_core.environment:checking '/home/alextempel/code/ui/User-Interface/ros2_ws/install/rtos/bin'
[10.486s] INFO:colcon.colcon_core.shell:Creating package script '/home/alextempel/code/ui/User-Interface/ros2_ws/install/rtos/share/rtos/package.ps1'
[10.486s] INFO:colcon.colcon_core.shell:Creating package descriptor '/home/alextempel/code/ui/User-Interface/ros2_ws/install/rtos/share/rtos/package.dsv'
[10.487s] INFO:colcon.colcon_core.shell:Creating package script '/home/alextempel/code/ui/User-Interface/ros2_ws/install/rtos/share/rtos/package.sh'
[10.487s] INFO:colcon.colcon_core.shell:Creating package script '/home/alextempel/code/ui/User-Interface/ros2_ws/install/rtos/share/rtos/package.bash'
[10.487s] INFO:colcon.colcon_core.shell:Creating package script '/home/alextempel/code/ui/User-Interface/ros2_ws/install/rtos/share/rtos/package.zsh'
[10.488s] Level 1:colcon.colcon_core.environment:create_file_with_runtime_dependencies(/home/alextempel/code/ui/User-Interface/ros2_ws/install/rtos/share/colcon-core/packages/rtos)
[10.488s] Level 1:colcon.colcon_core.environment:create_environment_scripts_only(rtos)
[10.488s] Level 1:colcon.colcon_core.environment:checking '/home/alextempel/code/ui/User-Interface/ros2_ws/install/rtos' for CMake module files
[10.489s] Level 1:colcon.colcon_core.environment:checking '/home/alextempel/code/ui/User-Interface/ros2_ws/install/rtos' for CMake config files
[10.489s] Level 1:colcon.colcon_core.shell:create_environment_hook('rtos', 'cmake_prefix_path')
[10.489s] INFO:colcon.colcon_core.shell:Creating environment hook '/home/alextempel/code/ui/User-Interface/ros2_ws/install/rtos/share/rtos/hook/cmake_prefix_path.ps1'
[10.490s] INFO:colcon.colcon_core.shell:Creating environment descriptor '/home/alextempel/code/ui/User-Interface/ros2_ws/install/rtos/share/rtos/hook/cmake_prefix_path.dsv'
[10.490s] INFO:colcon.colcon_core.shell:Creating environment hook '/home/alextempel/code/ui/User-Interface/ros2_ws/install/rtos/share/rtos/hook/cmake_prefix_path.sh'
[10.490s] Level 1:colcon.colcon_core.environment:checking '/home/alextempel/code/ui/User-Interface/ros2_ws/install/rtos/lib'
[10.491s] Level 1:colcon.colcon_core.environment:checking '/home/alextempel/code/ui/User-Interface/ros2_ws/install/rtos/bin'
[10.491s] Level 1:colcon.colcon_core.environment:checking '/home/alextempel/code/ui/User-Interface/ros2_ws/install/rtos/lib/pkgconfig/rtos.pc'
[10.491s] Level 1:colcon.colcon_core.environment:checking '/home/alextempel/code/ui/User-Interface/ros2_ws/install/rtos/lib/python3.10/site-packages'
[10.491s] Level 1:colcon.colcon_core.environment:checking '/home/alextempel/code/ui/User-Interface/ros2_ws/install/rtos/bin'
[10.491s] INFO:colcon.colcon_core.shell:Creating package script '/home/alextempel/code/ui/User-Interface/ros2_ws/install/rtos/share/rtos/package.ps1'
[10.492s] INFO:colcon.colcon_core.shell:Creating package descriptor '/home/alextempel/code/ui/User-Interface/ros2_ws/install/rtos/share/rtos/package.dsv'
[10.492s] INFO:colcon.colcon_core.shell:Creating package script '/home/alextempel/code/ui/User-Interface/ros2_ws/install/rtos/share/rtos/package.sh'
[10.493s] INFO:colcon.colcon_core.shell:Creating package script '/home/alextempel/code/ui/User-Interface/ros2_ws/install/rtos/share/rtos/package.bash'
[10.493s] INFO:colcon.colcon_core.shell:Creating package script '/home/alextempel/code/ui/User-Interface/ros2_ws/install/rtos/share/rtos/package.zsh'
[10.494s] Level 1:colcon.colcon_core.environment:create_file_with_runtime_dependencies(/home/alextempel/code/ui/User-Interface/ros2_ws/install/rtos/share/colcon-core/packages/rtos)
[10.494s] DEBUG:colcon.colcon_parallel_executor.executor.parallel:closing loop
[10.495s] DEBUG:colcon.colcon_parallel_executor.executor.parallel:loop closed
[10.496s] DEBUG:colcon.colcon_parallel_executor.executor.parallel:run_until_complete finished with '0'
[10.496s] DEBUG:colcon.colcon_core.event_reactor:joining thread
[10.558s] INFO:colcon.colcon_core.plugin_system:Skipping extension 'colcon_notification.desktop_notification.notify_send': Could not find 'notify-send'
[10.558s] INFO:colcon.colcon_core.plugin_system:Skipping extension 'colcon_notification.desktop_notification.terminal_notifier': Not used on non-Darwin systems
[10.558s] INFO:colcon.colcon_core.plugin_system:Skipping extension 'colcon_notification.desktop_notification.win32': Not used on non-Windows systems
[10.558s] INFO:colcon.colcon_notification.desktop_notification:Sending desktop notification using 'notify2'
[10.558s] DEBUG:colcon.colcon_notification.desktop_notification.notify2:Failed to initialize notify2: org.freedesktop.DBus.Error.FileNotFound: Failed to connect to socket /run/user/1000/bus: No such file or directory
[10.558s] DEBUG:colcon.colcon_core.event_reactor:joined thread
[10.559s] INFO:colcon.colcon_core.shell:Creating prefix script '/home/alextempel/code/ui/User-Interface/ros2_ws/install/local_setup.ps1'
[10.560s] INFO:colcon.colcon_core.shell:Creating prefix util module '/home/alextempel/code/ui/User-Interface/ros2_ws/install/_local_setup_util_ps1.py'
[10.562s] INFO:colcon.colcon_core.shell:Creating prefix chain script '/home/alextempel/code/ui/User-Interface/ros2_ws/install/setup.ps1'
[10.563s] INFO:colcon.colcon_core.shell:Creating prefix script '/home/alextempel/code/ui/User-Interface/ros2_ws/install/local_setup.sh'
[10.564s] INFO:colcon.colcon_core.shell:Creating prefix util module '/home/alextempel/code/ui/User-Interface/ros2_ws/install/_local_setup_util_sh.py'
[10.565s] INFO:colcon.colcon_core.shell:Creating prefix chain script '/home/alextempel/code/ui/User-Interface/ros2_ws/install/setup.sh'
[10.566s] INFO:colcon.colcon_core.shell:Creating prefix script '/home/alextempel/code/ui/User-Interface/ros2_ws/install/local_setup.bash'
[10.567s] INFO:colcon.colcon_core.shell:Creating prefix chain script '/home/alextempel/code/ui/User-Interface/ros2_ws/install/setup.bash'
[10.568s] INFO:colcon.colcon_core.shell:Creating prefix script '/home/alextempel/code/ui/User-Interface/ros2_ws/install/local_setup.zsh'
[10.568s] INFO:colcon.colcon_core.shell:Creating prefix chain script '/home/alextempel/code/ui/User-Interface/ros2_ws/install/setup.zsh'
