[0.236s] Invoking command in '/home/alextempel/code/ui/User-Interface/ros2_ws/build/rtos': CMAKE_PREFIX_PATH=${CMAKE_PREFIX_PATH}:/home/alextempel/code/ui/User-Interface/ros2_ws/install/maincar:/home/alextempel/ros2_ws/install/my_package:/opt/ros/humble /usr/bin/cmake --build /home/alextempel/code/ui/User-Interface/ros2_ws/build/rtos -- -j16 -l16
[0.315s] [35m[1mConsolidate compiler generated dependencies of target ui_rtos_pub[0m
[0.315s] [35m[1mConsolidate compiler generated dependencies of target ui_rtos_sub[0m
[0.334s] [ 25%] [32mBuilding CXX object CMakeFiles/ui_rtos_pub.dir/src/ui_rtos_pub.cpp.o[0m
[0.334s] [ 50%] [32mBuilding CXX object CMakeFiles/ui_rtos_sub.dir/src/ui_rtos_sub.cpp.o[0m
[5.333s] [ 75%] [32m[1mLinking CXX executable ui_rtos_pub[0m
[5.714s] [ 75%] Built target ui_rtos_pub
[9.511s] [100%] [32m[1mLinking CXX executable ui_rtos_sub[0m
[9.997s] [100%] Built target ui_rtos_sub
[10.008s] Invoked command in '/home/alextempel/code/ui/User-Interface/ros2_ws/build/rtos' returned '0': CMAKE_PREFIX_PATH=${CMAKE_PREFIX_PATH}:/home/alextempel/code/ui/User-Interface/ros2_ws/install/maincar:/home/alextempel/ros2_ws/install/my_package:/opt/ros/humble /usr/bin/cmake --build /home/alextempel/code/ui/User-Interface/ros2_ws/build/rtos -- -j16 -l16
[10.020s] Invoking command in '/home/alextempel/code/ui/User-Interface/ros2_ws/build/rtos': CMAKE_PREFIX_PATH=${CMAKE_PREFIX_PATH}:/home/alextempel/code/ui/User-Interface/ros2_ws/install/maincar:/home/alextempel/ros2_ws/install/my_package:/opt/ros/humble /usr/bin/cmake --install /home/alextempel/code/ui/User-Interface/ros2_ws/build/rtos
[10.028s] -- Install configuration: ""
[10.030s] -- Installing: /home/alextempel/code/ui/User-Interface/ros2_ws/install/rtos/lib/rtos/ui_rtos_sub
[10.035s] -- Set runtime path of "/home/alextempel/code/ui/User-Interface/ros2_ws/install/rtos/lib/rtos/ui_rtos_sub" to ""
[10.036s] -- Installing: /home/alextempel/code/ui/User-Interface/ros2_ws/install/rtos/lib/rtos/ui_rtos_pub
[10.037s] -- Set runtime path of "/home/alextempel/code/ui/User-Interface/ros2_ws/install/rtos/lib/rtos/ui_rtos_pub" to ""
[10.037s] -- Up-to-date: /home/alextempel/code/ui/User-Interface/ros2_ws/install/rtos/share/ament_index/resource_index/package_run_dependencies/rtos
[10.037s] -- Up-to-date: /home/alextempel/code/ui/User-Interface/ros2_ws/install/rtos/share/ament_index/resource_index/parent_prefix_path/rtos
[10.037s] -- Up-to-date: /home/alextempel/code/ui/User-Interface/ros2_ws/install/rtos/share/rtos/environment/ament_prefix_path.sh
[10.037s] -- Up-to-date: /home/alextempel/code/ui/User-Interface/ros2_ws/install/rtos/share/rtos/environment/ament_prefix_path.dsv
[10.038s] -- Up-to-date: /home/alextempel/code/ui/User-Interface/ros2_ws/install/rtos/share/rtos/environment/path.sh
[10.038s] -- Up-to-date: /home/alextempel/code/ui/User-Interface/ros2_ws/install/rtos/share/rtos/environment/path.dsv
[10.038s] -- Up-to-date: /home/alextempel/code/ui/User-Interface/ros2_ws/install/rtos/share/rtos/local_setup.bash
[10.038s] -- Up-to-date: /home/alextempel/code/ui/User-Interface/ros2_ws/install/rtos/share/rtos/local_setup.sh
[10.038s] -- Up-to-date: /home/alextempel/code/ui/User-Interface/ros2_ws/install/rtos/share/rtos/local_setup.zsh
[10.038s] -- Up-to-date: /home/alextempel/code/ui/User-Interface/ros2_ws/install/rtos/share/rtos/local_setup.dsv
[10.038s] -- Installing: /home/alextempel/code/ui/User-Interface/ros2_ws/install/rtos/share/rtos/package.dsv
[10.039s] -- Up-to-date: /home/alextempel/code/ui/User-Interface/ros2_ws/install/rtos/share/ament_index/resource_index/packages/rtos
[10.039s] -- Up-to-date: /home/alextempel/code/ui/User-Interface/ros2_ws/install/rtos/share/rtos/cmake/rtosConfig.cmake
[10.039s] -- Up-to-date: /home/alextempel/code/ui/User-Interface/ros2_ws/install/rtos/share/rtos/cmake/rtosConfig-version.cmake
[10.040s] -- Up-to-date: /home/alextempel/code/ui/User-Interface/ros2_ws/install/rtos/share/rtos/package.xml
[10.042s] Invoked command in '/home/alextempel/code/ui/User-Interface/ros2_ws/build/rtos' returned '0': CMAKE_PREFIX_PATH=${CMAKE_PREFIX_PATH}:/home/alextempel/code/ui/User-Interface/ros2_ws/install/maincar:/home/alextempel/ros2_ws/install/my_package:/opt/ros/humble /usr/bin/cmake --install /home/alextempel/code/ui/User-Interface/ros2_ws/build/rtos
