running egg_info
creating ../../build/maincar/maincar.egg-info
writing ../../build/maincar/maincar.egg-info/PKG-INFO
writing dependency_links to ../../build/maincar/maincar.egg-info/dependency_links.txt
writing entry points to ../../build/maincar/maincar.egg-info/entry_points.txt
writing requirements to ../../build/maincar/maincar.egg-info/requires.txt
writing top-level names to ../../build/maincar/maincar.egg-info/top_level.txt
writing manifest file '../../build/maincar/maincar.egg-info/SOURCES.txt'
reading manifest file '../../build/maincar/maincar.egg-info/SOURCES.txt'
writing manifest file '../../build/maincar/maincar.egg-info/SOURCES.txt'
running build
running build_py
creating /home/aavui/maincar/User-Interface/ros2_ws/build/maincar/build
creating /home/aavui/maincar/User-Interface/ros2_ws/build/maincar/build/lib
creating /home/aavui/maincar/User-Interface/ros2_ws/build/maincar/build/lib/maincar
copying maincar/ui_test.py -> /home/aavui/maincar/User-Interface/ros2_ws/build/maincar/build/lib/maincar
copying maincar/ui_push.py -> /home/aavui/maincar/User-Interface/ros2_ws/build/maincar/build/lib/maincar
copying maincar/__init__.py -> /home/aavui/maincar/User-Interface/ros2_ws/build/maincar/build/lib/maincar
copying maincar/ui_flask.py -> /home/aavui/maincar/User-Interface/ros2_ws/build/maincar/build/lib/maincar
copying maincar/ui_fetch.py -> /home/aavui/maincar/User-Interface/ros2_ws/build/maincar/build/lib/maincar
running install
running install_lib
creating /home/aavui/maincar/User-Interface/ros2_ws/install/maincar/lib/python3.10/site-packages/maincar
copying /home/aavui/maincar/User-Interface/ros2_ws/build/maincar/build/lib/maincar/ui_test.py -> /home/aavui/maincar/User-Interface/ros2_ws/install/maincar/lib/python3.10/site-packages/maincar
copying /home/aavui/maincar/User-Interface/ros2_ws/build/maincar/build/lib/maincar/ui_push.py -> /home/aavui/maincar/User-Interface/ros2_ws/install/maincar/lib/python3.10/site-packages/maincar
copying /home/aavui/maincar/User-Interface/ros2_ws/build/maincar/build/lib/maincar/__init__.py -> /home/aavui/maincar/User-Interface/ros2_ws/install/maincar/lib/python3.10/site-packages/maincar
copying /home/aavui/maincar/User-Interface/ros2_ws/build/maincar/build/lib/maincar/ui_flask.py -> /home/aavui/maincar/User-Interface/ros2_ws/install/maincar/lib/python3.10/site-packages/maincar
copying /home/aavui/maincar/User-Interface/ros2_ws/build/maincar/build/lib/maincar/ui_fetch.py -> /home/aavui/maincar/User-Interface/ros2_ws/install/maincar/lib/python3.10/site-packages/maincar
byte-compiling /home/aavui/maincar/User-Interface/ros2_ws/install/maincar/lib/python3.10/site-packages/maincar/ui_test.py to ui_test.cpython-310.pyc
byte-compiling /home/aavui/maincar/User-Interface/ros2_ws/install/maincar/lib/python3.10/site-packages/maincar/ui_push.py to ui_push.cpython-310.pyc
byte-compiling /home/aavui/maincar/User-Interface/ros2_ws/install/maincar/lib/python3.10/site-packages/maincar/__init__.py to __init__.cpython-310.pyc
byte-compiling /home/aavui/maincar/User-Interface/ros2_ws/install/maincar/lib/python3.10/site-packages/maincar/ui_flask.py to ui_flask.cpython-310.pyc
byte-compiling /home/aavui/maincar/User-Interface/ros2_ws/install/maincar/lib/python3.10/site-packages/maincar/ui_fetch.py to ui_fetch.cpython-310.pyc
running install_data
creating /home/aavui/maincar/User-Interface/ros2_ws/install/maincar/share/ament_index
creating /home/aavui/maincar/User-Interface/ros2_ws/install/maincar/share/ament_index/resource_index
creating /home/aavui/maincar/User-Interface/ros2_ws/install/maincar/share/ament_index/resource_index/packages
copying resource/maincar -> /home/aavui/maincar/User-Interface/ros2_ws/install/maincar/share/ament_index/resource_index/packages
copying package.xml -> /home/aavui/maincar/User-Interface/ros2_ws/install/maincar/share/maincar
running install_egg_info
Copying ../../build/maincar/maincar.egg-info to /home/aavui/maincar/User-Interface/ros2_ws/install/maincar/lib/python3.10/site-packages/maincar-0.0.0-py3.10.egg-info
running install_scripts
Installing ui_flask script to /home/aavui/maincar/User-Interface/ros2_ws/install/maincar/lib/maincar
Installing ui_mock_publish script to /home/aavui/maincar/User-Interface/ros2_ws/install/maincar/lib/maincar
writing list of installed files to '/home/aavui/maincar/User-Interface/ros2_ws/build/maincar/install.log'
