[0.475s] DEBUG:colcon:Command line arguments: ['/usr/bin/colcon', 'build', '--symlink-install']
[0.476s] DEBUG:colcon:Parsed command line arguments: Namespace(log_base=None, log_level=None, verb_name='build', build_base='build', install_base='install', merge_install=False, symlink_install=True, test_result_base=None, continue_on_error=False, executor='parallel', parallel_workers=4, event_handlers=None, ignore_user_meta=False, metas=['./colcon.meta'], base_paths=['.'], packages_ignore=None, packages_ignore_regex=None, paths=None, packages_up_to=None, packages_up_to_regex=None, packages_above=None, packages_above_and_dependencies=None, packages_above_depth=None, packages_select_by_dep=None, packages_skip_by_dep=None, packages_skip_up_to=None, packages_select_build_failed=False, packages_skip_build_finished=False, packages_select_test_failures=False, packages_skip_test_passed=False, packages_select=None, packages_skip=None, packages_select_regex=None, packages_skip_regex=None, packages_start=None, packages_end=None, allow_overriding=[], cmake_args=None, cmake_target=None, cmake_target_skip_unavailable=False, cmake_clean_cache=False, cmake_clean_first=False, cmake_force_configure=False, ament_cmake_args=None, catkin_cmake_args=None, catkin_skip_building_tests=False, mixin_files=None, mixin=None, verb_parser=<colcon_mixin.mixin.mixin_argument.MixinArgumentDecorator object at 0xffff988fdc30>, verb_extension=<colcon_core.verb.build.BuildVerb object at 0xffff98ab6bc0>, main=<bound method BuildVerb.main of <colcon_core.verb.build.BuildVerb object at 0xffff98ab6bc0>>, mixin_verb=('build',))
[1.308s] Level 1:colcon.colcon_core.package_discovery:discover_packages(colcon_meta) check parameters
[1.309s] Level 1:colcon.colcon_core.package_discovery:discover_packages(recursive) check parameters
[1.309s] Level 1:colcon.colcon_core.package_discovery:discover_packages(ignore) check parameters
[1.309s] Level 1:colcon.colcon_core.package_discovery:discover_packages(path) check parameters
[1.309s] Level 1:colcon.colcon_core.package_discovery:discover_packages(colcon_meta) discover
[1.309s] Level 1:colcon.colcon_core.package_discovery:discover_packages(recursive) discover
[1.310s] INFO:colcon.colcon_core.package_discovery:Crawling recursively for packages in '/home/aavui/maincar/User-Interface/ros2_ws'
[1.310s] Level 1:colcon.colcon_core.package_identification:_identify(.) by extensions ['ignore', 'ignore_ament_install']
[1.310s] Level 1:colcon.colcon_core.package_identification:_identify(.) by extension 'ignore'
[1.311s] Level 1:colcon.colcon_core.package_identification:_identify(.) by extension 'ignore_ament_install'
[1.311s] Level 1:colcon.colcon_core.package_identification:_identify(.) by extensions ['colcon_pkg']
[1.311s] Level 1:colcon.colcon_core.package_identification:_identify(.) by extension 'colcon_pkg'
[1.311s] Level 1:colcon.colcon_core.package_identification:_identify(.) by extensions ['colcon_meta']
[1.311s] Level 1:colcon.colcon_core.package_identification:_identify(.) by extension 'colcon_meta'
[1.311s] Level 1:colcon.colcon_core.package_identification:_identify(.) by extensions ['ros']
[1.311s] Level 1:colcon.colcon_core.package_identification:_identify(.) by extension 'ros'
[1.356s] Level 1:colcon.colcon_core.package_identification:_identify(.) by extensions ['cmake', 'python']
[1.356s] Level 1:colcon.colcon_core.package_identification:_identify(.) by extension 'cmake'
[1.356s] Level 1:colcon.colcon_core.package_identification:_identify(.) by extension 'python'
[1.356s] Level 1:colcon.colcon_core.package_identification:_identify(.) by extensions ['python_setup_py']
[1.356s] Level 1:colcon.colcon_core.package_identification:_identify(.) by extension 'python_setup_py'
[1.357s] Level 1:colcon.colcon_core.package_identification:_identify(build) by extensions ['ignore', 'ignore_ament_install']
[1.357s] Level 1:colcon.colcon_core.package_identification:_identify(build) by extension 'ignore'
[1.357s] Level 1:colcon.colcon_core.package_identification:_identify(build) ignored
[1.358s] Level 1:colcon.colcon_core.package_identification:_identify(install) by extensions ['ignore', 'ignore_ament_install']
[1.358s] Level 1:colcon.colcon_core.package_identification:_identify(install) by extension 'ignore'
[1.359s] Level 1:colcon.colcon_core.package_identification:_identify(install) ignored
[1.359s] Level 1:colcon.colcon_core.package_identification:_identify(log) by extensions ['ignore', 'ignore_ament_install']
[1.359s] Level 1:colcon.colcon_core.package_identification:_identify(log) by extension 'ignore'
[1.360s] Level 1:colcon.colcon_core.package_identification:_identify(log) ignored
[1.360s] Level 1:colcon.colcon_core.package_identification:_identify(src) by extensions ['ignore', 'ignore_ament_install']
[1.360s] Level 1:colcon.colcon_core.package_identification:_identify(src) by extension 'ignore'
[1.361s] Level 1:colcon.colcon_core.package_identification:_identify(src) by extension 'ignore_ament_install'
[1.361s] Level 1:colcon.colcon_core.package_identification:_identify(src) by extensions ['colcon_pkg']
[1.361s] Level 1:colcon.colcon_core.package_identification:_identify(src) by extension 'colcon_pkg'
[1.361s] Level 1:colcon.colcon_core.package_identification:_identify(src) by extensions ['colcon_meta']
[1.361s] Level 1:colcon.colcon_core.package_identification:_identify(src) by extension 'colcon_meta'
[1.361s] Level 1:colcon.colcon_core.package_identification:_identify(src) by extensions ['ros']
[1.361s] Level 1:colcon.colcon_core.package_identification:_identify(src) by extension 'ros'
[1.362s] Level 1:colcon.colcon_core.package_identification:_identify(src) by extensions ['cmake', 'python']
[1.362s] Level 1:colcon.colcon_core.package_identification:_identify(src) by extension 'cmake'
[1.362s] Level 1:colcon.colcon_core.package_identification:_identify(src) by extension 'python'
[1.362s] Level 1:colcon.colcon_core.package_identification:_identify(src) by extensions ['python_setup_py']
[1.362s] Level 1:colcon.colcon_core.package_identification:_identify(src) by extension 'python_setup_py'
[1.363s] Level 1:colcon.colcon_core.package_identification:_identify(src/maincar) by extensions ['ignore', 'ignore_ament_install']
[1.363s] Level 1:colcon.colcon_core.package_identification:_identify(src/maincar) by extension 'ignore'
[1.363s] Level 1:colcon.colcon_core.package_identification:_identify(src/maincar) by extension 'ignore_ament_install'
[1.363s] Level 1:colcon.colcon_core.package_identification:_identify(src/maincar) by extensions ['colcon_pkg']
[1.364s] Level 1:colcon.colcon_core.package_identification:_identify(src/maincar) by extension 'colcon_pkg'
[1.364s] Level 1:colcon.colcon_core.package_identification:_identify(src/maincar) by extensions ['colcon_meta']
[1.364s] Level 1:colcon.colcon_core.package_identification:_identify(src/maincar) by extension 'colcon_meta'
[1.364s] Level 1:colcon.colcon_core.package_identification:_identify(src/maincar) by extensions ['ros']
[1.364s] Level 1:colcon.colcon_core.package_identification:_identify(src/maincar) by extension 'ros'
[1.374s] DEBUG:colcon.colcon_core.package_identification:Package 'src/maincar' with type 'ros.ament_python' and name 'maincar'
[1.374s] Level 1:colcon.colcon_core.package_discovery:discover_packages(recursive) using defaults
[1.374s] Level 1:colcon.colcon_core.package_discovery:discover_packages(ignore) discover
[1.374s] Level 1:colcon.colcon_core.package_discovery:discover_packages(ignore) using defaults
[1.374s] Level 1:colcon.colcon_core.package_discovery:discover_packages(path) discover
[1.375s] Level 1:colcon.colcon_core.package_discovery:discover_packages(path) using defaults
[1.492s] Level 1:colcon.colcon_core.package_discovery:discover_packages(prefix_path) check parameters
[1.492s] Level 1:colcon.colcon_core.package_discovery:discover_packages(prefix_path) discover
[1.507s] DEBUG:colcon.colcon_installed_package_information.package_discovery:Found 281 installed packages in /opt/ros/humble
[1.513s] Level 1:colcon.colcon_core.package_discovery:discover_packages(prefix_path) using defaults
[1.682s] Level 5:colcon.colcon_core.verb:set package 'maincar' build argument 'cmake_args' from command line to 'None'
[1.682s] Level 5:colcon.colcon_core.verb:set package 'maincar' build argument 'cmake_target' from command line to 'None'
[1.682s] Level 5:colcon.colcon_core.verb:set package 'maincar' build argument 'cmake_target_skip_unavailable' from command line to 'False'
[1.682s] Level 5:colcon.colcon_core.verb:set package 'maincar' build argument 'cmake_clean_cache' from command line to 'False'
[1.682s] Level 5:colcon.colcon_core.verb:set package 'maincar' build argument 'cmake_clean_first' from command line to 'False'
[1.682s] Level 5:colcon.colcon_core.verb:set package 'maincar' build argument 'cmake_force_configure' from command line to 'False'
[1.683s] Level 5:colcon.colcon_core.verb:set package 'maincar' build argument 'ament_cmake_args' from command line to 'None'
[1.683s] Level 5:colcon.colcon_core.verb:set package 'maincar' build argument 'catkin_cmake_args' from command line to 'None'
[1.683s] Level 5:colcon.colcon_core.verb:set package 'maincar' build argument 'catkin_skip_building_tests' from command line to 'False'
[1.683s] DEBUG:colcon.colcon_core.verb:Building package 'maincar' with the following arguments: {'ament_cmake_args': None, 'build_base': '/home/aavui/maincar/User-Interface/ros2_ws/build/maincar', 'catkin_cmake_args': None, 'catkin_skip_building_tests': False, 'cmake_args': None, 'cmake_clean_cache': False, 'cmake_clean_first': False, 'cmake_force_configure': False, 'cmake_target': None, 'cmake_target_skip_unavailable': False, 'install_base': '/home/aavui/maincar/User-Interface/ros2_ws/install/maincar', 'merge_install': False, 'path': '/home/aavui/maincar/User-Interface/ros2_ws/src/maincar', 'symlink_install': True, 'test_result_base': None}
[1.683s] INFO:colcon.colcon_core.executor:Executing jobs using 'parallel' executor
[1.687s] DEBUG:colcon.colcon_parallel_executor.executor.parallel:run_until_complete
[1.687s] INFO:colcon.colcon_ros.task.ament_python.build:Building ROS package in '/home/aavui/maincar/User-Interface/ros2_ws/src/maincar' with build type 'ament_python'
[1.688s] Level 1:colcon.colcon_core.shell:create_environment_hook('maincar', 'ament_prefix_path')
[1.696s] INFO:colcon.colcon_core.plugin_system:Skipping extension 'colcon_core.shell.bat': Not used on non-Windows systems
[1.697s] INFO:colcon.colcon_core.shell:Creating environment hook '/home/aavui/maincar/User-Interface/ros2_ws/install/maincar/share/maincar/hook/ament_prefix_path.ps1'
[1.701s] INFO:colcon.colcon_core.shell:Creating environment descriptor '/home/aavui/maincar/User-Interface/ros2_ws/install/maincar/share/maincar/hook/ament_prefix_path.dsv'
[1.704s] INFO:colcon.colcon_core.shell:Creating environment hook '/home/aavui/maincar/User-Interface/ros2_ws/install/maincar/share/maincar/hook/ament_prefix_path.sh'
[1.708s] INFO:colcon.colcon_core.shell:Skip shell extension 'powershell' for command environment: Not usable outside of PowerShell
[1.708s] DEBUG:colcon.colcon_core.shell:Skip shell extension 'dsv' for command environment
[2.962s] INFO:colcon.colcon_core.task.python.build:Building Python package in '/home/aavui/maincar/User-Interface/ros2_ws/src/maincar'
[2.963s] INFO:colcon.colcon_core.shell:Skip shell extension 'powershell' for command environment: Not usable outside of PowerShell
[2.963s] DEBUG:colcon.colcon_core.shell:Skip shell extension 'dsv' for command environment
[4.664s] DEBUG:colcon.colcon_core.task.python.build:While undoing a previous installation files outside the Python library path are being ignored: /home/aavui/maincar/User-Interface/ros2_ws/install/maincar/share/ament_index/resource_index/packages/maincar
[4.665s] DEBUG:colcon.colcon_core.task.python.build:While undoing a previous installation files outside the Python library path are being ignored: /home/aavui/maincar/User-Interface/ros2_ws/install/maincar/share/maincar/package.xml
[4.666s] DEBUG:colcon.colcon_core.task.python.build:While undoing a previous installation files outside the Python library path are being ignored: /home/aavui/maincar/User-Interface/ros2_ws/install/maincar/lib/maincar/ui_flask
[4.666s] DEBUG:colcon.colcon_core.task.python.build:While undoing a previous installation files outside the Python library path are being ignored: /home/aavui/maincar/User-Interface/ros2_ws/install/maincar/lib/maincar/ui_mock_publish
[4.673s] DEBUG:colcon.colcon_core.event_handler.log_command:Invoking command in '/home/aavui/maincar/User-Interface/ros2_ws/build/maincar': PYTHONPATH=/home/aavui/maincar/User-Interface/ros2_ws/build/maincar/prefix_override:/usr/lib/python3/dist-packages/colcon_core/task/python/colcon_distutils_commands:/home/aavui/maincar/User-Interface/ros2_ws/install/maincar/lib/python3.10/site-packages:${PYTHONPATH} /usr/bin/python3 -W ignore:setup.py install is deprecated -W ignore:easy_install command is deprecated setup.py develop --editable --build-directory /home/aavui/maincar/User-Interface/ros2_ws/build/maincar/build --no-deps symlink_data --force
[6.919s] Level 1:colcon.colcon_core.shell:create_environment_hook('maincar', 'pythonpath_develop')
[6.920s] INFO:colcon.colcon_core.shell:Creating environment hook '/home/aavui/maincar/User-Interface/ros2_ws/build/maincar/share/maincar/hook/pythonpath_develop.ps1'
[6.921s] DEBUG:colcon.colcon_core.event_handler.log_command:Invoked command in '/home/aavui/maincar/User-Interface/ros2_ws/build/maincar' returned '0': PYTHONPATH=/home/aavui/maincar/User-Interface/ros2_ws/build/maincar/prefix_override:/usr/lib/python3/dist-packages/colcon_core/task/python/colcon_distutils_commands:/home/aavui/maincar/User-Interface/ros2_ws/install/maincar/lib/python3.10/site-packages:${PYTHONPATH} /usr/bin/python3 -W ignore:setup.py install is deprecated -W ignore:easy_install command is deprecated setup.py develop --editable --build-directory /home/aavui/maincar/User-Interface/ros2_ws/build/maincar/build --no-deps symlink_data --force
[6.923s] INFO:colcon.colcon_core.shell:Creating environment descriptor '/home/aavui/maincar/User-Interface/ros2_ws/build/maincar/share/maincar/hook/pythonpath_develop.dsv'
[6.925s] INFO:colcon.colcon_core.shell:Creating environment hook '/home/aavui/maincar/User-Interface/ros2_ws/build/maincar/share/maincar/hook/pythonpath_develop.sh'
[6.940s] Level 1:colcon.colcon_core.environment:checking '/home/aavui/maincar/User-Interface/ros2_ws/install/maincar' for CMake module files
[6.943s] Level 1:colcon.colcon_core.environment:checking '/home/aavui/maincar/User-Interface/ros2_ws/install/maincar' for CMake config files
[6.947s] Level 1:colcon.colcon_core.environment:checking '/home/aavui/maincar/User-Interface/ros2_ws/install/maincar/lib'
[6.948s] Level 1:colcon.colcon_core.environment:checking '/home/aavui/maincar/User-Interface/ros2_ws/install/maincar/bin'
[6.948s] Level 1:colcon.colcon_core.environment:checking '/home/aavui/maincar/User-Interface/ros2_ws/install/maincar/lib/pkgconfig/maincar.pc'
[6.949s] Level 1:colcon.colcon_core.environment:checking '/home/aavui/maincar/User-Interface/ros2_ws/install/maincar/lib/python3.10/site-packages'
[6.949s] Level 1:colcon.colcon_core.shell:create_environment_hook('maincar', 'pythonpath')
[6.950s] INFO:colcon.colcon_core.shell:Creating environment hook '/home/aavui/maincar/User-Interface/ros2_ws/install/maincar/share/maincar/hook/pythonpath.ps1'
[6.953s] INFO:colcon.colcon_core.shell:Creating environment descriptor '/home/aavui/maincar/User-Interface/ros2_ws/install/maincar/share/maincar/hook/pythonpath.dsv'
[6.955s] INFO:colcon.colcon_core.shell:Creating environment hook '/home/aavui/maincar/User-Interface/ros2_ws/install/maincar/share/maincar/hook/pythonpath.sh'
[6.958s] Level 1:colcon.colcon_core.environment:checking '/home/aavui/maincar/User-Interface/ros2_ws/install/maincar/bin'
[6.958s] Level 1:colcon.colcon_core.environment:create_environment_scripts_only(maincar)
[6.960s] INFO:colcon.colcon_core.shell:Creating package script '/home/aavui/maincar/User-Interface/ros2_ws/install/maincar/share/maincar/package.ps1'
[6.964s] INFO:colcon.colcon_core.shell:Creating package descriptor '/home/aavui/maincar/User-Interface/ros2_ws/install/maincar/share/maincar/package.dsv'
[6.967s] INFO:colcon.colcon_core.shell:Creating package script '/home/aavui/maincar/User-Interface/ros2_ws/install/maincar/share/maincar/package.sh'
[6.970s] INFO:colcon.colcon_core.shell:Creating package script '/home/aavui/maincar/User-Interface/ros2_ws/install/maincar/share/maincar/package.bash'
[6.974s] INFO:colcon.colcon_core.shell:Creating package script '/home/aavui/maincar/User-Interface/ros2_ws/install/maincar/share/maincar/package.zsh'
[6.977s] Level 1:colcon.colcon_core.environment:create_file_with_runtime_dependencies(/home/aavui/maincar/User-Interface/ros2_ws/install/maincar/share/colcon-core/packages/maincar)
[6.978s] DEBUG:colcon.colcon_parallel_executor.executor.parallel:closing loop
[6.980s] DEBUG:colcon.colcon_parallel_executor.executor.parallel:loop closed
[6.980s] DEBUG:colcon.colcon_parallel_executor.executor.parallel:run_until_complete finished with '0'
[6.980s] DEBUG:colcon.colcon_core.event_reactor:joining thread
[7.001s] INFO:colcon.colcon_core.plugin_system:Skipping extension 'colcon_notification.desktop_notification.terminal_notifier': Not used on non-Darwin systems
[7.002s] INFO:colcon.colcon_core.plugin_system:Skipping extension 'colcon_notification.desktop_notification.win32': Not used on non-Windows systems
[7.002s] INFO:colcon.colcon_notification.desktop_notification:Sending desktop notification using 'notify2'
[7.058s] DEBUG:colcon.colcon_core.event_reactor:joined thread
[7.059s] INFO:colcon.colcon_core.shell:Creating prefix script '/home/aavui/maincar/User-Interface/ros2_ws/install/local_setup.ps1'
[7.064s] INFO:colcon.colcon_core.shell:Creating prefix util module '/home/aavui/maincar/User-Interface/ros2_ws/install/_local_setup_util_ps1.py'
[7.071s] INFO:colcon.colcon_core.shell:Creating prefix chain script '/home/aavui/maincar/User-Interface/ros2_ws/install/setup.ps1'
[7.076s] INFO:colcon.colcon_core.shell:Creating prefix script '/home/aavui/maincar/User-Interface/ros2_ws/install/local_setup.sh'
[7.080s] INFO:colcon.colcon_core.shell:Creating prefix util module '/home/aavui/maincar/User-Interface/ros2_ws/install/_local_setup_util_sh.py'
[7.083s] INFO:colcon.colcon_core.shell:Creating prefix chain script '/home/aavui/maincar/User-Interface/ros2_ws/install/setup.sh'
[7.089s] INFO:colcon.colcon_core.shell:Creating prefix script '/home/aavui/maincar/User-Interface/ros2_ws/install/local_setup.bash'
[7.092s] INFO:colcon.colcon_core.shell:Creating prefix chain script '/home/aavui/maincar/User-Interface/ros2_ws/install/setup.bash'
[7.096s] INFO:colcon.colcon_core.shell:Creating prefix script '/home/aavui/maincar/User-Interface/ros2_ws/install/local_setup.zsh'
[7.099s] INFO:colcon.colcon_core.shell:Creating prefix chain script '/home/aavui/maincar/User-Interface/ros2_ws/install/setup.zsh'
