[0.576s] Invoking command in '/home/alex/AV_Project_2025/repos/User-Interface/ros2_ws/src/maincar': PYTHONPATH=/home/alex/AV_Project_2025/repos/User-Interface/ros2_ws/build/maincar/prefix_override:/usr/lib/python3/dist-packages/colcon_core/task/python/colcon_distutils_commands:/home/alex/AV_Project_2025/repos/User-Interface/ros2_ws/install/maincar/lib/python3.10/site-packages:${PYTHONPATH} /usr/bin/python3 -W ignore:setup.py install is deprecated -W ignore:easy_install command is deprecated setup.py egg_info --egg-base ../../build/maincar build --build-base /home/alex/AV_Project_2025/repos/User-Interface/ros2_ws/build/maincar/build install --record /home/alex/AV_Project_2025/repos/User-Interface/ros2_ws/build/maincar/install.log --single-version-externally-managed install_data
[0.760s] running egg_info
[0.762s] writing ../../build/maincar/maincar.egg-info/PKG-INFO
[0.765s] writing dependency_links to ../../build/maincar/maincar.egg-info/dependency_links.txt
[0.767s] writing entry points to ../../build/maincar/maincar.egg-info/entry_points.txt
[0.768s] writing requirements to ../../build/maincar/maincar.egg-info/requires.txt
[0.768s] writing top-level names to ../../build/maincar/maincar.egg-info/top_level.txt
[0.769s] reading manifest file '../../build/maincar/maincar.egg-info/SOURCES.txt'
[0.770s] writing manifest file '../../build/maincar/maincar.egg-info/SOURCES.txt'
[0.771s] running build
[0.771s] running build_py
[0.771s] running install
[0.772s] running install_lib
[0.773s] running install_data
[0.773s] running install_egg_info
[0.775s] removing '/home/alex/AV_Project_2025/repos/User-Interface/ros2_ws/install/maincar/lib/python3.10/site-packages/maincar-0.0.0-py3.10.egg-info' (and everything under it)
[0.776s] Copying ../../build/maincar/maincar.egg-info to /home/alex/AV_Project_2025/repos/User-Interface/ros2_ws/install/maincar/lib/python3.10/site-packages/maincar-0.0.0-py3.10.egg-info
[0.777s] running install_scripts
[0.794s] Installing ui_test_publish script to /home/alex/AV_Project_2025/repos/User-Interface/ros2_ws/install/maincar/lib/maincar
[0.795s] writing list of installed files to '/home/alex/AV_Project_2025/repos/User-Interface/ros2_ws/build/maincar/install.log'
[0.818s] Invoked command in '/home/alex/AV_Project_2025/repos/User-Interface/ros2_ws/src/maincar' returned '0': PYTHONPATH=/home/alex/AV_Project_2025/repos/User-Interface/ros2_ws/build/maincar/prefix_override:/usr/lib/python3/dist-packages/colcon_core/task/python/colcon_distutils_commands:/home/alex/AV_Project_2025/repos/User-Interface/ros2_ws/install/maincar/lib/python3.10/site-packages:${PYTHONPATH} /usr/bin/python3 -W ignore:setup.py install is deprecated -W ignore:easy_install command is deprecated setup.py egg_info --egg-base ../../build/maincar build --build-base /home/alex/AV_Project_2025/repos/User-Interface/ros2_ws/build/maincar/build install --record /home/alex/AV_Project_2025/repos/User-Interface/ros2_ws/build/maincar/install.log --single-version-externally-managed install_data
