[0.248s] DEBUG:colcon:Command line arguments: ['/usr/bin/colcon', 'build', '--packages-select', 'rtos']
[0.249s] DEBUG:colcon:Parsed command line arguments: Namespace(log_base=None, log_level=None, verb_name='build', build_base='build', install_base='install', merge_install=False, symlink_install=False, test_result_base=None, continue_on_error=False, executor='parallel', parallel_workers=16, event_handlers=None, ignore_user_meta=False, metas=['./colcon.meta'], base_paths=['.'], packages_ignore=None, packages_ignore_regex=None, paths=None, packages_up_to=None, packages_up_to_regex=None, packages_above=None, packages_above_and_dependencies=None, packages_above_depth=None, packages_select_by_dep=None, packages_skip_by_dep=None, packages_skip_up_to=None, packages_select_build_failed=False, packages_skip_build_finished=False, packages_select_test_failures=False, packages_skip_test_passed=False, packages_select=['rtos'], packages_skip=None, packages_select_regex=None, packages_skip_regex=None, packages_start=None, packages_end=None, allow_overriding=[], cmake_args=None, cmake_target=None, cmake_target_skip_unavailable=False, cmake_clean_cache=False, cmake_clean_first=False, cmake_force_configure=False, ament_cmake_args=None, catkin_cmake_args=None, catkin_skip_building_tests=False, verb_parser=<colcon_defaults.argument_parser.defaults.DefaultArgumentsDecorator object at 0x7a32dff27c40>, verb_extension=<colcon_core.verb.build.BuildVerb object at 0x7a32dff27340>, main=<bound method BuildVerb.main of <colcon_core.verb.build.BuildVerb object at 0x7a32dff27340>>)
[0.472s] Level 1:colcon.colcon_core.package_discovery:discover_packages(colcon_meta) check parameters
[0.472s] Level 1:colcon.colcon_core.package_discovery:discover_packages(recursive) check parameters
[0.472s] Level 1:colcon.colcon_core.package_discovery:discover_packages(ignore) check parameters
[0.472s] Level 1:colcon.colcon_core.package_discovery:discover_packages(path) check parameters
[0.472s] Level 1:colcon.colcon_core.package_discovery:discover_packages(colcon_meta) discover
[0.472s] Level 1:colcon.colcon_core.package_discovery:discover_packages(recursive) discover
[0.472s] INFO:colcon.colcon_core.package_discovery:Crawling recursively for packages in '/home/alextempel/code/ui/User-Interface/ros2_ws'
[0.472s] Level 1:colcon.colcon_core.package_identification:_identify(.) by extensions ['ignore', 'ignore_ament_install']
[0.472s] Level 1:colcon.colcon_core.package_identification:_identify(.) by extension 'ignore'
[0.472s] Level 1:colcon.colcon_core.package_identification:_identify(.) by extension 'ignore_ament_install'
[0.472s] Level 1:colcon.colcon_core.package_identification:_identify(.) by extensions ['colcon_pkg']
[0.472s] Level 1:colcon.colcon_core.package_identification:_identify(.) by extension 'colcon_pkg'
[0.472s] Level 1:colcon.colcon_core.package_identification:_identify(.) by extensions ['colcon_meta']
[0.472s] Level 1:colcon.colcon_core.package_identification:_identify(.) by extension 'colcon_meta'
[0.472s] Level 1:colcon.colcon_core.package_identification:_identify(.) by extensions ['ros']
[0.472s] Level 1:colcon.colcon_core.package_identification:_identify(.) by extension 'ros'
[0.485s] Level 1:colcon.colcon_core.package_identification:_identify(.) by extensions ['cmake', 'python']
[0.485s] Level 1:colcon.colcon_core.package_identification:_identify(.) by extension 'cmake'
[0.485s] Level 1:colcon.colcon_core.package_identification:_identify(.) by extension 'python'
[0.485s] Level 1:colcon.colcon_core.package_identification:_identify(.) by extensions ['python_setup_py']
[0.485s] Level 1:colcon.colcon_core.package_identification:_identify(.) by extension 'python_setup_py'
[0.486s] Level 1:colcon.colcon_core.package_identification:_identify(build) by extensions ['ignore', 'ignore_ament_install']
[0.486s] Level 1:colcon.colcon_core.package_identification:_identify(build) by extension 'ignore'
[0.486s] Level 1:colcon.colcon_core.package_identification:_identify(build) ignored
[0.487s] Level 1:colcon.colcon_core.package_identification:_identify(install) by extensions ['ignore', 'ignore_ament_install']
[0.487s] Level 1:colcon.colcon_core.package_identification:_identify(install) by extension 'ignore'
[0.487s] Level 1:colcon.colcon_core.package_identification:_identify(install) ignored
[0.487s] Level 1:colcon.colcon_core.package_identification:_identify(log) by extensions ['ignore', 'ignore_ament_install']
[0.487s] Level 1:colcon.colcon_core.package_identification:_identify(log) by extension 'ignore'
[0.487s] Level 1:colcon.colcon_core.package_identification:_identify(log) ignored
[0.487s] Level 1:colcon.colcon_core.package_identification:_identify(src) by extensions ['ignore', 'ignore_ament_install']
[0.487s] Level 1:colcon.colcon_core.package_identification:_identify(src) by extension 'ignore'
[0.488s] Level 1:colcon.colcon_core.package_identification:_identify(src) by extension 'ignore_ament_install'
[0.488s] Level 1:colcon.colcon_core.package_identification:_identify(src) by extensions ['colcon_pkg']
[0.488s] Level 1:colcon.colcon_core.package_identification:_identify(src) by extension 'colcon_pkg'
[0.488s] Level 1:colcon.colcon_core.package_identification:_identify(src) by extensions ['colcon_meta']
[0.488s] Level 1:colcon.colcon_core.package_identification:_identify(src) by extension 'colcon_meta'
[0.488s] Level 1:colcon.colcon_core.package_identification:_identify(src) by extensions ['ros']
[0.488s] Level 1:colcon.colcon_core.package_identification:_identify(src) by extension 'ros'
[0.488s] Level 1:colcon.colcon_core.package_identification:_identify(src) by extensions ['cmake', 'python']
[0.488s] Level 1:colcon.colcon_core.package_identification:_identify(src) by extension 'cmake'
[0.488s] Level 1:colcon.colcon_core.package_identification:_identify(src) by extension 'python'
[0.488s] Level 1:colcon.colcon_core.package_identification:_identify(src) by extensions ['python_setup_py']
[0.488s] Level 1:colcon.colcon_core.package_identification:_identify(src) by extension 'python_setup_py'
[0.488s] Level 1:colcon.colcon_core.package_identification:_identify(src/maincar) by extensions ['ignore', 'ignore_ament_install']
[0.488s] Level 1:colcon.colcon_core.package_identification:_identify(src/maincar) by extension 'ignore'
[0.488s] Level 1:colcon.colcon_core.package_identification:_identify(src/maincar) by extension 'ignore_ament_install'
[0.488s] Level 1:colcon.colcon_core.package_identification:_identify(src/maincar) by extensions ['colcon_pkg']
[0.488s] Level 1:colcon.colcon_core.package_identification:_identify(src/maincar) by extension 'colcon_pkg'
[0.488s] Level 1:colcon.colcon_core.package_identification:_identify(src/maincar) by extensions ['colcon_meta']
[0.488s] Level 1:colcon.colcon_core.package_identification:_identify(src/maincar) by extension 'colcon_meta'
[0.488s] Level 1:colcon.colcon_core.package_identification:_identify(src/maincar) by extensions ['ros']
[0.488s] Level 1:colcon.colcon_core.package_identification:_identify(src/maincar) by extension 'ros'
[0.491s] DEBUG:colcon.colcon_core.package_identification:Package 'src/maincar' with type 'ros.ament_python' and name 'maincar'
[0.491s] Level 1:colcon.colcon_core.package_identification:_identify(src/rtos) by extensions ['ignore', 'ignore_ament_install']
[0.492s] Level 1:colcon.colcon_core.package_identification:_identify(src/rtos) by extension 'ignore'
[0.492s] Level 1:colcon.colcon_core.package_identification:_identify(src/rtos) by extension 'ignore_ament_install'
[0.492s] Level 1:colcon.colcon_core.package_identification:_identify(src/rtos) by extensions ['colcon_pkg']
[0.492s] Level 1:colcon.colcon_core.package_identification:_identify(src/rtos) by extension 'colcon_pkg'
[0.492s] Level 1:colcon.colcon_core.package_identification:_identify(src/rtos) by extensions ['colcon_meta']
[0.492s] Level 1:colcon.colcon_core.package_identification:_identify(src/rtos) by extension 'colcon_meta'
[0.492s] Level 1:colcon.colcon_core.package_identification:_identify(src/rtos) by extensions ['ros']
[0.492s] Level 1:colcon.colcon_core.package_identification:_identify(src/rtos) by extension 'ros'
[0.493s] DEBUG:colcon.colcon_core.package_identification:Package 'src/rtos' with type 'ros.ament_cmake' and name 'rtos'
[0.493s] Level 1:colcon.colcon_core.package_discovery:discover_packages(recursive) using defaults
[0.493s] Level 1:colcon.colcon_core.package_discovery:discover_packages(ignore) discover
[0.493s] Level 1:colcon.colcon_core.package_discovery:discover_packages(ignore) using defaults
[0.493s] Level 1:colcon.colcon_core.package_discovery:discover_packages(path) discover
[0.493s] Level 1:colcon.colcon_core.package_discovery:discover_packages(path) using defaults
[0.518s] INFO:colcon.colcon_core.package_selection:Skipping not selected package 'maincar' in 'src/maincar'
[0.519s] Level 1:colcon.colcon_core.package_discovery:discover_packages(prefix_path) check parameters
[0.519s] Level 1:colcon.colcon_core.package_discovery:discover_packages(prefix_path) discover
[0.522s] DEBUG:colcon.colcon_installed_package_information.package_discovery:Found 1 installed packages in /home/alextempel/ros2_ws/install
[0.523s] DEBUG:colcon.colcon_installed_package_information.package_discovery:Found 272 installed packages in /opt/ros/humble
[0.530s] Level 1:colcon.colcon_core.package_discovery:discover_packages(prefix_path) using defaults
[0.555s] Level 5:colcon.colcon_core.verb:set package 'rtos' build argument 'cmake_args' from command line to 'None'
[0.555s] Level 5:colcon.colcon_core.verb:set package 'rtos' build argument 'cmake_target' from command line to 'None'
[0.555s] Level 5:colcon.colcon_core.verb:set package 'rtos' build argument 'cmake_target_skip_unavailable' from command line to 'False'
[0.555s] Level 5:colcon.colcon_core.verb:set package 'rtos' build argument 'cmake_clean_cache' from command line to 'False'
[0.555s] Level 5:colcon.colcon_core.verb:set package 'rtos' build argument 'cmake_clean_first' from command line to 'False'
[0.555s] Level 5:colcon.colcon_core.verb:set package 'rtos' build argument 'cmake_force_configure' from command line to 'False'
[0.555s] Level 5:colcon.colcon_core.verb:set package 'rtos' build argument 'ament_cmake_args' from command line to 'None'
[0.555s] Level 5:colcon.colcon_core.verb:set package 'rtos' build argument 'catkin_cmake_args' from command line to 'None'
[0.555s] Level 5:colcon.colcon_core.verb:set package 'rtos' build argument 'catkin_skip_building_tests' from command line to 'False'
[0.555s] DEBUG:colcon.colcon_core.verb:Building package 'rtos' with the following arguments: {'ament_cmake_args': None, 'build_base': '/home/alextempel/code/ui/User-Interface/ros2_ws/build/rtos', 'catkin_cmake_args': None, 'catkin_skip_building_tests': False, 'cmake_args': None, 'cmake_clean_cache': False, 'cmake_clean_first': False, 'cmake_force_configure': False, 'cmake_target': None, 'cmake_target_skip_unavailable': False, 'install_base': '/home/alextempel/code/ui/User-Interface/ros2_ws/install/rtos', 'merge_install': False, 'path': '/home/alextempel/code/ui/User-Interface/ros2_ws/src/rtos', 'symlink_install': False, 'test_result_base': None}
[0.555s] INFO:colcon.colcon_core.executor:Executing jobs using 'parallel' executor
[0.556s] DEBUG:colcon.colcon_parallel_executor.executor.parallel:run_until_complete
[0.556s] INFO:colcon.colcon_ros.task.ament_cmake.build:Building ROS package in '/home/alextempel/code/ui/User-Interface/ros2_ws/src/rtos' with build type 'ament_cmake'
[0.557s] INFO:colcon.colcon_cmake.task.cmake.build:Building CMake package in '/home/alextempel/code/ui/User-Interface/ros2_ws/src/rtos'
[0.564s] INFO:colcon.colcon_core.plugin_system:Skipping extension 'colcon_core.shell.bat': Not used on non-Windows systems
[0.564s] INFO:colcon.colcon_core.shell:Skip shell extension 'powershell' for command environment: Not usable outside of PowerShell
[0.565s] DEBUG:colcon.colcon_core.shell:Skip shell extension 'dsv' for command environment
[0.575s] DEBUG:colcon.colcon_core.event_handler.log_command:Invoking command in '/home/alextempel/code/ui/User-Interface/ros2_ws/build/rtos': CMAKE_PREFIX_PATH=/home/alextempel/ros2_ws/install/my_package:/opt/ros/humble /usr/bin/cmake --build /home/alextempel/code/ui/User-Interface/ros2_ws/build/rtos -- -j16 -l16
[13.543s] DEBUG:colcon.colcon_core.event_handler.log_command:Invoked command in '/home/alextempel/code/ui/User-Interface/ros2_ws/build/rtos' returned '0': CMAKE_PREFIX_PATH=/home/alextempel/ros2_ws/install/my_package:/opt/ros/humble /usr/bin/cmake --build /home/alextempel/code/ui/User-Interface/ros2_ws/build/rtos -- -j16 -l16
[13.552s] DEBUG:colcon.colcon_core.event_handler.log_command:Invoking command in '/home/alextempel/code/ui/User-Interface/ros2_ws/build/rtos': CMAKE_PREFIX_PATH=/home/alextempel/ros2_ws/install/my_package:/opt/ros/humble /usr/bin/cmake --install /home/alextempel/code/ui/User-Interface/ros2_ws/build/rtos
[13.565s] Level 1:colcon.colcon_core.environment:create_environment_scripts_only(rtos)
[13.566s] DEBUG:colcon.colcon_core.event_handler.log_command:Invoked command in '/home/alextempel/code/ui/User-Interface/ros2_ws/build/rtos' returned '0': CMAKE_PREFIX_PATH=/home/alextempel/ros2_ws/install/my_package:/opt/ros/humble /usr/bin/cmake --install /home/alextempel/code/ui/User-Interface/ros2_ws/build/rtos
[13.570s] Level 1:colcon.colcon_core.environment:checking '/home/alextempel/code/ui/User-Interface/ros2_ws/install/rtos' for CMake module files
[13.571s] Level 1:colcon.colcon_core.environment:checking '/home/alextempel/code/ui/User-Interface/ros2_ws/install/rtos' for CMake config files
[13.573s] Level 1:colcon.colcon_core.shell:create_environment_hook('rtos', 'cmake_prefix_path')
[13.573s] INFO:colcon.colcon_core.shell:Creating environment hook '/home/alextempel/code/ui/User-Interface/ros2_ws/install/rtos/share/rtos/hook/cmake_prefix_path.ps1'
[13.574s] INFO:colcon.colcon_core.shell:Creating environment descriptor '/home/alextempel/code/ui/User-Interface/ros2_ws/install/rtos/share/rtos/hook/cmake_prefix_path.dsv'
[13.575s] INFO:colcon.colcon_core.shell:Creating environment hook '/home/alextempel/code/ui/User-Interface/ros2_ws/install/rtos/share/rtos/hook/cmake_prefix_path.sh'
[13.576s] Level 1:colcon.colcon_core.environment:checking '/home/alextempel/code/ui/User-Interface/ros2_ws/install/rtos/lib'
[13.576s] Level 1:colcon.colcon_core.environment:checking '/home/alextempel/code/ui/User-Interface/ros2_ws/install/rtos/bin'
[13.576s] Level 1:colcon.colcon_core.environment:checking '/home/alextempel/code/ui/User-Interface/ros2_ws/install/rtos/lib/pkgconfig/rtos.pc'
[13.576s] Level 1:colcon.colcon_core.environment:checking '/home/alextempel/code/ui/User-Interface/ros2_ws/install/rtos/lib/python3.10/site-packages'
[13.576s] Level 1:colcon.colcon_core.environment:checking '/home/alextempel/code/ui/User-Interface/ros2_ws/install/rtos/bin'
[13.576s] INFO:colcon.colcon_core.shell:Creating package script '/home/alextempel/code/ui/User-Interface/ros2_ws/install/rtos/share/rtos/package.ps1'
[13.577s] INFO:colcon.colcon_core.shell:Creating package descriptor '/home/alextempel/code/ui/User-Interface/ros2_ws/install/rtos/share/rtos/package.dsv'
[13.578s] INFO:colcon.colcon_core.shell:Creating package script '/home/alextempel/code/ui/User-Interface/ros2_ws/install/rtos/share/rtos/package.sh'
[13.578s] INFO:colcon.colcon_core.shell:Creating package script '/home/alextempel/code/ui/User-Interface/ros2_ws/install/rtos/share/rtos/package.bash'
[13.579s] INFO:colcon.colcon_core.shell:Creating package script '/home/alextempel/code/ui/User-Interface/ros2_ws/install/rtos/share/rtos/package.zsh'
[13.580s] Level 1:colcon.colcon_core.environment:create_file_with_runtime_dependencies(/home/alextempel/code/ui/User-Interface/ros2_ws/install/rtos/share/colcon-core/packages/rtos)
[13.580s] Level 1:colcon.colcon_core.environment:create_environment_scripts_only(rtos)
[13.580s] Level 1:colcon.colcon_core.environment:checking '/home/alextempel/code/ui/User-Interface/ros2_ws/install/rtos' for CMake module files
[13.581s] Level 1:colcon.colcon_core.environment:checking '/home/alextempel/code/ui/User-Interface/ros2_ws/install/rtos' for CMake config files
[13.581s] Level 1:colcon.colcon_core.shell:create_environment_hook('rtos', 'cmake_prefix_path')
[13.581s] INFO:colcon.colcon_core.shell:Creating environment hook '/home/alextempel/code/ui/User-Interface/ros2_ws/install/rtos/share/rtos/hook/cmake_prefix_path.ps1'
[13.581s] INFO:colcon.colcon_core.shell:Creating environment descriptor '/home/alextempel/code/ui/User-Interface/ros2_ws/install/rtos/share/rtos/hook/cmake_prefix_path.dsv'
[13.582s] INFO:colcon.colcon_core.shell:Creating environment hook '/home/alextempel/code/ui/User-Interface/ros2_ws/install/rtos/share/rtos/hook/cmake_prefix_path.sh'
[13.582s] Level 1:colcon.colcon_core.environment:checking '/home/alextempel/code/ui/User-Interface/ros2_ws/install/rtos/lib'
[13.582s] Level 1:colcon.colcon_core.environment:checking '/home/alextempel/code/ui/User-Interface/ros2_ws/install/rtos/bin'
[13.582s] Level 1:colcon.colcon_core.environment:checking '/home/alextempel/code/ui/User-Interface/ros2_ws/install/rtos/lib/pkgconfig/rtos.pc'
[13.582s] Level 1:colcon.colcon_core.environment:checking '/home/alextempel/code/ui/User-Interface/ros2_ws/install/rtos/lib/python3.10/site-packages'
[13.582s] Level 1:colcon.colcon_core.environment:checking '/home/alextempel/code/ui/User-Interface/ros2_ws/install/rtos/bin'
[13.583s] INFO:colcon.colcon_core.shell:Creating package script '/home/alextempel/code/ui/User-Interface/ros2_ws/install/rtos/share/rtos/package.ps1'
[13.583s] INFO:colcon.colcon_core.shell:Creating package descriptor '/home/alextempel/code/ui/User-Interface/ros2_ws/install/rtos/share/rtos/package.dsv'
[13.583s] INFO:colcon.colcon_core.shell:Creating package script '/home/alextempel/code/ui/User-Interface/ros2_ws/install/rtos/share/rtos/package.sh'
[13.584s] INFO:colcon.colcon_core.shell:Creating package script '/home/alextempel/code/ui/User-Interface/ros2_ws/install/rtos/share/rtos/package.bash'
[13.584s] INFO:colcon.colcon_core.shell:Creating package script '/home/alextempel/code/ui/User-Interface/ros2_ws/install/rtos/share/rtos/package.zsh'
[13.584s] Level 1:colcon.colcon_core.environment:create_file_with_runtime_dependencies(/home/alextempel/code/ui/User-Interface/ros2_ws/install/rtos/share/colcon-core/packages/rtos)
[13.585s] DEBUG:colcon.colcon_parallel_executor.executor.parallel:closing loop
[13.585s] DEBUG:colcon.colcon_parallel_executor.executor.parallel:loop closed
[13.585s] DEBUG:colcon.colcon_parallel_executor.executor.parallel:run_until_complete finished with '0'
[13.585s] DEBUG:colcon.colcon_core.event_reactor:joining thread
[13.633s] INFO:colcon.colcon_core.plugin_system:Skipping extension 'colcon_notification.desktop_notification.notify_send': Could not find 'notify-send'
[13.633s] INFO:colcon.colcon_core.plugin_system:Skipping extension 'colcon_notification.desktop_notification.terminal_notifier': Not used on non-Darwin systems
[13.633s] INFO:colcon.colcon_core.plugin_system:Skipping extension 'colcon_notification.desktop_notification.win32': Not used on non-Windows systems
[13.633s] INFO:colcon.colcon_notification.desktop_notification:Sending desktop notification using 'notify2'
[13.634s] DEBUG:colcon.colcon_notification.desktop_notification.notify2:Failed to initialize notify2: org.freedesktop.DBus.Error.FileNotFound: Failed to connect to socket /run/user/1000/bus: No such file or directory
[13.634s] DEBUG:colcon.colcon_core.event_reactor:joined thread
[13.634s] INFO:colcon.colcon_core.shell:Creating prefix script '/home/alextempel/code/ui/User-Interface/ros2_ws/install/local_setup.ps1'
[13.635s] INFO:colcon.colcon_core.shell:Creating prefix util module '/home/alextempel/code/ui/User-Interface/ros2_ws/install/_local_setup_util_ps1.py'
[13.636s] INFO:colcon.colcon_core.shell:Creating prefix chain script '/home/alextempel/code/ui/User-Interface/ros2_ws/install/setup.ps1'
[13.637s] INFO:colcon.colcon_core.shell:Creating prefix script '/home/alextempel/code/ui/User-Interface/ros2_ws/install/local_setup.sh'
[13.638s] INFO:colcon.colcon_core.shell:Creating prefix util module '/home/alextempel/code/ui/User-Interface/ros2_ws/install/_local_setup_util_sh.py'
[13.638s] INFO:colcon.colcon_core.shell:Creating prefix chain script '/home/alextempel/code/ui/User-Interface/ros2_ws/install/setup.sh'
[13.639s] INFO:colcon.colcon_core.shell:Creating prefix script '/home/alextempel/code/ui/User-Interface/ros2_ws/install/local_setup.bash'
[13.640s] INFO:colcon.colcon_core.shell:Creating prefix chain script '/home/alextempel/code/ui/User-Interface/ros2_ws/install/setup.bash'
[13.641s] INFO:colcon.colcon_core.shell:Creating prefix script '/home/alextempel/code/ui/User-Interface/ros2_ws/install/local_setup.zsh'
[13.641s] INFO:colcon.colcon_core.shell:Creating prefix chain script '/home/alextempel/code/ui/User-Interface/ros2_ws/install/setup.zsh'
