[0.775s] Invoking command in '/home/alextempel/code/ui/User-Interface/ros2_ws/src/maincar': PYTHONPATH=/home/alextempel/code/ui/User-Interface/ros2_ws/build/maincar/prefix_override:/usr/lib/python3/dist-packages/colcon_core/task/python/colcon_distutils_commands:/home/alextempel/code/ui/User-Interface/ros2_ws/install/maincar/lib/python3.10/site-packages:${PYTHONPATH} /usr/bin/python3 -W ignore:setup.py install is deprecated -W ignore:easy_install command is deprecated setup.py egg_info --egg-base ../../build/maincar build --build-base /home/alextempel/code/ui/User-Interface/ros2_ws/build/maincar/build install --record /home/alextempel/code/ui/User-Interface/ros2_ws/build/maincar/install.log --single-version-externally-managed install_data
[0.969s] running egg_info
[0.969s] writing ../../build/maincar/maincar.egg-info/PKG-INFO
[0.970s] writing dependency_links to ../../build/maincar/maincar.egg-info/dependency_links.txt
[0.971s] writing entry points to ../../build/maincar/maincar.egg-info/entry_points.txt
[0.971s] writing requirements to ../../build/maincar/maincar.egg-info/requires.txt
[0.971s] writing top-level names to ../../build/maincar/maincar.egg-info/top_level.txt
[0.973s] reading manifest file '../../build/maincar/maincar.egg-info/SOURCES.txt'
[0.974s] writing manifest file '../../build/maincar/maincar.egg-info/SOURCES.txt'
[0.974s] running build
[0.974s] running build_py
[0.975s] running install
[0.975s] running install_lib
[0.977s] running install_data
[0.977s] running install_egg_info
[0.979s] removing '/home/alextempel/code/ui/User-Interface/ros2_ws/install/maincar/lib/python3.10/site-packages/maincar-0.0.0-py3.10.egg-info' (and everything under it)
[0.980s] Copying ../../build/maincar/maincar.egg-info to /home/alextempel/code/ui/User-Interface/ros2_ws/install/maincar/lib/python3.10/site-packages/maincar-0.0.0-py3.10.egg-info
[0.981s] running install_scripts
[1.004s] Installing ui_flask script to /home/alextempel/code/ui/User-Interface/ros2_ws/install/maincar/lib/maincar
[1.004s] Installing ui_mock_publish script to /home/alextempel/code/ui/User-Interface/ros2_ws/install/maincar/lib/maincar
[1.005s] writing list of installed files to '/home/alextempel/code/ui/User-Interface/ros2_ws/build/maincar/install.log'
[1.025s] Invoked command in '/home/alextempel/code/ui/User-Interface/ros2_ws/src/maincar' returned '0': PYTHONPATH=/home/alextempel/code/ui/User-Interface/ros2_ws/build/maincar/prefix_override:/usr/lib/python3/dist-packages/colcon_core/task/python/colcon_distutils_commands:/home/alextempel/code/ui/User-Interface/ros2_ws/install/maincar/lib/python3.10/site-packages:${PYTHONPATH} /usr/bin/python3 -W ignore:setup.py install is deprecated -W ignore:easy_install command is deprecated setup.py egg_info --egg-base ../../build/maincar build --build-base /home/alextempel/code/ui/User-Interface/ros2_ws/build/maincar/build install --record /home/alextempel/code/ui/User-Interface/ros2_ws/build/maincar/install.log --single-version-externally-managed install_data
