[0.646s] Invoking command in '/home/alex/AV Project 2025/repos/User-Interface/ros2_ws/src/maincar': PYTHONPATH=/home/alex/AV Project 2025/repos/User-Interface/ros2_ws/build/maincar/prefix_override:/usr/lib/python3/dist-packages/colcon_core/task/python/colcon_distutils_commands:/home/alex/AV Project 2025/repos/User-Interface/ros2_ws/install/maincar/lib/python3.10/site-packages:${PYTHONPATH} /usr/bin/python3 -W ignore:setup.py install is deprecated -W ignore:easy_install command is deprecated setup.py egg_info --egg-base ../../build/maincar build --build-base /home/alex/AV Project 2025/repos/User-Interface/ros2_ws/build/maincar/build install --record /home/alex/AV Project 2025/repos/User-Interface/ros2_ws/build/maincar/install.log --single-version-externally-managed install_data
[0.839s] running egg_info
[0.845s] creating ../../build/maincar/maincar.egg-info
[0.845s] writing ../../build/maincar/maincar.egg-info/PKG-INFO
[0.845s] writing dependency_links to ../../build/maincar/maincar.egg-info/dependency_links.txt
[0.846s] writing entry points to ../../build/maincar/maincar.egg-info/entry_points.txt
[0.846s] writing requirements to ../../build/maincar/maincar.egg-info/requires.txt
[0.846s] writing top-level names to ../../build/maincar/maincar.egg-info/top_level.txt
[0.846s] writing manifest file '../../build/maincar/maincar.egg-info/SOURCES.txt'
[0.848s] reading manifest file '../../build/maincar/maincar.egg-info/SOURCES.txt'
[0.850s] writing manifest file '../../build/maincar/maincar.egg-info/SOURCES.txt'
[0.850s] running build
[0.850s] running build_py
[0.850s] creating /home/alex/AV Project 2025/repos/User-Interface/ros2_ws/build/maincar/build
[0.850s] creating /home/alex/AV Project 2025/repos/User-Interface/ros2_ws/build/maincar/build/lib
[0.850s] creating /home/alex/AV Project 2025/repos/User-Interface/ros2_ws/build/maincar/build/lib/maincar
[0.850s] copying maincar/ui_test.py -> /home/alex/AV Project 2025/repos/User-Interface/ros2_ws/build/maincar/build/lib/maincar
[0.851s] copying maincar/__init__.py -> /home/alex/AV Project 2025/repos/User-Interface/ros2_ws/build/maincar/build/lib/maincar
[0.851s] copying maincar/ui_fetch.py -> /home/alex/AV Project 2025/repos/User-Interface/ros2_ws/build/maincar/build/lib/maincar
[0.851s] copying maincar/ui_push.py -> /home/alex/AV Project 2025/repos/User-Interface/ros2_ws/build/maincar/build/lib/maincar
[0.851s] running install
[0.851s] running install_lib
[0.851s] creating /home/alex/AV Project 2025/repos/User-Interface/ros2_ws/install/maincar/lib/python3.10/site-packages/maincar
[0.851s] copying /home/alex/AV Project 2025/repos/User-Interface/ros2_ws/build/maincar/build/lib/maincar/ui_test.py -> /home/alex/AV Project 2025/repos/User-Interface/ros2_ws/install/maincar/lib/python3.10/site-packages/maincar
[0.852s] copying /home/alex/AV Project 2025/repos/User-Interface/ros2_ws/build/maincar/build/lib/maincar/__init__.py -> /home/alex/AV Project 2025/repos/User-Interface/ros2_ws/install/maincar/lib/python3.10/site-packages/maincar
[0.852s] copying /home/alex/AV Project 2025/repos/User-Interface/ros2_ws/build/maincar/build/lib/maincar/ui_fetch.py -> /home/alex/AV Project 2025/repos/User-Interface/ros2_ws/install/maincar/lib/python3.10/site-packages/maincar
[0.852s] copying /home/alex/AV Project 2025/repos/User-Interface/ros2_ws/build/maincar/build/lib/maincar/ui_push.py -> /home/alex/AV Project 2025/repos/User-Interface/ros2_ws/install/maincar/lib/python3.10/site-packages/maincar
[0.852s] byte-compiling /home/alex/AV Project 2025/repos/User-Interface/ros2_ws/install/maincar/lib/python3.10/site-packages/maincar/ui_test.py to ui_test.cpython-310.pyc
[0.853s] byte-compiling /home/alex/AV Project 2025/repos/User-Interface/ros2_ws/install/maincar/lib/python3.10/site-packages/maincar/__init__.py to __init__.cpython-310.pyc
[0.853s] byte-compiling /home/alex/AV Project 2025/repos/User-Interface/ros2_ws/install/maincar/lib/python3.10/site-packages/maincar/ui_fetch.py to ui_fetch.cpython-310.pyc
[0.853s] byte-compiling /home/alex/AV Project 2025/repos/User-Interface/ros2_ws/install/maincar/lib/python3.10/site-packages/maincar/ui_push.py to ui_push.cpython-310.pyc
[0.853s] running install_data
[0.854s] creating /home/alex/AV Project 2025/repos/User-Interface/ros2_ws/install/maincar/share/ament_index
[0.854s] creating /home/alex/AV Project 2025/repos/User-Interface/ros2_ws/install/maincar/share/ament_index/resource_index
[0.854s] creating /home/alex/AV Project 2025/repos/User-Interface/ros2_ws/install/maincar/share/ament_index/resource_index/packages
[0.854s] copying resource/maincar -> /home/alex/AV Project 2025/repos/User-Interface/ros2_ws/install/maincar/share/ament_index/resource_index/packages
[0.854s] copying package.xml -> /home/alex/AV Project 2025/repos/User-Interface/ros2_ws/install/maincar/share/maincar
[0.854s] running install_egg_info
[0.856s] Copying ../../build/maincar/maincar.egg-info to /home/alex/AV Project 2025/repos/User-Interface/ros2_ws/install/maincar/lib/python3.10/site-packages/maincar-0.0.0-py3.10.egg-info
[0.857s] running install_scripts
[0.875s] Installing ui_test_publish script to /home/alex/AV Project 2025/repos/User-Interface/ros2_ws/install/maincar/lib/maincar
[0.876s] writing list of installed files to '/home/alex/AV Project 2025/repos/User-Interface/ros2_ws/build/maincar/install.log'
[0.904s] Invoked command in '/home/alex/AV Project 2025/repos/User-Interface/ros2_ws/src/maincar' returned '0': PYTHONPATH=/home/alex/AV Project 2025/repos/User-Interface/ros2_ws/build/maincar/prefix_override:/usr/lib/python3/dist-packages/colcon_core/task/python/colcon_distutils_commands:/home/alex/AV Project 2025/repos/User-Interface/ros2_ws/install/maincar/lib/python3.10/site-packages:${PYTHONPATH} /usr/bin/python3 -W ignore:setup.py install is deprecated -W ignore:easy_install command is deprecated setup.py egg_info --egg-base ../../build/maincar build --build-base /home/alex/AV Project 2025/repos/User-Interface/ros2_ws/build/maincar/build install --record /home/alex/AV Project 2025/repos/User-Interface/ros2_ws/build/maincar/install.log --single-version-externally-managed install_data
