running develop
Removing /home/alex/AV_Project_2025/repos/User-Interface/ros2_ws/install/maincar/lib/python3.10/site-packages/maincar.egg-link (link to .)
running egg_info
writing ../../build/maincar/maincar.egg-info/PKG-INFO
writing dependency_links to ../../build/maincar/maincar.egg-info/dependency_links.txt
writing entry points to ../../build/maincar/maincar.egg-info/entry_points.txt
writing requirements to ../../build/maincar/maincar.egg-info/requires.txt
writing top-level names to ../../build/maincar/maincar.egg-info/top_level.txt
reading manifest file '../../build/maincar/maincar.egg-info/SOURCES.txt'
writing manifest file '../../build/maincar/maincar.egg-info/SOURCES.txt'
running build
running build_py
running install
running install_lib
creating /home/alex/AV_Project_2025/repos/User-Interface/ros2_ws/install/maincar/lib/python3.10/site-packages/maincar
copying /home/alex/AV_Project_2025/repos/User-Interface/ros2_ws/build/maincar/build/lib/maincar/ui_test.py -> /home/alex/AV_Project_2025/repos/User-Interface/ros2_ws/install/maincar/lib/python3.10/site-packages/maincar
copying /home/alex/AV_Project_2025/repos/User-Interface/ros2_ws/build/maincar/build/lib/maincar/__init__.py -> /home/alex/AV_Project_2025/repos/User-Interface/ros2_ws/install/maincar/lib/python3.10/site-packages/maincar
copying /home/alex/AV_Project_2025/repos/User-Interface/ros2_ws/build/maincar/build/lib/maincar/ui_fetch.py -> /home/alex/AV_Project_2025/repos/User-Interface/ros2_ws/install/maincar/lib/python3.10/site-packages/maincar
copying /home/alex/AV_Project_2025/repos/User-Interface/ros2_ws/build/maincar/build/lib/maincar/ui_push.py -> /home/alex/AV_Project_2025/repos/User-Interface/ros2_ws/install/maincar/lib/python3.10/site-packages/maincar
byte-compiling /home/alex/AV_Project_2025/repos/User-Interface/ros2_ws/install/maincar/lib/python3.10/site-packages/maincar/ui_test.py to ui_test.cpython-310.pyc
byte-compiling /home/alex/AV_Project_2025/repos/User-Interface/ros2_ws/install/maincar/lib/python3.10/site-packages/maincar/__init__.py to __init__.cpython-310.pyc
byte-compiling /home/alex/AV_Project_2025/repos/User-Interface/ros2_ws/install/maincar/lib/python3.10/site-packages/maincar/ui_fetch.py to ui_fetch.cpython-310.pyc
byte-compiling /home/alex/AV_Project_2025/repos/User-Interface/ros2_ws/install/maincar/lib/python3.10/site-packages/maincar/ui_push.py to ui_push.cpython-310.pyc
running install_data
copying resource/maincar -> /home/alex/AV_Project_2025/repos/User-Interface/ros2_ws/install/maincar/share/ament_index/resource_index/packages
