[0.186s] Invoking command in '/home/alextempel/code/ui/User-Interface/ros2_ws/build/rtos': CMAKE_PREFIX_PATH=/home/alextempel/ros2_ws/install/my_package:/opt/ros/humble /usr/bin/cmake /home/alextempel/code/ui/User-Interface/ros2_ws/src/rtos -DCMAKE_INSTALL_PREFIX=/home/alextempel/code/ui/User-Interface/ros2_ws/install/rtos
[0.460s] -- The C compiler identification is GNU 11.4.0
[1.119s] -- The CXX compiler identification is GNU 11.4.0
[1.586s] -- Detecting C compiler ABI info
[1.748s] -- Detecting C compiler ABI info - done
[1.754s] -- Check for working C compiler: /usr/bin/cc - skipped
[1.755s] -- Detecting C compile features
[1.756s] -- Detecting C compile features - done
[1.760s] -- Detecting CXX compiler ABI info
[1.930s] -- Detecting CXX compiler ABI info - done
[1.935s] -- Check for working CXX compiler: /usr/bin/c++ - skipped
[1.935s] -- Detecting CXX compile features
[1.935s] -- Detecting CXX compile features - done
[1.948s] -- Found ament_cmake: 1.3.13 (/opt/ros/humble/share/ament_cmake/cmake)
[2.067s] -- Found Python3: /usr/bin/python3 (found version "3.10.12") found components: Interpreter 
[2.155s] -- Found rclcpp: 16.0.18 (/opt/ros/humble/share/rclcpp/cmake)
[2.374s] -- Found rosidl_generator_c: 3.1.8 (/opt/ros/humble/share/rosidl_generator_c/cmake)
[2.379s] -- Found rosidl_adapter: 3.1.8 (/opt/ros/humble/share/rosidl_adapter/cmake)
[2.389s] -- Found rosidl_generator_cpp: 3.1.8 (/opt/ros/humble/share/rosidl_generator_cpp/cmake)
[2.408s] -- Using all available rosidl_typesupport_c: rosidl_typesupport_fastrtps_c;rosidl_typesupport_introspection_c
[2.428s] -- Using all available rosidl_typesupport_cpp: rosidl_typesupport_fastrtps_cpp;rosidl_typesupport_introspection_cpp
[2.474s] -- Found rmw_implementation_cmake: 6.1.2 (/opt/ros/humble/share/rmw_implementation_cmake/cmake)
[2.478s] -- Found rmw_fastrtps_cpp: 6.2.10 (/opt/ros/humble/share/rmw_fastrtps_cpp/cmake)
[4.435s] -- Found OpenSSL: /usr/lib/x86_64-linux-gnu/libcrypto.so (found version "3.0.2")  
[6.368s] -- Found FastRTPS: /opt/ros/humble/include  
[10.010s] -- Using RMW implementation 'rmw_fastrtps_cpp' as default
[10.023s] -- Looking for pthread.h
[10.195s] -- Looking for pthread.h - found
[10.195s] -- Performing Test CMAKE_HAVE_LIBC_PTHREAD
[10.352s] -- Performing Test CMAKE_HAVE_LIBC_PTHREAD - Success
[10.353s] -- Found Threads: TRUE  
[10.411s] -- Found sensor_msgs: 4.9.1 (/opt/ros/humble/share/sensor_msgs/cmake)
[10.504s] -- Configuring done
[10.515s] -- Generating done
[10.518s] -- Build files have been written to: /home/alextempel/code/ui/User-Interface/ros2_ws/build/rtos
[10.527s] Invoked command in '/home/alextempel/code/ui/User-Interface/ros2_ws/build/rtos' returned '0': CMAKE_PREFIX_PATH=/home/alextempel/ros2_ws/install/my_package:/opt/ros/humble /usr/bin/cmake /home/alextempel/code/ui/User-Interface/ros2_ws/src/rtos -DCMAKE_INSTALL_PREFIX=/home/alextempel/code/ui/User-Interface/ros2_ws/install/rtos
[10.530s] Invoking command in '/home/alextempel/code/ui/User-Interface/ros2_ws/build/rtos': CMAKE_PREFIX_PATH=/home/alextempel/ros2_ws/install/my_package:/opt/ros/humble /usr/bin/cmake --build /home/alextempel/code/ui/User-Interface/ros2_ws/build/rtos -- -j16 -l16
[10.568s] [ 50%] [32mBuilding CXX object CMakeFiles/ui_rtos_pub.dir/src/ui_rtos_pub.cpp.o[0m
[10.568s] [ 50%] [32mBuilding CXX object CMakeFiles/ui_rtos_sub.dir/src/ui_rtos_sub.cpp.o[0m
[14.659s] [ 75%] [32m[1mLinking CXX executable ui_rtos_pub[0m
[14.974s] [ 75%] Built target ui_rtos_pub
[17.696s] [100%] [32m[1mLinking CXX executable ui_rtos_sub[0m
[18.120s] [100%] Built target ui_rtos_sub
[18.130s] Invoked command in '/home/alextempel/code/ui/User-Interface/ros2_ws/build/rtos' returned '0': CMAKE_PREFIX_PATH=/home/alextempel/ros2_ws/install/my_package:/opt/ros/humble /usr/bin/cmake --build /home/alextempel/code/ui/User-Interface/ros2_ws/build/rtos -- -j16 -l16
[18.138s] Invoking command in '/home/alextempel/code/ui/User-Interface/ros2_ws/build/rtos': CMAKE_PREFIX_PATH=/home/alextempel/ros2_ws/install/my_package:/opt/ros/humble /usr/bin/cmake --install /home/alextempel/code/ui/User-Interface/ros2_ws/build/rtos
[18.143s] -- Install configuration: ""
[18.144s] -- Installing: /home/alextempel/code/ui/User-Interface/ros2_ws/install/rtos/lib/rtos/ui_rtos_sub
[18.146s] -- Set runtime path of "/home/alextempel/code/ui/User-Interface/ros2_ws/install/rtos/lib/rtos/ui_rtos_sub" to ""
[18.146s] -- Installing: /home/alextempel/code/ui/User-Interface/ros2_ws/install/rtos/lib/rtos/ui_rtos_pub
[18.147s] -- Set runtime path of "/home/alextempel/code/ui/User-Interface/ros2_ws/install/rtos/lib/rtos/ui_rtos_pub" to ""
[18.148s] -- Installing: /home/alextempel/code/ui/User-Interface/ros2_ws/install/rtos/share/ament_index/resource_index/package_run_dependencies/rtos
[18.148s] -- Installing: /home/alextempel/code/ui/User-Interface/ros2_ws/install/rtos/share/ament_index/resource_index/parent_prefix_path/rtos
[18.149s] -- Installing: /home/alextempel/code/ui/User-Interface/ros2_ws/install/rtos/share/rtos/environment/ament_prefix_path.sh
[18.149s] -- Installing: /home/alextempel/code/ui/User-Interface/ros2_ws/install/rtos/share/rtos/environment/ament_prefix_path.dsv
[18.149s] -- Installing: /home/alextempel/code/ui/User-Interface/ros2_ws/install/rtos/share/rtos/environment/path.sh
[18.149s] -- Installing: /home/alextempel/code/ui/User-Interface/ros2_ws/install/rtos/share/rtos/environment/path.dsv
[18.150s] -- Installing: /home/alextempel/code/ui/User-Interface/ros2_ws/install/rtos/share/rtos/local_setup.bash
[18.150s] -- Installing: /home/alextempel/code/ui/User-Interface/ros2_ws/install/rtos/share/rtos/local_setup.sh
[18.150s] -- Installing: /home/alextempel/code/ui/User-Interface/ros2_ws/install/rtos/share/rtos/local_setup.zsh
[18.150s] -- Installing: /home/alextempel/code/ui/User-Interface/ros2_ws/install/rtos/share/rtos/local_setup.dsv
[18.150s] -- Installing: /home/alextempel/code/ui/User-Interface/ros2_ws/install/rtos/share/rtos/package.dsv
[18.150s] -- Installing: /home/alextempel/code/ui/User-Interface/ros2_ws/install/rtos/share/ament_index/resource_index/packages/rtos
[18.150s] -- Installing: /home/alextempel/code/ui/User-Interface/ros2_ws/install/rtos/share/rtos/cmake/rtosConfig.cmake
[18.150s] -- Installing: /home/alextempel/code/ui/User-Interface/ros2_ws/install/rtos/share/rtos/cmake/rtosConfig-version.cmake
[18.151s] -- Installing: /home/alextempel/code/ui/User-Interface/ros2_ws/install/rtos/share/rtos/package.xml
[18.153s] Invoked command in '/home/alextempel/code/ui/User-Interface/ros2_ws/build/rtos' returned '0': CMAKE_PREFIX_PATH=/home/alextempel/ros2_ws/install/my_package:/opt/ros/humble /usr/bin/cmake --install /home/alextempel/code/ui/User-Interface/ros2_ws/build/rtos
