[3.750s] Invoking command in '/home/aavui/Desktop/User-Interface/ros2_ws/src/maincar': PYTHONPATH=/home/aavui/Desktop/User-Interface/ros2_ws/build/maincar/prefix_override:/usr/lib/python3/dist-packages/colcon_core/task/python/colcon_distutils_commands:/home/aavui/Desktop/User-Interface/ros2_ws/install/maincar/lib/python3.10/site-packages:${PYTHONPATH} /usr/bin/python3 -W ignore:setup.py install is deprecated -W ignore:easy_install command is deprecated setup.py egg_info --egg-base ../../build/maincar build --build-base /home/aavui/Desktop/User-Interface/ros2_ws/build/maincar/build install --record /home/aavui/Desktop/User-Interface/ros2_ws/build/maincar/install.log --single-version-externally-managed install_data
[5.003s] running egg_info
[5.005s] creating ../../build/maincar/maincar.egg-info
[5.006s] writing ../../build/maincar/maincar.egg-info/PKG-INFO
[5.007s] writing dependency_links to ../../build/maincar/maincar.egg-info/dependency_links.txt
[5.008s] writing entry points to ../../build/maincar/maincar.egg-info/entry_points.txt
[5.009s] writing requirements to ../../build/maincar/maincar.egg-info/requires.txt
[5.009s] writing top-level names to ../../build/maincar/maincar.egg-info/top_level.txt
[5.010s] writing manifest file '../../build/maincar/maincar.egg-info/SOURCES.txt'
[5.018s] reading manifest file '../../build/maincar/maincar.egg-info/SOURCES.txt'
[5.022s] writing manifest file '../../build/maincar/maincar.egg-info/SOURCES.txt'
[5.023s] running build
[5.023s] running build_py
[5.024s] creating /home/aavui/Desktop/User-Interface/ros2_ws/build/maincar/build
[5.025s] creating /home/aavui/Desktop/User-Interface/ros2_ws/build/maincar/build/lib
[5.025s] creating /home/aavui/Desktop/User-Interface/ros2_ws/build/maincar/build/lib/maincar
[5.026s] copying maincar/ui_test.py -> /home/aavui/Desktop/User-Interface/ros2_ws/build/maincar/build/lib/maincar
[5.026s] copying maincar/ui_push.py -> /home/aavui/Desktop/User-Interface/ros2_ws/build/maincar/build/lib/maincar
[5.026s] copying maincar/__init__.py -> /home/aavui/Desktop/User-Interface/ros2_ws/build/maincar/build/lib/maincar
[5.027s] copying maincar/ui_flask.py -> /home/aavui/Desktop/User-Interface/ros2_ws/build/maincar/build/lib/maincar
[5.028s] copying maincar/ui_fetch.py -> /home/aavui/Desktop/User-Interface/ros2_ws/build/maincar/build/lib/maincar
[5.029s] running install
[5.031s] running install_lib
[5.034s] creating /home/aavui/Desktop/User-Interface/ros2_ws/install/maincar/lib/python3.10/site-packages/maincar
[5.035s] copying /home/aavui/Desktop/User-Interface/ros2_ws/build/maincar/build/lib/maincar/ui_test.py -> /home/aavui/Desktop/User-Interface/ros2_ws/install/maincar/lib/python3.10/site-packages/maincar
[5.035s] copying /home/aavui/Desktop/User-Interface/ros2_ws/build/maincar/build/lib/maincar/ui_push.py -> /home/aavui/Desktop/User-Interface/ros2_ws/install/maincar/lib/python3.10/site-packages/maincar
[5.036s] copying /home/aavui/Desktop/User-Interface/ros2_ws/build/maincar/build/lib/maincar/__init__.py -> /home/aavui/Desktop/User-Interface/ros2_ws/install/maincar/lib/python3.10/site-packages/maincar
[5.037s] copying /home/aavui/Desktop/User-Interface/ros2_ws/build/maincar/build/lib/maincar/ui_flask.py -> /home/aavui/Desktop/User-Interface/ros2_ws/install/maincar/lib/python3.10/site-packages/maincar
[5.038s] copying /home/aavui/Desktop/User-Interface/ros2_ws/build/maincar/build/lib/maincar/ui_fetch.py -> /home/aavui/Desktop/User-Interface/ros2_ws/install/maincar/lib/python3.10/site-packages/maincar
[5.041s] byte-compiling /home/aavui/Desktop/User-Interface/ros2_ws/install/maincar/lib/python3.10/site-packages/maincar/ui_test.py to ui_test.cpython-310.pyc
[5.043s] byte-compiling /home/aavui/Desktop/User-Interface/ros2_ws/install/maincar/lib/python3.10/site-packages/maincar/ui_push.py to ui_push.cpython-310.pyc
[5.045s] byte-compiling /home/aavui/Desktop/User-Interface/ros2_ws/install/maincar/lib/python3.10/site-packages/maincar/__init__.py to __init__.cpython-310.pyc
[5.046s] byte-compiling /home/aavui/Desktop/User-Interface/ros2_ws/install/maincar/lib/python3.10/site-packages/maincar/ui_flask.py to ui_flask.cpython-310.pyc
[5.050s] byte-compiling /home/aavui/Desktop/User-Interface/ros2_ws/install/maincar/lib/python3.10/site-packages/maincar/ui_fetch.py to ui_fetch.cpython-310.pyc
[5.051s] running install_data
[5.052s] creating /home/aavui/Desktop/User-Interface/ros2_ws/install/maincar/share/ament_index
[5.052s] creating /home/aavui/Desktop/User-Interface/ros2_ws/install/maincar/share/ament_index/resource_index
[5.053s] creating /home/aavui/Desktop/User-Interface/ros2_ws/install/maincar/share/ament_index/resource_index/packages
[5.053s] copying resource/maincar -> /home/aavui/Desktop/User-Interface/ros2_ws/install/maincar/share/ament_index/resource_index/packages
[5.054s] copying package.xml -> /home/aavui/Desktop/User-Interface/ros2_ws/install/maincar/share/maincar
[5.054s] running install_egg_info
[5.062s] Copying ../../build/maincar/maincar.egg-info to /home/aavui/Desktop/User-Interface/ros2_ws/install/maincar/lib/python3.10/site-packages/maincar-0.0.0-py3.10.egg-info
[5.070s] running install_scripts
[5.153s] Installing ui_flask script to /home/aavui/Desktop/User-Interface/ros2_ws/install/maincar/lib/maincar
[5.154s] Installing ui_mock_publish script to /home/aavui/Desktop/User-Interface/ros2_ws/install/maincar/lib/maincar
[5.156s] writing list of installed files to '/home/aavui/Desktop/User-Interface/ros2_ws/build/maincar/install.log'
[5.287s] Invoked command in '/home/aavui/Desktop/User-Interface/ros2_ws/src/maincar' returned '0': PYTHONPATH=/home/aavui/Desktop/User-Interface/ros2_ws/build/maincar/prefix_override:/usr/lib/python3/dist-packages/colcon_core/task/python/colcon_distutils_commands:/home/aavui/Desktop/User-Interface/ros2_ws/install/maincar/lib/python3.10/site-packages:${PYTHONPATH} /usr/bin/python3 -W ignore:setup.py install is deprecated -W ignore:easy_install command is deprecated setup.py egg_info --egg-base ../../build/maincar build --build-base /home/aavui/Desktop/User-Interface/ros2_ws/build/maincar/build install --record /home/aavui/Desktop/User-Interface/ros2_ws/build/maincar/install.log --single-version-externally-managed install_data
