[0.512s] DEBUG:colcon:Command line arguments: ['/usr/bin/colcon', 'build']
[0.513s] DEBUG:colcon:Parsed command line arguments: Namespace(log_base=None, log_level=None, verb_name='build', build_base='build', install_base='install', merge_install=False, symlink_install=False, test_result_base=None, continue_on_error=False, executor='parallel', parallel_workers=4, event_handlers=None, ignore_user_meta=False, metas=['./colcon.meta'], base_paths=['.'], packages_ignore=None, packages_ignore_regex=None, paths=None, packages_up_to=None, packages_up_to_regex=None, packages_above=None, packages_above_and_dependencies=None, packages_above_depth=None, packages_select_by_dep=None, packages_skip_by_dep=None, packages_skip_up_to=None, packages_select_build_failed=False, packages_skip_build_finished=False, packages_select_test_failures=False, packages_skip_test_passed=False, packages_select=None, packages_skip=None, packages_select_regex=None, packages_skip_regex=None, packages_start=None, packages_end=None, allow_overriding=[], cmake_args=None, cmake_target=None, cmake_target_skip_unavailable=False, cmake_clean_cache=False, cmake_clean_first=False, cmake_force_configure=False, ament_cmake_args=None, catkin_cmake_args=None, catkin_skip_building_tests=False, verb_parser=<colcon_defaults.argument_parser.defaults.DefaultArgumentsDecorator object at 0xffffae23b820>, verb_extension=<colcon_core.verb.build.BuildVerb object at 0xffffae420c10>, main=<bound method BuildVerb.main of <colcon_core.verb.build.BuildVerb object at 0xffffae420c10>>)
[1.444s] Level 1:colcon.colcon_core.package_discovery:discover_packages(colcon_meta) check parameters
[1.444s] Level 1:colcon.colcon_core.package_discovery:discover_packages(recursive) check parameters
[1.445s] Level 1:colcon.colcon_core.package_discovery:discover_packages(ignore) check parameters
[1.445s] Level 1:colcon.colcon_core.package_discovery:discover_packages(path) check parameters
[1.445s] Level 1:colcon.colcon_core.package_discovery:discover_packages(colcon_meta) discover
[1.445s] Level 1:colcon.colcon_core.package_discovery:discover_packages(recursive) discover
[1.445s] INFO:colcon.colcon_core.package_discovery:Crawling recursively for packages in '/home/alex/Desktop/repos/User-Interface/ros2_ws'
[1.446s] Level 1:colcon.colcon_core.package_identification:_identify(.) by extensions ['ignore', 'ignore_ament_install']
[1.446s] Level 1:colcon.colcon_core.package_identification:_identify(.) by extension 'ignore'
[1.447s] Level 1:colcon.colcon_core.package_identification:_identify(.) by extension 'ignore_ament_install'
[1.447s] Level 1:colcon.colcon_core.package_identification:_identify(.) by extensions ['colcon_pkg']
[1.447s] Level 1:colcon.colcon_core.package_identification:_identify(.) by extension 'colcon_pkg'
[1.447s] Level 1:colcon.colcon_core.package_identification:_identify(.) by extensions ['colcon_meta']
[1.447s] Level 1:colcon.colcon_core.package_identification:_identify(.) by extension 'colcon_meta'
[1.447s] Level 1:colcon.colcon_core.package_identification:_identify(.) by extensions ['ros']
[1.448s] Level 1:colcon.colcon_core.package_identification:_identify(.) by extension 'ros'
[1.503s] Level 1:colcon.colcon_core.package_identification:_identify(.) by extensions ['cmake', 'python']
[1.503s] Level 1:colcon.colcon_core.package_identification:_identify(.) by extension 'cmake'
[1.504s] Level 1:colcon.colcon_core.package_identification:_identify(.) by extension 'python'
[1.504s] Level 1:colcon.colcon_core.package_identification:_identify(.) by extensions ['python_setup_py']
[1.504s] Level 1:colcon.colcon_core.package_identification:_identify(.) by extension 'python_setup_py'
[1.504s] Level 1:colcon.colcon_core.package_identification:_identify(build) by extensions ['ignore', 'ignore_ament_install']
[1.505s] Level 1:colcon.colcon_core.package_identification:_identify(build) by extension 'ignore'
[1.505s] Level 1:colcon.colcon_core.package_identification:_identify(build) ignored
[1.506s] Level 1:colcon.colcon_core.package_identification:_identify(install) by extensions ['ignore', 'ignore_ament_install']
[1.506s] Level 1:colcon.colcon_core.package_identification:_identify(install) by extension 'ignore'
[1.506s] Level 1:colcon.colcon_core.package_identification:_identify(install) ignored
[1.508s] Level 1:colcon.colcon_core.package_identification:_identify(log) by extensions ['ignore', 'ignore_ament_install']
[1.508s] Level 1:colcon.colcon_core.package_identification:_identify(log) by extension 'ignore'
[1.508s] Level 1:colcon.colcon_core.package_identification:_identify(log) ignored
[1.509s] Level 1:colcon.colcon_core.package_identification:_identify(src) by extensions ['ignore', 'ignore_ament_install']
[1.509s] Level 1:colcon.colcon_core.package_identification:_identify(src) by extension 'ignore'
[1.509s] Level 1:colcon.colcon_core.package_identification:_identify(src) by extension 'ignore_ament_install'
[1.510s] Level 1:colcon.colcon_core.package_identification:_identify(src) by extensions ['colcon_pkg']
[1.510s] Level 1:colcon.colcon_core.package_identification:_identify(src) by extension 'colcon_pkg'
[1.510s] Level 1:colcon.colcon_core.package_identification:_identify(src) by extensions ['colcon_meta']
[1.510s] Level 1:colcon.colcon_core.package_identification:_identify(src) by extension 'colcon_meta'
[1.510s] Level 1:colcon.colcon_core.package_identification:_identify(src) by extensions ['ros']
[1.510s] Level 1:colcon.colcon_core.package_identification:_identify(src) by extension 'ros'
[1.511s] Level 1:colcon.colcon_core.package_identification:_identify(src) by extensions ['cmake', 'python']
[1.511s] Level 1:colcon.colcon_core.package_identification:_identify(src) by extension 'cmake'
[1.511s] Level 1:colcon.colcon_core.package_identification:_identify(src) by extension 'python'
[1.511s] Level 1:colcon.colcon_core.package_identification:_identify(src) by extensions ['python_setup_py']
[1.511s] Level 1:colcon.colcon_core.package_identification:_identify(src) by extension 'python_setup_py'
[1.512s] Level 1:colcon.colcon_core.package_identification:_identify(src/maincar) by extensions ['ignore', 'ignore_ament_install']
[1.512s] Level 1:colcon.colcon_core.package_identification:_identify(src/maincar) by extension 'ignore'
[1.512s] Level 1:colcon.colcon_core.package_identification:_identify(src/maincar) by extension 'ignore_ament_install'
[1.513s] Level 1:colcon.colcon_core.package_identification:_identify(src/maincar) by extensions ['colcon_pkg']
[1.513s] Level 1:colcon.colcon_core.package_identification:_identify(src/maincar) by extension 'colcon_pkg'
[1.513s] Level 1:colcon.colcon_core.package_identification:_identify(src/maincar) by extensions ['colcon_meta']
[1.513s] Level 1:colcon.colcon_core.package_identification:_identify(src/maincar) by extension 'colcon_meta'
[1.513s] Level 1:colcon.colcon_core.package_identification:_identify(src/maincar) by extensions ['ros']
[1.514s] Level 1:colcon.colcon_core.package_identification:_identify(src/maincar) by extension 'ros'
[1.525s] DEBUG:colcon.colcon_core.package_identification:Package 'src/maincar' with type 'ros.ament_python' and name 'maincar'
[1.526s] Level 1:colcon.colcon_core.package_identification:_identify(src/rtos) by extensions ['ignore', 'ignore_ament_install']
[1.527s] Level 1:colcon.colcon_core.package_identification:_identify(src/rtos) by extension 'ignore'
[1.527s] Level 1:colcon.colcon_core.package_identification:_identify(src/rtos) by extension 'ignore_ament_install'
[1.527s] Level 1:colcon.colcon_core.package_identification:_identify(src/rtos) by extensions ['colcon_pkg']
[1.527s] Level 1:colcon.colcon_core.package_identification:_identify(src/rtos) by extension 'colcon_pkg'
[1.527s] Level 1:colcon.colcon_core.package_identification:_identify(src/rtos) by extensions ['colcon_meta']
[1.528s] Level 1:colcon.colcon_core.package_identification:_identify(src/rtos) by extension 'colcon_meta'
[1.528s] Level 1:colcon.colcon_core.package_identification:_identify(src/rtos) by extensions ['ros']
[1.528s] Level 1:colcon.colcon_core.package_identification:_identify(src/rtos) by extension 'ros'
[1.531s] DEBUG:colcon.colcon_core.package_identification:Package 'src/rtos' with type 'ros.ament_cmake' and name 'rtos'
[1.531s] Level 1:colcon.colcon_core.package_discovery:discover_packages(recursive) using defaults
[1.531s] Level 1:colcon.colcon_core.package_discovery:discover_packages(ignore) discover
[1.532s] Level 1:colcon.colcon_core.package_discovery:discover_packages(ignore) using defaults
[1.532s] Level 1:colcon.colcon_core.package_discovery:discover_packages(path) discover
[1.532s] Level 1:colcon.colcon_core.package_discovery:discover_packages(path) using defaults
[1.620s] Level 1:colcon.colcon_core.package_discovery:discover_packages(prefix_path) check parameters
[1.620s] Level 1:colcon.colcon_core.package_discovery:discover_packages(prefix_path) discover
[1.642s] DEBUG:colcon.colcon_installed_package_information.package_discovery:Found 272 installed packages in /opt/ros/humble
[1.688s] Level 1:colcon.colcon_core.package_discovery:discover_packages(prefix_path) using defaults
[1.878s] Level 5:colcon.colcon_core.verb:set package 'maincar' build argument 'cmake_args' from command line to 'None'
[1.878s] Level 5:colcon.colcon_core.verb:set package 'maincar' build argument 'cmake_target' from command line to 'None'
[1.879s] Level 5:colcon.colcon_core.verb:set package 'maincar' build argument 'cmake_target_skip_unavailable' from command line to 'False'
[1.879s] Level 5:colcon.colcon_core.verb:set package 'maincar' build argument 'cmake_clean_cache' from command line to 'False'
[1.879s] Level 5:colcon.colcon_core.verb:set package 'maincar' build argument 'cmake_clean_first' from command line to 'False'
[1.879s] Level 5:colcon.colcon_core.verb:set package 'maincar' build argument 'cmake_force_configure' from command line to 'False'
[1.879s] Level 5:colcon.colcon_core.verb:set package 'maincar' build argument 'ament_cmake_args' from command line to 'None'
[1.879s] Level 5:colcon.colcon_core.verb:set package 'maincar' build argument 'catkin_cmake_args' from command line to 'None'
[1.879s] Level 5:colcon.colcon_core.verb:set package 'maincar' build argument 'catkin_skip_building_tests' from command line to 'False'
[1.880s] DEBUG:colcon.colcon_core.verb:Building package 'maincar' with the following arguments: {'ament_cmake_args': None, 'build_base': '/home/alex/Desktop/repos/User-Interface/ros2_ws/build/maincar', 'catkin_cmake_args': None, 'catkin_skip_building_tests': False, 'cmake_args': None, 'cmake_clean_cache': False, 'cmake_clean_first': False, 'cmake_force_configure': False, 'cmake_target': None, 'cmake_target_skip_unavailable': False, 'install_base': '/home/alex/Desktop/repos/User-Interface/ros2_ws/install/maincar', 'merge_install': False, 'path': '/home/alex/Desktop/repos/User-Interface/ros2_ws/src/maincar', 'symlink_install': False, 'test_result_base': None}
[1.881s] Level 5:colcon.colcon_core.verb:set package 'rtos' build argument 'cmake_args' from command line to 'None'
[1.881s] Level 5:colcon.colcon_core.verb:set package 'rtos' build argument 'cmake_target' from command line to 'None'
[1.882s] Level 5:colcon.colcon_core.verb:set package 'rtos' build argument 'cmake_target_skip_unavailable' from command line to 'False'
[1.882s] Level 5:colcon.colcon_core.verb:set package 'rtos' build argument 'cmake_clean_cache' from command line to 'False'
[1.882s] Level 5:colcon.colcon_core.verb:set package 'rtos' build argument 'cmake_clean_first' from command line to 'False'
[1.882s] Level 5:colcon.colcon_core.verb:set package 'rtos' build argument 'cmake_force_configure' from command line to 'False'
[1.882s] Level 5:colcon.colcon_core.verb:set package 'rtos' build argument 'ament_cmake_args' from command line to 'None'
[1.882s] Level 5:colcon.colcon_core.verb:set package 'rtos' build argument 'catkin_cmake_args' from command line to 'None'
[1.882s] Level 5:colcon.colcon_core.verb:set package 'rtos' build argument 'catkin_skip_building_tests' from command line to 'False'
[1.882s] DEBUG:colcon.colcon_core.verb:Building package 'rtos' with the following arguments: {'ament_cmake_args': None, 'build_base': '/home/alex/Desktop/repos/User-Interface/ros2_ws/build/rtos', 'catkin_cmake_args': None, 'catkin_skip_building_tests': False, 'cmake_args': None, 'cmake_clean_cache': False, 'cmake_clean_first': False, 'cmake_force_configure': False, 'cmake_target': None, 'cmake_target_skip_unavailable': False, 'install_base': '/home/alex/Desktop/repos/User-Interface/ros2_ws/install/rtos', 'merge_install': False, 'path': '/home/alex/Desktop/repos/User-Interface/ros2_ws/src/rtos', 'symlink_install': False, 'test_result_base': None}
[1.883s] INFO:colcon.colcon_core.executor:Executing jobs using 'parallel' executor
[1.887s] DEBUG:colcon.colcon_parallel_executor.executor.parallel:run_until_complete
[1.887s] INFO:colcon.colcon_ros.task.ament_python.build:Building ROS package in '/home/alex/Desktop/repos/User-Interface/ros2_ws/src/maincar' with build type 'ament_python'
[1.888s] Level 1:colcon.colcon_core.shell:create_environment_hook('maincar', 'ament_prefix_path')
[1.898s] INFO:colcon.colcon_core.plugin_system:Skipping extension 'colcon_core.shell.bat': Not used on non-Windows systems
[1.899s] INFO:colcon.colcon_core.shell:Creating environment hook '/home/alex/Desktop/repos/User-Interface/ros2_ws/install/maincar/share/maincar/hook/ament_prefix_path.ps1'
[1.903s] INFO:colcon.colcon_core.shell:Creating environment descriptor '/home/alex/Desktop/repos/User-Interface/ros2_ws/install/maincar/share/maincar/hook/ament_prefix_path.dsv'
[1.906s] INFO:colcon.colcon_core.shell:Creating environment hook '/home/alex/Desktop/repos/User-Interface/ros2_ws/install/maincar/share/maincar/hook/ament_prefix_path.sh'
[1.911s] INFO:colcon.colcon_core.shell:Skip shell extension 'powershell' for command environment: Not usable outside of PowerShell
[1.911s] DEBUG:colcon.colcon_core.shell:Skip shell extension 'dsv' for command environment
[1.936s] INFO:colcon.colcon_ros.task.ament_cmake.build:Building ROS package in '/home/alex/Desktop/repos/User-Interface/ros2_ws/src/rtos' with build type 'ament_cmake'
[1.937s] INFO:colcon.colcon_cmake.task.cmake.build:Building CMake package in '/home/alex/Desktop/repos/User-Interface/ros2_ws/src/rtos'
[1.939s] INFO:colcon.colcon_core.shell:Skip shell extension 'powershell' for command environment: Not usable outside of PowerShell
[1.941s] DEBUG:colcon.colcon_core.shell:Skip shell extension 'dsv' for command environment
[3.368s] INFO:colcon.colcon_core.task.python.build:Building Python package in '/home/alex/Desktop/repos/User-Interface/ros2_ws/src/maincar'
[3.369s] INFO:colcon.colcon_core.shell:Skip shell extension 'powershell' for command environment: Not usable outside of PowerShell
[3.369s] DEBUG:colcon.colcon_core.shell:Skip shell extension 'dsv' for command environment
[3.410s] DEBUG:colcon.colcon_core.event_handler.log_command:Invoking command in '/home/alex/Desktop/repos/User-Interface/ros2_ws/build/rtos': CMAKE_PREFIX_PATH=/opt/ros/humble /usr/bin/cmake /home/alex/Desktop/repos/User-Interface/ros2_ws/src/rtos -DCMAKE_INSTALL_PREFIX=/home/alex/Desktop/repos/User-Interface/ros2_ws/install/rtos
[5.394s] DEBUG:colcon.colcon_core.event_handler.log_command:Invoking command in '/home/alex/Desktop/repos/User-Interface/ros2_ws/src/maincar': PYTHONPATH=/home/alex/Desktop/repos/User-Interface/ros2_ws/build/maincar/prefix_override:/usr/lib/python3/dist-packages/colcon_core/task/python/colcon_distutils_commands:/home/alex/Desktop/repos/User-Interface/ros2_ws/install/maincar/lib/python3.10/site-packages:${PYTHONPATH} /usr/bin/python3 -W ignore:setup.py install is deprecated -W ignore:easy_install command is deprecated setup.py egg_info --egg-base ../../build/maincar build --build-base /home/alex/Desktop/repos/User-Interface/ros2_ws/build/maincar/build install --record /home/alex/Desktop/repos/User-Interface/ros2_ws/build/maincar/install.log --single-version-externally-managed install_data
[6.923s] DEBUG:colcon.colcon_core.event_handler.log_command:Invoked command in '/home/alex/Desktop/repos/User-Interface/ros2_ws/build/rtos' returned '0': CMAKE_PREFIX_PATH=/opt/ros/humble /usr/bin/cmake /home/alex/Desktop/repos/User-Interface/ros2_ws/src/rtos -DCMAKE_INSTALL_PREFIX=/home/alex/Desktop/repos/User-Interface/ros2_ws/install/rtos
[6.935s] DEBUG:colcon.colcon_core.event_handler.log_command:Invoking command in '/home/alex/Desktop/repos/User-Interface/ros2_ws/build/rtos': CMAKE_PREFIX_PATH=/opt/ros/humble /usr/bin/cmake --build /home/alex/Desktop/repos/User-Interface/ros2_ws/build/rtos -- -j4 -l4
[7.280s] DEBUG:colcon.colcon_core.event_handler.log_command:Invoked command in '/home/alex/Desktop/repos/User-Interface/ros2_ws/src/maincar' returned '0': PYTHONPATH=/home/alex/Desktop/repos/User-Interface/ros2_ws/build/maincar/prefix_override:/usr/lib/python3/dist-packages/colcon_core/task/python/colcon_distutils_commands:/home/alex/Desktop/repos/User-Interface/ros2_ws/install/maincar/lib/python3.10/site-packages:${PYTHONPATH} /usr/bin/python3 -W ignore:setup.py install is deprecated -W ignore:easy_install command is deprecated setup.py egg_info --egg-base ../../build/maincar build --build-base /home/alex/Desktop/repos/User-Interface/ros2_ws/build/maincar/build install --record /home/alex/Desktop/repos/User-Interface/ros2_ws/build/maincar/install.log --single-version-externally-managed install_data
[7.294s] Level 1:colcon.colcon_core.environment:checking '/home/alex/Desktop/repos/User-Interface/ros2_ws/install/maincar' for CMake module files
[7.297s] Level 1:colcon.colcon_core.environment:checking '/home/alex/Desktop/repos/User-Interface/ros2_ws/install/maincar' for CMake config files
[7.302s] Level 1:colcon.colcon_core.environment:checking '/home/alex/Desktop/repos/User-Interface/ros2_ws/install/maincar/lib'
[7.303s] Level 1:colcon.colcon_core.environment:checking '/home/alex/Desktop/repos/User-Interface/ros2_ws/install/maincar/bin'
[7.304s] Level 1:colcon.colcon_core.environment:checking '/home/alex/Desktop/repos/User-Interface/ros2_ws/install/maincar/lib/pkgconfig/maincar.pc'
[7.305s] Level 1:colcon.colcon_core.environment:checking '/home/alex/Desktop/repos/User-Interface/ros2_ws/install/maincar/lib/python3.10/site-packages'
[7.305s] Level 1:colcon.colcon_core.shell:create_environment_hook('maincar', 'pythonpath')
[7.306s] INFO:colcon.colcon_core.shell:Creating environment hook '/home/alex/Desktop/repos/User-Interface/ros2_ws/install/maincar/share/maincar/hook/pythonpath.ps1'
[7.309s] INFO:colcon.colcon_core.shell:Creating environment descriptor '/home/alex/Desktop/repos/User-Interface/ros2_ws/install/maincar/share/maincar/hook/pythonpath.dsv'
[7.311s] INFO:colcon.colcon_core.shell:Creating environment hook '/home/alex/Desktop/repos/User-Interface/ros2_ws/install/maincar/share/maincar/hook/pythonpath.sh'
[7.315s] Level 1:colcon.colcon_core.environment:checking '/home/alex/Desktop/repos/User-Interface/ros2_ws/install/maincar/bin'
[7.315s] Level 1:colcon.colcon_core.environment:create_environment_scripts_only(maincar)
[7.316s] INFO:colcon.colcon_core.shell:Creating package script '/home/alex/Desktop/repos/User-Interface/ros2_ws/install/maincar/share/maincar/package.ps1'
[7.321s] INFO:colcon.colcon_core.shell:Creating package descriptor '/home/alex/Desktop/repos/User-Interface/ros2_ws/install/maincar/share/maincar/package.dsv'
[7.324s] INFO:colcon.colcon_core.shell:Creating package script '/home/alex/Desktop/repos/User-Interface/ros2_ws/install/maincar/share/maincar/package.sh'
[7.329s] INFO:colcon.colcon_core.shell:Creating package script '/home/alex/Desktop/repos/User-Interface/ros2_ws/install/maincar/share/maincar/package.bash'
[7.333s] INFO:colcon.colcon_core.shell:Creating package script '/home/alex/Desktop/repos/User-Interface/ros2_ws/install/maincar/share/maincar/package.zsh'
[7.336s] Level 1:colcon.colcon_core.environment:create_file_with_runtime_dependencies(/home/alex/Desktop/repos/User-Interface/ros2_ws/install/maincar/share/colcon-core/packages/maincar)
[52.428s] DEBUG:colcon.colcon_core.event_handler.log_command:Invoked command in '/home/alex/Desktop/repos/User-Interface/ros2_ws/build/rtos' returned '0': CMAKE_PREFIX_PATH=/opt/ros/humble /usr/bin/cmake --build /home/alex/Desktop/repos/User-Interface/ros2_ws/build/rtos -- -j4 -l4
[52.475s] DEBUG:colcon.colcon_core.event_handler.log_command:Invoking command in '/home/alex/Desktop/repos/User-Interface/ros2_ws/build/rtos': CMAKE_PREFIX_PATH=/opt/ros/humble /usr/bin/cmake --install /home/alex/Desktop/repos/User-Interface/ros2_ws/build/rtos
[52.579s] Level 1:colcon.colcon_core.environment:create_environment_scripts_only(rtos)
[52.581s] Level 1:colcon.colcon_core.environment:checking '/home/alex/Desktop/repos/User-Interface/ros2_ws/install/rtos' for CMake module files
[52.582s] DEBUG:colcon.colcon_core.event_handler.log_command:Invoked command in '/home/alex/Desktop/repos/User-Interface/ros2_ws/build/rtos' returned '0': CMAKE_PREFIX_PATH=/opt/ros/humble /usr/bin/cmake --install /home/alex/Desktop/repos/User-Interface/ros2_ws/build/rtos
[52.585s] Level 1:colcon.colcon_core.environment:checking '/home/alex/Desktop/repos/User-Interface/ros2_ws/install/rtos' for CMake config files
[52.587s] Level 1:colcon.colcon_core.shell:create_environment_hook('rtos', 'cmake_prefix_path')
[52.588s] INFO:colcon.colcon_core.shell:Creating environment hook '/home/alex/Desktop/repos/User-Interface/ros2_ws/install/rtos/share/rtos/hook/cmake_prefix_path.ps1'
[52.590s] INFO:colcon.colcon_core.shell:Creating environment descriptor '/home/alex/Desktop/repos/User-Interface/ros2_ws/install/rtos/share/rtos/hook/cmake_prefix_path.dsv'
[52.592s] INFO:colcon.colcon_core.shell:Creating environment hook '/home/alex/Desktop/repos/User-Interface/ros2_ws/install/rtos/share/rtos/hook/cmake_prefix_path.sh'
[52.595s] Level 1:colcon.colcon_core.environment:checking '/home/alex/Desktop/repos/User-Interface/ros2_ws/install/rtos/lib'
[52.596s] Level 1:colcon.colcon_core.environment:checking '/home/alex/Desktop/repos/User-Interface/ros2_ws/install/rtos/bin'
[52.596s] Level 1:colcon.colcon_core.environment:checking '/home/alex/Desktop/repos/User-Interface/ros2_ws/install/rtos/lib/pkgconfig/rtos.pc'
[52.597s] Level 1:colcon.colcon_core.environment:checking '/home/alex/Desktop/repos/User-Interface/ros2_ws/install/rtos/lib/python3.10/site-packages'
[52.599s] Level 1:colcon.colcon_core.environment:checking '/home/alex/Desktop/repos/User-Interface/ros2_ws/install/rtos/bin'
[52.600s] INFO:colcon.colcon_core.shell:Creating package script '/home/alex/Desktop/repos/User-Interface/ros2_ws/install/rtos/share/rtos/package.ps1'
[52.603s] INFO:colcon.colcon_core.shell:Creating package descriptor '/home/alex/Desktop/repos/User-Interface/ros2_ws/install/rtos/share/rtos/package.dsv'
[52.606s] INFO:colcon.colcon_core.shell:Creating package script '/home/alex/Desktop/repos/User-Interface/ros2_ws/install/rtos/share/rtos/package.sh'
[52.611s] INFO:colcon.colcon_core.shell:Creating package script '/home/alex/Desktop/repos/User-Interface/ros2_ws/install/rtos/share/rtos/package.bash'
[52.613s] INFO:colcon.colcon_core.shell:Creating package script '/home/alex/Desktop/repos/User-Interface/ros2_ws/install/rtos/share/rtos/package.zsh'
[52.616s] Level 1:colcon.colcon_core.environment:create_file_with_runtime_dependencies(/home/alex/Desktop/repos/User-Interface/ros2_ws/install/rtos/share/colcon-core/packages/rtos)
[52.619s] Level 1:colcon.colcon_core.environment:create_environment_scripts_only(rtos)
[52.620s] Level 1:colcon.colcon_core.environment:checking '/home/alex/Desktop/repos/User-Interface/ros2_ws/install/rtos' for CMake module files
[52.624s] Level 1:colcon.colcon_core.environment:checking '/home/alex/Desktop/repos/User-Interface/ros2_ws/install/rtos' for CMake config files
[52.625s] Level 1:colcon.colcon_core.shell:create_environment_hook('rtos', 'cmake_prefix_path')
[52.626s] INFO:colcon.colcon_core.shell:Creating environment hook '/home/alex/Desktop/repos/User-Interface/ros2_ws/install/rtos/share/rtos/hook/cmake_prefix_path.ps1'
[52.629s] INFO:colcon.colcon_core.shell:Creating environment descriptor '/home/alex/Desktop/repos/User-Interface/ros2_ws/install/rtos/share/rtos/hook/cmake_prefix_path.dsv'
[52.632s] INFO:colcon.colcon_core.shell:Creating environment hook '/home/alex/Desktop/repos/User-Interface/ros2_ws/install/rtos/share/rtos/hook/cmake_prefix_path.sh'
[52.635s] Level 1:colcon.colcon_core.environment:checking '/home/alex/Desktop/repos/User-Interface/ros2_ws/install/rtos/lib'
[52.636s] Level 1:colcon.colcon_core.environment:checking '/home/alex/Desktop/repos/User-Interface/ros2_ws/install/rtos/bin'
[52.636s] Level 1:colcon.colcon_core.environment:checking '/home/alex/Desktop/repos/User-Interface/ros2_ws/install/rtos/lib/pkgconfig/rtos.pc'
[52.637s] Level 1:colcon.colcon_core.environment:checking '/home/alex/Desktop/repos/User-Interface/ros2_ws/install/rtos/lib/python3.10/site-packages'
[52.639s] Level 1:colcon.colcon_core.environment:checking '/home/alex/Desktop/repos/User-Interface/ros2_ws/install/rtos/bin'
[52.640s] INFO:colcon.colcon_core.shell:Creating package script '/home/alex/Desktop/repos/User-Interface/ros2_ws/install/rtos/share/rtos/package.ps1'
[52.643s] INFO:colcon.colcon_core.shell:Creating package descriptor '/home/alex/Desktop/repos/User-Interface/ros2_ws/install/rtos/share/rtos/package.dsv'
[52.646s] INFO:colcon.colcon_core.shell:Creating package script '/home/alex/Desktop/repos/User-Interface/ros2_ws/install/rtos/share/rtos/package.sh'
[52.648s] INFO:colcon.colcon_core.shell:Creating package script '/home/alex/Desktop/repos/User-Interface/ros2_ws/install/rtos/share/rtos/package.bash'
[52.651s] INFO:colcon.colcon_core.shell:Creating package script '/home/alex/Desktop/repos/User-Interface/ros2_ws/install/rtos/share/rtos/package.zsh'
[52.653s] Level 1:colcon.colcon_core.environment:create_file_with_runtime_dependencies(/home/alex/Desktop/repos/User-Interface/ros2_ws/install/rtos/share/colcon-core/packages/rtos)
[52.655s] DEBUG:colcon.colcon_parallel_executor.executor.parallel:closing loop
[52.656s] DEBUG:colcon.colcon_parallel_executor.executor.parallel:loop closed
[52.657s] DEBUG:colcon.colcon_parallel_executor.executor.parallel:run_until_complete finished with '0'
[52.657s] DEBUG:colcon.colcon_core.event_reactor:joining thread
[52.685s] INFO:colcon.colcon_core.plugin_system:Skipping extension 'colcon_notification.desktop_notification.terminal_notifier': Not used on non-Darwin systems
[52.685s] INFO:colcon.colcon_core.plugin_system:Skipping extension 'colcon_notification.desktop_notification.win32': Not used on non-Windows systems
[52.686s] INFO:colcon.colcon_notification.desktop_notification:Sending desktop notification using 'notify2'
[52.752s] DEBUG:colcon.colcon_core.event_reactor:joined thread
[52.753s] INFO:colcon.colcon_core.shell:Creating prefix script '/home/alex/Desktop/repos/User-Interface/ros2_ws/install/local_setup.ps1'
[52.758s] INFO:colcon.colcon_core.shell:Creating prefix util module '/home/alex/Desktop/repos/User-Interface/ros2_ws/install/_local_setup_util_ps1.py'
[52.766s] INFO:colcon.colcon_core.shell:Creating prefix chain script '/home/alex/Desktop/repos/User-Interface/ros2_ws/install/setup.ps1'
[52.775s] INFO:colcon.colcon_core.shell:Creating prefix script '/home/alex/Desktop/repos/User-Interface/ros2_ws/install/local_setup.sh'
[52.780s] INFO:colcon.colcon_core.shell:Creating prefix util module '/home/alex/Desktop/repos/User-Interface/ros2_ws/install/_local_setup_util_sh.py'
[52.787s] INFO:colcon.colcon_core.shell:Creating prefix chain script '/home/alex/Desktop/repos/User-Interface/ros2_ws/install/setup.sh'
[52.797s] INFO:colcon.colcon_core.shell:Creating prefix script '/home/alex/Desktop/repos/User-Interface/ros2_ws/install/local_setup.bash'
[52.803s] INFO:colcon.colcon_core.shell:Creating prefix chain script '/home/alex/Desktop/repos/User-Interface/ros2_ws/install/setup.bash'
[52.811s] INFO:colcon.colcon_core.shell:Creating prefix script '/home/alex/Desktop/repos/User-Interface/ros2_ws/install/local_setup.zsh'
[52.818s] INFO:colcon.colcon_core.shell:Creating prefix chain script '/home/alex/Desktop/repos/User-Interface/ros2_ws/install/setup.zsh'
