[4.138s] Invoking command in '/home/aavui/Desktop/User-Interface/ros2_ws/src/maincar': PYTHONPATH=/home/aavui/Desktop/User-Interface/ros2_ws/build/maincar/prefix_override:/usr/lib/python3/dist-packages/colcon_core/task/python/colcon_distutils_commands:/home/aavui/Desktop/User-Interface/ros2_ws/install/maincar/lib/python3.10/site-packages:${PYTHONPATH} /usr/bin/python3 -W ignore:setup.py install is deprecated -W ignore:easy_install command is deprecated setup.py egg_info --egg-base ../../build/maincar build --build-base /home/aavui/Desktop/User-Interface/ros2_ws/build/maincar/build install --record /home/aavui/Desktop/User-Interface/ros2_ws/build/maincar/install.log --single-version-externally-managed install_data
[5.591s] running egg_info
[5.595s] writing ../../build/maincar/maincar.egg-info/PKG-INFO
[5.596s] writing dependency_links to ../../build/maincar/maincar.egg-info/dependency_links.txt
[5.597s] writing entry points to ../../build/maincar/maincar.egg-info/entry_points.txt
[5.598s] writing requirements to ../../build/maincar/maincar.egg-info/requires.txt
[5.599s] writing top-level names to ../../build/maincar/maincar.egg-info/top_level.txt
[5.615s] reading manifest file '../../build/maincar/maincar.egg-info/SOURCES.txt'
[5.619s] writing manifest file '../../build/maincar/maincar.egg-info/SOURCES.txt'
[5.620s] running build
[5.621s] running build_py
[5.623s] running install
[5.625s] running install_lib
[5.631s] running install_data
[5.631s] running install_egg_info
[5.639s] removing '/home/aavui/Desktop/User-Interface/ros2_ws/install/maincar/lib/python3.10/site-packages/maincar-0.0.0-py3.10.egg-info' (and everything under it)
[5.641s] Copying ../../build/maincar/maincar.egg-info to /home/aavui/Desktop/User-Interface/ros2_ws/install/maincar/lib/python3.10/site-packages/maincar-0.0.0-py3.10.egg-info
[5.648s] running install_scripts
[5.743s] Installing ui_flask script to /home/aavui/Desktop/User-Interface/ros2_ws/install/maincar/lib/maincar
[5.744s] Installing ui_mock_publish script to /home/aavui/Desktop/User-Interface/ros2_ws/install/maincar/lib/maincar
[5.746s] writing list of installed files to '/home/aavui/Desktop/User-Interface/ros2_ws/build/maincar/install.log'
[5.883s] Invoked command in '/home/aavui/Desktop/User-Interface/ros2_ws/src/maincar' returned '0': PYTHONPATH=/home/aavui/Desktop/User-Interface/ros2_ws/build/maincar/prefix_override:/usr/lib/python3/dist-packages/colcon_core/task/python/colcon_distutils_commands:/home/aavui/Desktop/User-Interface/ros2_ws/install/maincar/lib/python3.10/site-packages:${PYTHONPATH} /usr/bin/python3 -W ignore:setup.py install is deprecated -W ignore:easy_install command is deprecated setup.py egg_info --egg-base ../../build/maincar build --build-base /home/aavui/Desktop/User-Interface/ros2_ws/build/maincar/build install --record /home/aavui/Desktop/User-Interface/ros2_ws/build/maincar/install.log --single-version-externally-managed install_data
